Archive member included to satisfy reference by file (symbol)

core/libcore.a(tag.c.obj)     CMakeFiles/ReceiveMessages.dir/lib/schedule.c.obj (lf_time_logical)
core/libcore.a(reactor_common.c.obj)
                              CMakeFiles/ReceiveMessages.dir/ReceiveMessages.c.obj (_lf_allocate)
core/libcore.a(lf_token.c.obj)
                              CMakeFiles/ReceiveMessages.dir/_receivemessages_main.c.obj (_lf_initialize_token_with_value)
core/libcore.a(environment.c.obj)
                              core/libcore.a(reactor_common.c.obj) (environment_free)
core/libcore.a(reactor.c.obj)
                              CMakeFiles/ReceiveMessages.dir/_receivemessages_main.c.obj (_lf_set_present)
core/libcore.a(vector.c.obj)  core/libcore.a(reactor_common.c.obj) (vector_at)
core/libcore.a(pqueue.c.obj)  core/libcore.a(environment.c.obj) (pqueue_init)
core/libcore.a(util.c.obj)    core/libcore.a(reactor_common.c.obj) (lf_print)
core/libcore.a(hashset.c.obj)
                              core/libcore.a(lf_token.c.obj) (hashset_num_items)
core/libcore.a(hashset_itr.c.obj)
                              core/libcore.a(lf_token.c.obj) (hashset_iterator)
core/libcore.a(lf_rp2040_support.c.obj)
                              core/libcore.a(reactor.c.obj) (_lf_initialize_clock)
robot/librobot.a(display.c.obj)
                              CMakeFiles/ReceiveMessages.dir/_display.c.obj (display_set_font)
robot/librobot.a(font_8x8.c.obj)
                              robot/librobot.a(display.c.obj) (font_8x8)
robot/librobot.a(font_8x16.c.obj)
                              CMakeFiles/ReceiveMessages.dir/_display.c.obj (font_8x16)
robot/librobot.a(sh1106.c.obj)
                              robot/librobot.a(display.c.obj) (sh1106_transfer_start)
/usr/lib/gcc/arm-none-eabi/10.3.1/thumb/v6-m/nofp/libgcc.a(_dvmd_tls.o)
                              CMakeFiles/ReceiveMessages.dir/home/foobar/pico-sdk/src/rp2_common/pico_divider/divider.S.obj (__aeabi_idiv0)
/usr/lib/gcc/arm-none-eabi/10.3.1/../../../arm-none-eabi/lib/thumb/v6-m/nofp/libc.a(lib_a-atexit.o)
                              /usr/lib/gcc/arm-none-eabi/10.3.1/../../../arm-none-eabi/lib/thumb/v6-m/nofp/crt0.o (atexit)
/usr/lib/gcc/arm-none-eabi/10.3.1/../../../arm-none-eabi/lib/thumb/v6-m/nofp/libc.a(lib_a-atoi.o)
                              core/libcore.a(reactor_common.c.obj) (atoi)
/usr/lib/gcc/arm-none-eabi/10.3.1/../../../arm-none-eabi/lib/thumb/v6-m/nofp/libc.a(lib_a-atoll.o)
                              core/libcore.a(reactor_common.c.obj) (atoll)
/usr/lib/gcc/arm-none-eabi/10.3.1/../../../arm-none-eabi/lib/thumb/v6-m/nofp/libc.a(lib_a-calloc.o)
                              CMakeFiles/ReceiveMessages.dir/home/foobar/pico-sdk/src/rp2_common/pico_malloc/pico_malloc.c.obj (calloc)
/usr/lib/gcc/arm-none-eabi/10.3.1/../../../arm-none-eabi/lib/thumb/v6-m/nofp/libc.a(lib_a-callocr.o)
                              /usr/lib/gcc/arm-none-eabi/10.3.1/../../../arm-none-eabi/lib/thumb/v6-m/nofp/libc.a(lib_a-calloc.o) (_calloc_r)
/usr/lib/gcc/arm-none-eabi/10.3.1/../../../arm-none-eabi/lib/thumb/v6-m/nofp/libc.a(lib_a-fini.o)
                              /usr/lib/gcc/arm-none-eabi/10.3.1/../../../arm-none-eabi/lib/thumb/v6-m/nofp/crt0.o (__libc_fini_array)
/usr/lib/gcc/arm-none-eabi/10.3.1/../../../arm-none-eabi/lib/thumb/v6-m/nofp/libc.a(lib_a-impure.o)
                              core/libcore.a(util.c.obj) (_impure_ptr)
/usr/lib/gcc/arm-none-eabi/10.3.1/../../../arm-none-eabi/lib/thumb/v6-m/nofp/libc.a(lib_a-init.o)
                              /usr/lib/gcc/arm-none-eabi/10.3.1/../../../arm-none-eabi/lib/thumb/v6-m/nofp/crt0.o (__libc_init_array)
/usr/lib/gcc/arm-none-eabi/10.3.1/../../../arm-none-eabi/lib/thumb/v6-m/nofp/libc.a(lib_a-malloc.o)
                              CMakeFiles/ReceiveMessages.dir/home/foobar/pico-sdk/src/rp2_common/pico_malloc/pico_malloc.c.obj (malloc)
/usr/lib/gcc/arm-none-eabi/10.3.1/../../../arm-none-eabi/lib/thumb/v6-m/nofp/libc.a(lib_a-mallocr.o)
                              /usr/lib/gcc/arm-none-eabi/10.3.1/../../../arm-none-eabi/lib/thumb/v6-m/nofp/libc.a(lib_a-callocr.o) (_malloc_r)
/usr/lib/gcc/arm-none-eabi/10.3.1/../../../arm-none-eabi/lib/thumb/v6-m/nofp/libc.a(lib_a-mlock.o)
                              /usr/lib/gcc/arm-none-eabi/10.3.1/../../../arm-none-eabi/lib/thumb/v6-m/nofp/libc.a(lib_a-mallocr.o) (__malloc_lock)
/usr/lib/gcc/arm-none-eabi/10.3.1/../../../arm-none-eabi/lib/thumb/v6-m/nofp/libc.a(lib_a-realloc.o)
                              CMakeFiles/ReceiveMessages.dir/home/foobar/pico-sdk/src/rp2_common/pico_malloc/pico_malloc.c.obj (realloc)
/usr/lib/gcc/arm-none-eabi/10.3.1/../../../arm-none-eabi/lib/thumb/v6-m/nofp/libc.a(lib_a-reallocr.o)
                              /usr/lib/gcc/arm-none-eabi/10.3.1/../../../arm-none-eabi/lib/thumb/v6-m/nofp/libc.a(lib_a-realloc.o) (_realloc_r)
/usr/lib/gcc/arm-none-eabi/10.3.1/../../../arm-none-eabi/lib/thumb/v6-m/nofp/libc.a(lib_a-sbrkr.o)
[...]
Memory Configuration

Name             Origin             Length             Attributes
FLASH            0x0000000010000000 0x0000000000200000 xr
RAM              0x0000000020000000 0x0000000000040000 xrw
SCRATCH_X        0x0000000020040000 0x0000000000001000 xrw
SCRATCH_Y        0x0000000020041000 0x0000000000001000 xrw
*default*        0x0000000000000000 0xffffffffffffffff

Linker script and memory map

LOAD /usr/lib/gcc/arm-none-eabi/10.3.1/thumb/v6-m/nofp/crti.o
LOAD /usr/lib/gcc/arm-none-eabi/10.3.1/thumb/v6-m/nofp/crtbegin.o
LOAD /usr/lib/gcc/arm-none-eabi/10.3.1/../../../arm-none-eabi/lib/thumb/v6-m/nofp/crt0.o

.flash_begin    0x0000000010000000        0x0
                0x0000000010000000                __flash_binary_start = .

.boot2          0x0000000010000000      0x100
                0x0000000010000000                __boot2_start__ = .
 *(.boot2)
 .boot2         0x0000000010000000      0x100 /tmp/ccB0RbaL.o
                0x0000000010000100                __boot2_end__ = .
                0x0000000000000001                ASSERT (((__boot2_end__ - __boot2_start__) == 0x100), ERROR: Pico second stage bootloader must be 256 bytes in size)

.text           0x0000000010000100     0xdb28
                0x0000000010000100                __logical_binary_start = .
 *(.vectors)
 .vectors       0x0000000010000100       0xd4 CMakeFiles/ReceiveMessages.dir/home/foobar/pico-sdk/src/rp2_common/pico_standard_link/crt0.S.obj
                0x0000000010000100                __vectors
                0x0000000010000100                __VECTOR_TABLE
                0x00000000100001c0                isr_invalid
                0x00000000100001c0                __default_isrs_start
                0x00000000100001c2                isr_nmi
                0x00000000100001c4                isr_hardfault
                0x00000000100001c6                isr_svcall
                0x00000000100001c8                isr_pendsv
                0x00000000100001ca                isr_systick
                0x00000000100001cc                isr_irq30
                0x00000000100001cc                __unhandled_user_irq
                0x00000000100001cc                isr_irq13
                0x00000000100001cc                isr_irq27
                0x00000000100001cc                isr_irq31
                0x00000000100001cc                isr_irq5
                0x00000000100001cc                isr_irq11
                0x00000000100001cc                isr_irq23
                0x00000000100001cc                isr_irq18
                0x00000000100001cc                isr_irq28
                0x00000000100001cc                isr_irq19
                0x00000000100001cc                isr_irq0
                0x00000000100001cc                isr_irq6
                0x00000000100001cc                isr_irq22
                0x00000000100001cc                isr_irq17
                0x00000000100001cc                isr_irq14
                0x00000000100001cc                isr_irq2
                0x00000000100001cc                isr_irq10
                0x00000000100001cc                isr_irq8
                0x00000000100001cc                isr_irq24
                0x00000000100001cc                isr_irq1
                0x00000000100001cc                isr_irq7
                0x00000000100001cc                isr_irq21
                0x00000000100001cc                isr_irq20
                0x00000000100001cc                isr_irq15
                0x00000000100001cc                isr_irq25
                0x00000000100001cc                isr_irq4
                0x00000000100001cc                isr_irq16
                0x00000000100001cc                isr_irq29
                0x00000000100001cc                isr_irq26
                0x00000000100001cc                __default_isrs_end
                0x00000000100001cc                isr_irq3
                0x00000000100001cc                isr_irq12
                0x00000000100001cc                isr_irq9
                0x00000000100001d2                unhandled_user_irq_num_in_r0
 *(.binary_info_header)
 .binary_info_header
                0x00000000100001d4       0x14 CMakeFiles/ReceiveMessages.dir/home/foobar/pico-sdk/src/rp2_common/pico_standard_link/crt0.S.obj
                0x00000000100001e8                __binary_info_header_end = .
 *(.reset)
 .reset         0x00000000100001e8       0xa0 CMakeFiles/ReceiveMessages.dir/home/foobar/pico-sdk/src/rp2_common/pico_standard_link/crt0.S.obj
                0x00000000100001e8                _entry_point
 .reset         0x0000000010000288       0x30 CMakeFiles/ReceiveMessages.dir/home/foobar/pico-sdk/src/rp2_common/pico_standard_link/binary_info.c.obj
 *(.init)
 .init          0x00000000100002b8        0x4 /usr/lib/gcc/arm-none-eabi/10.3.1/thumb/v6-m/nofp/crti.o
                0x00000000100002b8                _init
 *(EXCLUDE_FILE(*libm.a: *libc.a:*lib_a-mem*.o *libgcc.a:) .text*)
 .text          0x00000000100002bc       0x98 /usr/lib/gcc/arm-none-eabi/10.3.1/thumb/v6-m/nofp/crtbegin.o
 .text._receivemessages_mainreaction_function_1
                0x0000000010000354      0x140 CMakeFiles/ReceiveMessages.dir/_receivemessages_main.c.obj
                0x0000000010000354                _receivemessages_mainreaction_function_1
 .text._receivemessages_mainreaction_function_0
                0x0000000010000494       0xf0 CMakeFiles/ReceiveMessages.dir/_receivemessages_main.c.obj
                0x0000000010000494                _receivemessages_mainreaction_function_0
 .text.new__receivemessages_main
                0x0000000010000584       0xa4 CMakeFiles/ReceiveMessages.dir/_receivemessages_main.c.obj
                0x0000000010000584                new__receivemessages_main
 .text._displayreaction_function_1
                0x0000000010000628       0xb4 CMakeFiles/ReceiveMessages.dir/_display.c.obj
                0x0000000010000628                _displayreaction_function_1
 .text._displayreaction_function_0
                0x00000000100006dc       0x2c CMakeFiles/ReceiveMessages.dir/_display.c.obj
                0x00000000100006dc                _displayreaction_function_0
 .text.new__display
                0x0000000010000708      0x100 CMakeFiles/ReceiveMessages.dir/_display.c.obj
                0x0000000010000708                new__display
 .text.startup.main
                0x0000000010000808        0xc CMakeFiles/ReceiveMessages.dir/ReceiveMessages.c.obj
                0x0000000010000808                main
 .text._lf_set_default_command_line_options
                0x0000000010000814        0x4 CMakeFiles/ReceiveMessages.dir/ReceiveMessages.c.obj
                0x0000000010000814                _lf_set_default_command_line_options
 .text._lf_create_environments
                0x0000000010000818       0x34 CMakeFiles/ReceiveMessages.dir/ReceiveMessages.c.obj
                0x0000000010000818                _lf_create_environments
 .text._lf_get_environments
                0x000000001000084c        0xc CMakeFiles/ReceiveMessages.dir/ReceiveMessages.c.obj
                0x000000001000084c                _lf_get_environments
 .text._lf_initialize_trigger_objects
                0x0000000010000858      0x210 CMakeFiles/ReceiveMessages.dir/ReceiveMessages.c.obj
                0x0000000010000858                _lf_initialize_trigger_objects
 .text.terminate_execution
                0x0000000010000a68        0x4 CMakeFiles/ReceiveMessages.dir/ReceiveMessages.c.obj
                0x0000000010000a68                terminate_execution
 .text.gpio_set_function
                0x0000000010000a6c       0x30 CMakeFiles/ReceiveMessages.dir/home/foobar/pico-sdk/src/rp2_common/hardware_gpio/gpio.c.obj
                0x0000000010000a6c                gpio_set_function
 .text.gpio_init
                0x0000000010000a9c       0x3c CMakeFiles/ReceiveMessages.dir/home/foobar/pico-sdk/src/rp2_common/hardware_gpio/gpio.c.obj
                0x0000000010000a9c                gpio_init
 .text.running_on_fpga
                0x0000000010000ad8       0x10 CMakeFiles/ReceiveMessages.dir/home/foobar/pico-sdk/src/rp2_common/pico_platform/platform.c.obj
                0x0000000010000ad8                running_on_fpga
 .text.hw_claim_or_assert
                0x0000000010000ae8       0x44 CMakeFiles/ReceiveMessages.dir/home/foobar/pico-sdk/src/rp2_common/hardware_claim/claim.c.obj
                0x0000000010000ae8                hw_claim_or_assert
 .text.hw_claim_unused_from_range
                0x0000000010000b2c       0x9c CMakeFiles/ReceiveMessages.dir/home/foobar/pico-sdk/src/rp2_common/hardware_claim/claim.c.obj
                0x0000000010000b2c                hw_claim_unused_from_range
 .text.spin_locks_reset
                0x0000000010000bc8       0x1c CMakeFiles/ReceiveMessages.dir/home/foobar/pico-sdk/src/rp2_common/hardware_sync/sync.c.obj
                0x0000000010000bc8                spin_locks_reset
 .text.next_striped_spin_lock_num
                0x0000000010000be4       0x18 CMakeFiles/ReceiveMessages.dir/home/foobar/pico-sdk/src/rp2_common/hardware_sync/sync.c.obj
                0x0000000010000be4                next_striped_spin_lock_num
 .text.spin_lock_claim_unused
                0x0000000010000bfc       0x20 CMakeFiles/ReceiveMessages.dir/home/foobar/pico-sdk/src/rp2_common/hardware_sync/sync.c.obj
                0x0000000010000bfc                spin_lock_claim_unused
 .text.irq_set_enabled
                0x0000000010000c1c       0x24 CMakeFiles/ReceiveMessages.dir/home/foobar/pico-sdk/src/rp2_common/hardware_irq/irq.c.obj
                0x0000000010000c1c                irq_set_enabled
 .text.irq_get_vtable_handler
                0x0000000010000c40       0x10 CMakeFiles/ReceiveMessages.dir/home/foobar/pico-sdk/src/rp2_common/hardware_irq/irq.c.obj
                0x0000000010000c40                irq_get_vtable_handler
 .text.irq_set_exclusive_handler
                0x0000000010000c50       0x54 CMakeFiles/ReceiveMessages.dir/home/foobar/pico-sdk/src/rp2_common/hardware_irq/irq.c.obj
                0x0000000010000c50                irq_set_exclusive_handler
 .text.irq_remove_handler
                0x0000000010000ca4      0x1b0 CMakeFiles/ReceiveMessages.dir/home/foobar/pico-sdk/src/rp2_common/hardware_irq/irq.c.obj
                0x0000000010000ca4                irq_remove_handler
 .text.irq_add_tail_to_free_list
                0x0000000010000e54       0xb4 CMakeFiles/ReceiveMessages.dir/home/foobar/pico-sdk/src/rp2_common/hardware_irq/irq.c.obj
                0x0000000010000e54                irq_add_tail_to_free_list
 .text.irq_init_priorities
                0x0000000010000f08       0x24 CMakeFiles/ReceiveMessages.dir/home/foobar/pico-sdk/src/rp2_common/hardware_irq/irq.c.obj
                0x0000000010000f08                irq_init_priorities
 .text.sem_init
                0x0000000010000f2c       0x20 CMakeFiles/ReceiveMessages.dir/home/foobar/pico-sdk/src/common/pico_sync/sem.c.obj
                0x0000000010000f2c                sem_init
 .text.lock_init
                0x0000000010000f4c       0x10 CMakeFiles/ReceiveMessages.dir/home/foobar/pico-sdk/src/common/pico_sync/lock_core.c.obj
                0x0000000010000f4c                lock_init
 .text.mutex_init
                0x0000000010000f5c       0x1c CMakeFiles/ReceiveMessages.dir/home/foobar/pico-sdk/src/common/pico_sync/mutex.c.obj
                0x0000000010000f5c                mutex_init
 .text.recursive_mutex_init
                0x0000000010000f78       0x1c CMakeFiles/ReceiveMessages.dir/home/foobar/pico-sdk/src/common/pico_sync/mutex.c.obj
                0x0000000010000f78                recursive_mutex_init
 .text.critical_section_init
                0x0000000010000f94       0x20 CMakeFiles/ReceiveMessages.dir/home/foobar/pico-sdk/src/common/pico_sync/critical_section.c.obj
                0x0000000010000f94                critical_section_init
 .text.timer_pool_entry_comparator
                0x0000000010000fb4       0x34 CMakeFiles/ReceiveMessages.dir/home/foobar/pico-sdk/src/common/pico_time/time.c.obj
                0x0000000010000fb4                timer_pool_entry_comparator
 .text.sleep_until_callback
                0x0000000010000fe8       0x30 CMakeFiles/ReceiveMessages.dir/home/foobar/pico-sdk/src/common/pico_time/time.c.obj
 .text.add_alarm_under_lock.isra.0
                0x0000000010001018      0x100 CMakeFiles/ReceiveMessages.dir/home/foobar/pico-sdk/src/common/pico_time/time.c.obj
 .text.alarm_pool_alarm_callback
                0x0000000010001118      0x1bc CMakeFiles/ReceiveMessages.dir/home/foobar/pico-sdk/src/common/pico_time/time.c.obj
 .text.alarm_pool_init_default
                0x00000000100012d4       0x6c CMakeFiles/ReceiveMessages.dir/home/foobar/pico-sdk/src/common/pico_time/time.c.obj
                0x00000000100012d4                alarm_pool_init_default
 .text.alarm_pool_add_alarm_at
                0x0000000010001340      0x178 CMakeFiles/ReceiveMessages.dir/home/foobar/pico-sdk/src/common/pico_time/time.c.obj
                0x0000000010001340                alarm_pool_add_alarm_at
 .text.sleep_until
                0x00000000100014b8       0xc4 CMakeFiles/ReceiveMessages.dir/home/foobar/pico-sdk/src/common/pico_time/time.c.obj
                0x00000000100014b8                sleep_until
 .text.sleep_us
                0x000000001000157c       0x24 CMakeFiles/ReceiveMessages.dir/home/foobar/pico-sdk/src/common/pico_time/time.c.obj
                0x000000001000157c                sleep_us
 .text.best_effort_wfe_or_timeout
                0x00000000100015a0       0xd4 CMakeFiles/ReceiveMessages.dir/home/foobar/pico-sdk/src/common/pico_time/time.c.obj
                0x00000000100015a0                best_effort_wfe_or_timeout
 .text.hardware_alarm_irq_handler
                0x0000000010001674       0xbc CMakeFiles/ReceiveMessages.dir/home/foobar/pico-sdk/src/rp2_common/hardware_timer/timer.c.obj
 .text.hardware_alarm_claim
                0x0000000010001730       0x18 CMakeFiles/ReceiveMessages.dir/home/foobar/pico-sdk/src/rp2_common/hardware_timer/timer.c.obj
                0x0000000010001730                hardware_alarm_claim
 .text.time_us_64
                0x0000000010001748       0x14 CMakeFiles/ReceiveMessages.dir/home/foobar/pico-sdk/src/rp2_common/hardware_timer/timer.c.obj
                0x0000000010001748                time_us_64
 .text.busy_wait_us
                0x000000001000175c       0x54 CMakeFiles/ReceiveMessages.dir/home/foobar/pico-sdk/src/rp2_common/hardware_timer/timer.c.obj
                0x000000001000175c                busy_wait_us
 .text.busy_wait_until
                0x00000000100017b0       0x20 CMakeFiles/ReceiveMessages.dir/home/foobar/pico-sdk/src/rp2_common/hardware_timer/timer.c.obj
                0x00000000100017b0                busy_wait_until
 .text.hardware_alarm_set_callback
                0x00000000100017d0       0x8c CMakeFiles/ReceiveMessages.dir/home/foobar/pico-sdk/src/rp2_common/hardware_timer/timer.c.obj
                0x00000000100017d0                hardware_alarm_set_callback
 .text.hardware_alarm_set_target
                0x000000001000185c       0xd4 CMakeFiles/ReceiveMessages.dir/home/foobar/pico-sdk/src/rp2_common/hardware_timer/timer.c.obj
                0x000000001000185c                hardware_alarm_set_target
 .text.hardware_alarm_cancel
                0x0000000010001930       0x3c CMakeFiles/ReceiveMessages.dir/home/foobar/pico-sdk/src/rp2_common/hardware_timer/timer.c.obj
                0x0000000010001930                hardware_alarm_cancel
 .text.ph_merge_nodes
                0x000000001000196c       0x68 CMakeFiles/ReceiveMessages.dir/home/foobar/pico-sdk/src/common/pico_util/pheap.c.obj
 .text.ph_post_alloc_init
                0x00000000100019d4       0x3c CMakeFiles/ReceiveMessages.dir/home/foobar/pico-sdk/src/common/pico_util/pheap.c.obj
                0x00000000100019d4                ph_post_alloc_init
 .text.ph_merge_two_pass
                0x0000000010001a10       0x90 CMakeFiles/ReceiveMessages.dir/home/foobar/pico-sdk/src/common/pico_util/pheap.c.obj
                0x0000000010001a10                ph_merge_two_pass
 .text.ph_remove_any_head
                0x0000000010001aa0      0x100 CMakeFiles/ReceiveMessages.dir/home/foobar/pico-sdk/src/common/pico_util/pheap.c.obj
 .text.ph_remove_head
                0x0000000010001ba0      0x104 CMakeFiles/ReceiveMessages.dir/home/foobar/pico-sdk/src/common/pico_util/pheap.c.obj
                0x0000000010001ba0                ph_remove_head
 .text.ph_remove_and_free_node
                0x0000000010001ca4       0x7c CMakeFiles/ReceiveMessages.dir/home/foobar/pico-sdk/src/common/pico_util/pheap.c.obj
                0x0000000010001ca4                ph_remove_and_free_node
 .text.uart_init
                0x0000000010001d20      0x188 CMakeFiles/ReceiveMessages.dir/home/foobar/pico-sdk/src/rp2_common/hardware_uart/uart.c.obj
                0x0000000010001d20                uart_init
 .text.clocks_init
                0x0000000010001ea8      0x2d0 CMakeFiles/ReceiveMessages.dir/home/foobar/pico-sdk/src/rp2_common/hardware_clocks/clocks.c.obj
                0x0000000010001ea8                clocks_init
 .text.clock_get_hz
                0x0000000010002178        0xc CMakeFiles/ReceiveMessages.dir/home/foobar/pico-sdk/src/rp2_common/hardware_clocks/clocks.c.obj
                0x0000000010002178                clock_get_hz
 .text.pll_init
                0x0000000010002184       0xa0 CMakeFiles/ReceiveMessages.dir/home/foobar/pico-sdk/src/rp2_common/hardware_pll/pll.c.obj
                0x0000000010002184                pll_init
 .text.watchdog_start_tick
                0x0000000010002224       0x10 CMakeFiles/ReceiveMessages.dir/home/foobar/pico-sdk/src/rp2_common/hardware_watchdog/watchdog.c.obj
                0x0000000010002224                watchdog_start_tick
 .text.xosc_init
                0x0000000010002234       0x28 CMakeFiles/ReceiveMessages.dir/home/foobar/pico-sdk/src/rp2_common/hardware_xosc/xosc.c.obj
                0x0000000010002234                xosc_init
 .text.runtime_init
                0x000000001000225c       0xf0 CMakeFiles/ReceiveMessages.dir/home/foobar/pico-sdk/src/rp2_common/pico_runtime/runtime.c.obj
                0x000000001000225c                runtime_init
 .text._exit    0x000000001000234c        0x4 CMakeFiles/ReceiveMessages.dir/home/foobar/pico-sdk/src/rp2_common/pico_runtime/runtime.c.obj
                0x000000001000234c                _exit
 .text._sbrk    0x0000000010002350       0x34 CMakeFiles/ReceiveMessages.dir/home/foobar/pico-sdk/src/rp2_common/pico_runtime/runtime.c.obj
                0x0000000010002350                _sbrk
 .text.exit     0x0000000010002384        0x8 CMakeFiles/ReceiveMessages.dir/home/foobar/pico-sdk/src/rp2_common/pico_runtime/runtime.c.obj
                0x0000000010002384                exit
 .text.__assert_func
                0x000000001000238c       0x34 CMakeFiles/ReceiveMessages.dir/home/foobar/pico-sdk/src/rp2_common/pico_runtime/runtime.c.obj
                0x000000001000238c                __assert_func
 .text.panic    0x00000000100023c0       0x30 CMakeFiles/ReceiveMessages.dir/home/foobar/pico-sdk/src/rp2_common/pico_runtime/runtime.c.obj
                0x00000000100023c0                panic
 .text.hard_assertion_failure
                0x00000000100023f0        0xc CMakeFiles/ReceiveMessages.dir/home/foobar/pico-sdk/src/rp2_common/pico_runtime/runtime.c.obj
                0x00000000100023f0                hard_assertion_failure
 .text._out_buffer
                0x00000000100023fc        0x8 CMakeFiles/ReceiveMessages.dir/home/foobar/pico-sdk/src/rp2_common/pico_printf/printf.c.obj
 .text._out_null
                0x0000000010002404        0x4 CMakeFiles/ReceiveMessages.dir/home/foobar/pico-sdk/src/rp2_common/pico_printf/printf.c.obj
 .text._out_rev
                0x0000000010002408       0x9c CMakeFiles/ReceiveMessages.dir/home/foobar/pico-sdk/src/rp2_common/pico_printf/printf.c.obj
 .text._ntoa_format
                0x00000000100024a4      0x1cc CMakeFiles/ReceiveMessages.dir/home/foobar/pico-sdk/src/rp2_common/pico_printf/printf.c.obj
 .text._out_char
                0x0000000010002670       0x10 CMakeFiles/ReceiveMessages.dir/home/foobar/pico-sdk/src/rp2_common/pico_printf/printf.c.obj
 .text._out_fct
                0x0000000010002680       0x10 CMakeFiles/ReceiveMessages.dir/home/foobar/pico-sdk/src/rp2_common/pico_printf/printf.c.obj
 .text._etoa    0x0000000010002690      0x44c CMakeFiles/ReceiveMessages.dir/home/foobar/pico-sdk/src/rp2_common/pico_printf/printf.c.obj
 .text._ftoa    0x0000000010002adc      0x398 CMakeFiles/ReceiveMessages.dir/home/foobar/pico-sdk/src/rp2_common/pico_printf/printf.c.obj
 .text._vsnprintf
                0x0000000010002e74      0xb04 CMakeFiles/ReceiveMessages.dir/home/foobar/pico-sdk/src/rp2_common/pico_printf/printf.c.obj
 .text.__wrap_snprintf
                0x0000000010003978       0x28 CMakeFiles/ReceiveMessages.dir/home/foobar/pico-sdk/src/rp2_common/pico_printf/printf.c.obj
                0x0000000010003978                __wrap_snprintf
 .text.vfctprintf
                0x00000000100039a0       0x20 CMakeFiles/ReceiveMessages.dir/home/foobar/pico-sdk/src/rp2_common/pico_printf/printf.c.obj
                0x00000000100039a0                vfctprintf
 .text.weak_raw_printf
                0x00000000100039c0       0x40 CMakeFiles/ReceiveMessages.dir/home/foobar/pico-sdk/src/rp2_common/pico_printf/printf.c.obj
                0x00000000100039c0                weak_raw_printf
 .text.weak_raw_vprintf
                0x0000000010003a00       0x30 CMakeFiles/ReceiveMessages.dir/home/foobar/pico-sdk/src/rp2_common/pico_printf/printf.c.obj
                0x0000000010003a00                weak_raw_vprintf
 .text          0x0000000010003a30       0x10 CMakeFiles/ReceiveMessages.dir/home/foobar/pico-sdk/src/rp2_common/pico_bit_ops/bit_ops_aeabi.S.obj
 .text.rom_func_lookup
                0x0000000010003a40       0x10 CMakeFiles/ReceiveMessages.dir/home/foobar/pico-sdk/src/rp2_common/pico_bootrom/bootrom.c.obj
                0x0000000010003a40                rom_func_lookup
 .text.rom_data_lookup
                0x0000000010003a50       0x10 CMakeFiles/ReceiveMessages.dir/home/foobar/pico-sdk/src/rp2_common/pico_bootrom/bootrom.c.obj
                0x0000000010003a50                rom_data_lookup
 .text.rom_funcs_lookup
                0x0000000010003a60       0x44 CMakeFiles/ReceiveMessages.dir/home/foobar/pico-sdk/src/rp2_common/pico_bootrom/bootrom.c.obj
                0x0000000010003a60                rom_funcs_lookup
 .text.__wrap___aeabi_idiv
                0x0000000010003aa4       0x50 CMakeFiles/ReceiveMessages.dir/home/foobar/pico-sdk/src/rp2_common/pico_divider/divider.S.obj
                0x0000000010003aa4                __wrap___aeabi_idivmod
                0x0000000010003aa4                divmod_s32s32
                0x0000000010003aa4                div_s32s32
                0x0000000010003aa4                __wrap___aeabi_idiv
                0x0000000010003aac                divmod_s32s32_unsafe
                0x0000000010003ad8                divmod_s32s32_savestate
 .text.__wrap___aeabi_uidiv
                0x0000000010003af4       0x4c CMakeFiles/ReceiveMessages.dir/home/foobar/pico-sdk/src/rp2_common/pico_divider/divider.S.obj
                0x0000000010003af4                __wrap___aeabi_uidiv
                0x0000000010003af4                __wrap___aeabi_uidivmod
                0x0000000010003af4                div_u32u32
                0x0000000010003af4                divmod_u32u32
                0x0000000010003afc                divmod_u32u32_unsafe
                0x0000000010003b24                divmod_u32u32_savestate
 .text.__wrap___aeabi_ldiv
                0x0000000010003b40      0x424 CMakeFiles/ReceiveMessages.dir/home/foobar/pico-sdk/src/rp2_common/pico_divider/divider.S.obj
                0x0000000010003b40                div_s64s64
                0x0000000010003b40                divmod_s64s64
                0x0000000010003b40                __wrap___aeabi_ldivmod
                0x0000000010003b70                div_u64u64
                0x0000000010003b70                divmod_u64u64
                0x0000000010003b70                __wrap___aeabi_uldivmod
                0x0000000010003b80                divmod_u64u64_savestate
                0x0000000010003ba0                divmod_s64s64_unsafe
                0x0000000010003c28                divmod_u64u64_unsafe
 .text.__wrap___aeabi_darithmetic
                0x0000000010003f64       0x60 CMakeFiles/ReceiveMessages.dir/home/foobar/pico-sdk/src/rp2_common/pico_double/double_aeabi.S.obj
                0x0000000010003f64                __wrap___aeabi_drsub
                0x0000000010003f6a                __wrap___aeabi_dsub
                0x0000000010003f74                __wrap___aeabi_dadd
                0x0000000010003f7e                __wrap___aeabi_ddiv
                0x0000000010003fb2                __wrap___aeabi_dmul
 .text.__wrap___aeabi_cdcmple
                0x0000000010003fc4       0x6c CMakeFiles/ReceiveMessages.dir/home/foobar/pico-sdk/src/rp2_common/pico_double/double_aeabi.S.obj
                0x0000000010003fc4                __wrap___aeabi_cdrcmple
                0x0000000010003fd4                __wrap___aeabi_cdcmple
                0x0000000010003fd4                __wrap___aeabi_cdcmpeq
 .text.__wrap___aeabi_dcmpeq
                0x0000000010004030       0x10 CMakeFiles/ReceiveMessages.dir/home/foobar/pico-sdk/src/rp2_common/pico_double/double_aeabi.S.obj
                0x0000000010004030                __wrap___aeabi_dcmpeq
 .text.__wrap___aeabi_dcmplt
                0x0000000010004040        0xc CMakeFiles/ReceiveMessages.dir/home/foobar/pico-sdk/src/rp2_common/pico_double/double_aeabi.S.obj
                0x0000000010004040                __wrap___aeabi_dcmplt
 .text.__wrap___aeabi_dcmple
                0x000000001000404c       0x10 CMakeFiles/ReceiveMessages.dir/home/foobar/pico-sdk/src/rp2_common/pico_double/double_aeabi.S.obj
                0x000000001000404c                __wrap___aeabi_dcmple
 .text.__wrap___aeabi_dcmpge
                0x000000001000405c       0x10 CMakeFiles/ReceiveMessages.dir/home/foobar/pico-sdk/src/rp2_common/pico_double/double_aeabi.S.obj
                0x000000001000405c                __wrap___aeabi_dcmpge
 .text.__wrap___aeabi_dcmpgt
                0x000000001000406c        0xa CMakeFiles/ReceiveMessages.dir/home/foobar/pico-sdk/src/rp2_common/pico_double/double_aeabi.S.obj
                0x000000001000406c                __wrap___aeabi_dcmpgt
 .text.__wrap___aeabi_dcmpun
                0x0000000010004076       0x1c CMakeFiles/ReceiveMessages.dir/home/foobar/pico-sdk/src/rp2_common/pico_double/double_aeabi.S.obj
                0x0000000010004076                __wrap___aeabi_dcmpun
 *fill*         0x0000000010004092        0x2 
 .text.__wrap___aeabi_i2d
                0x0000000010004094       0x38 CMakeFiles/ReceiveMessages.dir/home/foobar/pico-sdk/src/rp2_common/pico_double/double_aeabi.S.obj
                0x0000000010004094                __wrap___aeabi_ui2d
                0x000000001000409c                __wrap___aeabi_i2d
 .text.__wrap___aeabi_d2iz
                0x00000000100040cc       0x48 CMakeFiles/ReceiveMessages.dir/home/foobar/pico-sdk/src/rp2_common/pico_double/double_aeabi.S.obj
                0x00000000100040cc                __wrap___aeabi_d2iz
                0x00000000100040cc                double2int_z
 .text.__wrap___aeabi_d2uiz
                0x0000000010004114       0x10 CMakeFiles/ReceiveMessages.dir/home/foobar/pico-sdk/src/rp2_common/pico_double/double_aeabi.S.obj
                0x0000000010004114                double2uint
                0x0000000010004114                __wrap___aeabi_d2uiz
 .text.missing_double_func_shim
                0x0000000010004124        0xc CMakeFiles/ReceiveMessages.dir/home/foobar/pico-sdk/src/rp2_common/pico_double/double_init_rom.c.obj
 .text.__aeabi_double_init
                0x0000000010004130       0x98 CMakeFiles/ReceiveMessages.dir/home/foobar/pico-sdk/src/rp2_common/pico_double/double_init_rom.c.obj
                0x0000000010004130                __aeabi_double_init
 .text.double_table_shim_on_use_helper
                0x00000000100041c8       0x2c CMakeFiles/ReceiveMessages.dir/home/foobar/pico-sdk/src/rp2_common/pico_double/double_v1_rom_shim.S.obj
                0x00000000100041c8                double_table_shim_on_use_helper
 .text.__aeabi_lmul
                0x00000000100041f4       0x32 CMakeFiles/ReceiveMessages.dir/home/foobar/pico-sdk/src/rp2_common/pico_int64_ops/pico_int64_ops_aeabi.S.obj
                0x00000000100041f4                __wrap___aeabi_lmul
 *fill*         0x0000000010004226        0x2 
 .text.__wrap___aeabi_farithmetic
                0x0000000010004228       0x48 CMakeFiles/ReceiveMessages.dir/home/foobar/pico-sdk/src/rp2_common/pico_float/float_aeabi.S.obj
                0x0000000010004228                __wrap___aeabi_frsub
                0x000000001000422e                __wrap___aeabi_fsub
                0x0000000010004234                __wrap___aeabi_fadd
                0x000000001000423a                __wrap___aeabi_fdiv
                0x0000000010004262                __wrap___aeabi_fmul
 .text.__wrap___aeabi_cfcmple
                0x0000000010004270       0x50 CMakeFiles/ReceiveMessages.dir/home/foobar/pico-sdk/src/rp2_common/pico_float/float_aeabi.S.obj
                0x0000000010004270                __wrap___aeabi_cfrcmple
                0x000000001000427c                __wrap___aeabi_cfcmpeq
                0x000000001000427c                __wrap___aeabi_cfcmple
 .text.__wrap___aeabi_fcmpge
                0x00000000100042c0       0x10 CMakeFiles/ReceiveMessages.dir/home/foobar/pico-sdk/src/rp2_common/pico_float/float_aeabi.S.obj
                0x00000000100042c0                __wrap___aeabi_fcmpge
 .text.__wrap___aeabi_ui2f
                0x00000000100042d0        0xa CMakeFiles/ReceiveMessages.dir/home/foobar/pico-sdk/src/rp2_common/pico_float/float_aeabi.S.obj
                0x00000000100042d0                __wrap___aeabi_ui2f
 *fill*         0x00000000100042da        0x2 
 .text.__wrap___aeabi_i2f
                0x00000000100042dc       0x44 CMakeFiles/ReceiveMessages.dir/home/foobar/pico-sdk/src/rp2_common/pico_float/float_aeabi.S.obj
                0x00000000100042dc                __wrap___aeabi_i2f
 .text.missing_float_func_shim
                0x0000000010004320        0xc CMakeFiles/ReceiveMessages.dir/home/foobar/pico-sdk/src/rp2_common/pico_float/float_init_rom.c.obj
 .text.__aeabi_float_init
                0x000000001000432c       0x5c CMakeFiles/ReceiveMessages.dir/home/foobar/pico-sdk/src/rp2_common/pico_float/float_init_rom.c.obj
                0x000000001000432c                __aeabi_float_init
 .text.__wrap_malloc
                0x0000000010004388       0x3c CMakeFiles/ReceiveMessages.dir/home/foobar/pico-sdk/src/rp2_common/pico_malloc/pico_malloc.c.obj
                0x0000000010004388                __wrap_malloc
 .text.__wrap_calloc
                0x00000000100043c4       0x40 CMakeFiles/ReceiveMessages.dir/home/foobar/pico-sdk/src/rp2_common/pico_malloc/pico_malloc.c.obj
                0x00000000100043c4                __wrap_calloc
 .text.__wrap_realloc
                0x0000000010004404       0x40 CMakeFiles/ReceiveMessages.dir/home/foobar/pico-sdk/src/rp2_common/pico_malloc/pico_malloc.c.obj
                0x0000000010004404                __wrap_realloc
 .text.__wrap_free
                0x0000000010004444       0x20 CMakeFiles/ReceiveMessages.dir/home/foobar/pico-sdk/src/rp2_common/pico_malloc/pico_malloc.c.obj
                0x0000000010004444                __wrap_free
 .text          0x0000000010004464       0x10 CMakeFiles/ReceiveMessages.dir/home/foobar/pico-sdk/src/rp2_common/pico_mem_ops/mem_ops_aeabi.S.obj
                0x0000000010004464                __aeabi_mem_init
 .text.memset   0x0000000010004474        0xc CMakeFiles/ReceiveMessages.dir/home/foobar/pico-sdk/src/rp2_common/pico_mem_ops/mem_ops_aeabi.S.obj
                0x0000000010004474                __wrap_memset
 .text.memcpy   0x0000000010004480        0xc CMakeFiles/ReceiveMessages.dir/home/foobar/pico-sdk/src/rp2_common/pico_mem_ops/mem_ops_aeabi.S.obj
                0x0000000010004480                __wrap___aeabi_memcpy
                0x0000000010004480                __wrap_memcpy
 .text.stdio_out_chars_no_crlf
                0x000000001000448c       0x10 CMakeFiles/ReceiveMessages.dir/home/foobar/pico-sdk/src/rp2_common/pico_stdio/stdio.c.obj
 .text.stdio_out_chars_crlf
                0x000000001000449c       0xb4 CMakeFiles/ReceiveMessages.dir/home/foobar/pico-sdk/src/rp2_common/pico_stdio/stdio.c.obj
 .text.stdio_buffered_printer
                0x0000000010004550       0x64 CMakeFiles/ReceiveMessages.dir/home/foobar/pico-sdk/src/rp2_common/pico_stdio/stdio.c.obj
 .text.stdio_put_string.isra.0
                0x00000000100045b4       0xfc CMakeFiles/ReceiveMessages.dir/home/foobar/pico-sdk/src/rp2_common/pico_stdio/stdio.c.obj
 .text.__wrap_putchar
                0x00000000100046b0       0x98 CMakeFiles/ReceiveMessages.dir/home/foobar/pico-sdk/src/rp2_common/pico_stdio/stdio.c.obj
                0x00000000100046b0                __wrap_putchar
 .text.__wrap_puts
                0x0000000010004748       0x3c CMakeFiles/ReceiveMessages.dir/home/foobar/pico-sdk/src/rp2_common/pico_stdio/stdio.c.obj
                0x0000000010004748                __wrap_puts
 .text._read    0x0000000010004784       0x94 CMakeFiles/ReceiveMessages.dir/home/foobar/pico-sdk/src/rp2_common/pico_stdio/stdio.c.obj
                0x0000000010004784                _read
 .text._write   0x0000000010004818       0xac CMakeFiles/ReceiveMessages.dir/home/foobar/pico-sdk/src/rp2_common/pico_stdio/stdio.c.obj
                0x0000000010004818                _write
 .text._close   0x00000000100048c4        0x8 CMakeFiles/ReceiveMessages.dir/home/foobar/pico-sdk/src/rp2_common/pico_stdio/stdio.c.obj
                0x00000000100048c4                _close
 .text._lseek   0x00000000100048cc        0x8 CMakeFiles/ReceiveMessages.dir/home/foobar/pico-sdk/src/rp2_common/pico_stdio/stdio.c.obj
                0x00000000100048cc                _lseek
 .text._fstat   0x00000000100048d4        0x8 CMakeFiles/ReceiveMessages.dir/home/foobar/pico-sdk/src/rp2_common/pico_stdio/stdio.c.obj
                0x00000000100048d4                _fstat
 .text._isatty  0x00000000100048dc        0xc CMakeFiles/ReceiveMessages.dir/home/foobar/pico-sdk/src/rp2_common/pico_stdio/stdio.c.obj
                0x00000000100048dc                _isatty
 .text.__wrap_vprintf
                0x00000000100048e8       0xd8 CMakeFiles/ReceiveMessages.dir/home/foobar/pico-sdk/src/rp2_common/pico_stdio/stdio.c.obj
                0x00000000100048e8                __wrap_vprintf
 .text.__wrap_printf
                0x00000000100049c0       0x18 CMakeFiles/ReceiveMessages.dir/home/foobar/pico-sdk/src/rp2_common/pico_stdio/stdio.c.obj
                0x00000000100049c0                __wrap_printf
 .text.stdio_init_all
                0x00000000100049d8        0xc CMakeFiles/ReceiveMessages.dir/home/foobar/pico-sdk/src/rp2_common/pico_stdio/stdio.c.obj
                0x00000000100049d8                stdio_init_all
 .text.stdio_uart_init
                0x00000000100049e4        0x4 CMakeFiles/ReceiveMessages.dir/home/foobar/pico-sdk/src/rp2_common/pico_stdio_uart/stdio_uart.c.obj
                0x00000000100049e4                stdio_uart_init
 .text.spi_init
                0x00000000100049e8      0x138 CMakeFiles/ReceiveMessages.dir/home/foobar/pico-sdk/src/rp2_common/hardware_spi/spi.c.obj
                0x00000000100049e8                spi_init
 .text.lf_tag_compare
                0x0000000010004b20       0x38 core/libcore.a(tag.c.obj)
                0x0000000010004b20                lf_tag_compare
 .text.lf_time_logical
                0x0000000010004b58        0x8 core/libcore.a(tag.c.obj)
                0x0000000010004b58                lf_time_logical
 .text.lf_time_logical_elapsed
                0x0000000010004b60       0x14 core/libcore.a(tag.c.obj)
                0x0000000010004b60                lf_time_logical_elapsed
 .text.lf_time_physical
                0x0000000010004b74       0x60 core/libcore.a(tag.c.obj)
                0x0000000010004b74                lf_time_physical
 .text.lf_time_physical_elapsed
                0x0000000010004bd4       0x6c core/libcore.a(tag.c.obj)
                0x0000000010004bd4                lf_time_physical_elapsed
 .text.lf_comma_separated_time
                0x0000000010004c40      0x274 core/libcore.a(tag.c.obj)
                0x0000000010004c40                lf_comma_separated_time
 .text._lf_allocate
                0x0000000010004eb4       0x3c core/libcore.a(reactor_common.c.obj)
                0x0000000010004eb4                _lf_allocate
 .text._lf_new_reactor
                0x0000000010004ef0       0x40 core/libcore.a(reactor_common.c.obj)
                0x0000000010004ef0                _lf_new_reactor
 .text._lf_set_stop_tag
                0x0000000010004f30       0x3c core/libcore.a(reactor_common.c.obj)
                0x0000000010004f30                _lf_set_stop_tag
 .text._lf_start_time_step
                0x0000000010004f6c       0x68 core/libcore.a(reactor_common.c.obj)
                0x0000000010004f6c                _lf_start_time_step
 .text._lf_is_tag_after_stop_tag
                0x0000000010004fd4       0x30 core/libcore.a(reactor_common.c.obj)
                0x0000000010004fd4                _lf_is_tag_after_stop_tag
 .text._lf_initialize_timer
                0x0000000010005004       0x88 core/libcore.a(reactor_common.c.obj)
                0x0000000010005004                _lf_initialize_timer
 .text._lf_initialize_timers
                0x000000001000508c       0x30 core/libcore.a(reactor_common.c.obj)
                0x000000001000508c                _lf_initialize_timers
 .text._lf_trigger_startup_reactions
                0x00000000100050bc       0x38 core/libcore.a(reactor_common.c.obj)
                0x00000000100050bc                _lf_trigger_startup_reactions
 .text._lf_trigger_shutdown_reactions
                0x00000000100050f4       0x38 core/libcore.a(reactor_common.c.obj)
                0x00000000100050f4                _lf_trigger_shutdown_reactions
 .text._lf_schedule
                0x000000001000512c      0x2c4 core/libcore.a(reactor_common.c.obj)
                0x000000001000512c                _lf_schedule
 .text._lf_pop_events
                0x00000000100053f0      0x118 core/libcore.a(reactor_common.c.obj)
                0x00000000100053f0                _lf_pop_events
 .text._lf_advance_logical_time
                0x0000000010005508       0x38 core/libcore.a(reactor_common.c.obj)
                0x0000000010005508                _lf_advance_logical_time
 .text._lf_invoke_reaction
                0x0000000010005540       0x14 core/libcore.a(reactor_common.c.obj)
                0x0000000010005540                _lf_invoke_reaction
 .text.schedule_output_reactions
                0x0000000010005554      0x150 core/libcore.a(reactor_common.c.obj)
                0x0000000010005554                schedule_output_reactions
 .text.usage    0x00000000100056a4       0xb0 core/libcore.a(reactor_common.c.obj)
                0x00000000100056a4                usage
 .text.process_args
                0x0000000010005754      0x414 core/libcore.a(reactor_common.c.obj)
                0x0000000010005754                process_args
 .text.initialize_global
                0x0000000010005b68       0x24 core/libcore.a(reactor_common.c.obj)
                0x0000000010005b68                initialize_global
 .text.termination
                0x0000000010005b8c      0x194 core/libcore.a(reactor_common.c.obj)
                0x0000000010005b8c                termination
 .text._lf_free_token.part.0
                0x0000000010005d20       0xcc core/libcore.a(lf_token.c.obj)
 .text._lf_new_token
                0x0000000010005dec       0xb4 core/libcore.a(lf_token.c.obj)
                0x0000000010005dec                _lf_new_token
 .text._lf_initialize_token_with_value
                0x0000000010005ea0       0x80 core/libcore.a(lf_token.c.obj)
                0x0000000010005ea0                _lf_initialize_token_with_value
 .text._lf_free_all_tokens
                0x0000000010005f20       0xe0 core/libcore.a(lf_token.c.obj)
                0x0000000010005f20                _lf_free_all_tokens
 .text._lf_replace_template_token
                0x0000000010006000       0x44 core/libcore.a(lf_token.c.obj)
                0x0000000010006000                _lf_replace_template_token
 .text._lf_done_using
                0x0000000010006044       0x2c core/libcore.a(lf_token.c.obj)
                0x0000000010006044                _lf_done_using
 .text._lf_free_token_copies
                0x0000000010006070       0x44 core/libcore.a(lf_token.c.obj)
                0x0000000010006070                _lf_free_token_copies
 .text.environment_init_tags
                0x00000000100060b4       0x58 core/libcore.a(environment.c.obj)
                0x00000000100060b4                environment_init_tags
 .text.environment_free
                0x000000001000610c       0x44 core/libcore.a(environment.c.obj)
                0x000000001000610c                environment_free
 .text.environment_init
                0x0000000010006150      0x188 core/libcore.a(environment.c.obj)
                0x0000000010006150                environment_init
 .text._lf_set_present
                0x00000000100062d8       0x4c core/libcore.a(reactor.c.obj)
                0x00000000100062d8                _lf_set_present
 .text._lf_trigger_reaction
                0x0000000010006324       0x28 core/libcore.a(reactor.c.obj)
                0x0000000010006324                _lf_trigger_reaction
 .text._lf_do_step
                0x000000001000634c       0xb0 core/libcore.a(reactor.c.obj)
                0x000000001000634c                _lf_do_step
 .text.next     0x00000000100063fc      0x138 core/libcore.a(reactor.c.obj)
                0x00000000100063fc                next
 .text.lf_reactor_c_main
                0x0000000010006534       0xf8 core/libcore.a(reactor.c.obj)
                0x0000000010006534                lf_reactor_c_main
 .text.lf_critical_section_enter
                0x000000001000662c        0x8 core/libcore.a(reactor.c.obj)
                0x000000001000662c                lf_critical_section_enter
 .text.lf_critical_section_exit
                0x0000000010006634        0x8 core/libcore.a(reactor.c.obj)
                0x0000000010006634                lf_critical_section_exit
 .text.vector_at
                0x000000001000663c       0x54 core/libcore.a(vector.c.obj)
                0x000000001000663c                vector_at
 .text.vector_size
                0x0000000010006690        0x8 core/libcore.a(vector.c.obj)
                0x0000000010006690                vector_size
 .text.percolate_down
                0x0000000010006698       0xd8 core/libcore.a(pqueue.c.obj)
 .text.bubble_up.isra.0
                0x0000000010006770       0x84 core/libcore.a(pqueue.c.obj)
 .text.find_equal_same_priority
                0x00000000100067f4       0xa8 core/libcore.a(pqueue.c.obj)
                0x00000000100067f4                find_equal_same_priority
 .text.pqueue_init
                0x000000001000689c       0x54 core/libcore.a(pqueue.c.obj)
                0x000000001000689c                pqueue_init
 .text.pqueue_free
                0x00000000100068f0       0x14 core/libcore.a(pqueue.c.obj)
                0x00000000100068f0                pqueue_free
 .text.pqueue_size
                0x0000000010006904       0x10 core/libcore.a(pqueue.c.obj)
                0x0000000010006904                pqueue_size
 .text.pqueue_find_equal_same_priority
                0x0000000010006914        0xc core/libcore.a(pqueue.c.obj)
                0x0000000010006914                pqueue_find_equal_same_priority
 .text.pqueue_insert
                0x0000000010006920       0x44 core/libcore.a(pqueue.c.obj)
                0x0000000010006920                pqueue_insert
 .text.pqueue_pop
                0x0000000010006964       0x28 core/libcore.a(pqueue.c.obj)
                0x0000000010006964                pqueue_pop
 .text.pqueue_peek
                0x000000001000698c       0x14 core/libcore.a(pqueue.c.obj)
                0x000000001000698c                pqueue_peek
 .text.in_reverse_order
                0x00000000100069a0       0x18 core/libcore.a(pqueue.c.obj)
                0x00000000100069a0                in_reverse_order
 .text.in_no_particular_order
                0x00000000100069b8        0x4 core/libcore.a(pqueue.c.obj)
                0x00000000100069b8                in_no_particular_order
 .text.event_matches
                0x00000000100069bc        0xc core/libcore.a(pqueue.c.obj)
                0x00000000100069bc                event_matches
 .text.reaction_matches
                0x00000000100069c8        0x8 core/libcore.a(pqueue.c.obj)
                0x00000000100069c8                reaction_matches
 .text.get_event_time
                0x00000000100069d0        0x8 core/libcore.a(pqueue.c.obj)
                0x00000000100069d0                get_event_time
 .text.get_reaction_index
                0x00000000100069d8        0x8 core/libcore.a(pqueue.c.obj)
                0x00000000100069d8                get_reaction_index
 .text.get_event_position
                0x00000000100069e0        0x4 core/libcore.a(pqueue.c.obj)
                0x00000000100069e0                get_event_position
 .text.get_reaction_position
                0x00000000100069e4        0x4 core/libcore.a(pqueue.c.obj)
                0x00000000100069e4                get_reaction_position
 .text.set_event_position
                0x00000000100069e8        0x4 core/libcore.a(pqueue.c.obj)
                0x00000000100069e8                set_event_position
 .text.set_reaction_position
                0x00000000100069ec        0x4 core/libcore.a(pqueue.c.obj)
                0x00000000100069ec                set_reaction_position
 .text.print_reaction
                0x00000000100069f0        0x4 core/libcore.a(pqueue.c.obj)
                0x00000000100069f0                print_reaction
 .text.print_event
                0x00000000100069f4        0x4 core/libcore.a(pqueue.c.obj)
                0x00000000100069f4                print_event
 .text._lf_message_print
                0x00000000100069f8       0xc0 core/libcore.a(util.c.obj)
                0x00000000100069f8                _lf_message_print
 .text.lf_print
                0x0000000010006ab8       0x88 core/libcore.a(util.c.obj)
                0x0000000010006ab8                lf_print
 .text.lf_print_error
                0x0000000010006b40       0x88 core/libcore.a(util.c.obj)
                0x0000000010006b40                lf_print_error
 .text.lf_print_warning
                0x0000000010006bc8       0x88 core/libcore.a(util.c.obj)
                0x0000000010006bc8                lf_print_warning
 .text.lf_print_error_and_exit
                0x0000000010006c50       0x24 core/libcore.a(util.c.obj)
                0x0000000010006c50                lf_print_error_and_exit
 .text.lf_assert
                0x0000000010006c74       0x2c core/libcore.a(util.c.obj)
                0x0000000010006c74                lf_assert
 .text.hashset_num_items
                0x0000000010006ca0        0x4 core/libcore.a(hashset.c.obj)
                0x0000000010006ca0                hashset_num_items
 .text.hashset_destroy
                0x0000000010006ca4       0x18 core/libcore.a(hashset.c.obj)
                0x0000000010006ca4                hashset_destroy
 .text.hashset_create
                0x0000000010006cbc       0x40 core/libcore.a(hashset.c.obj)
                0x0000000010006cbc                hashset_create
 .text.hashset_add
                0x0000000010006cfc      0x180 core/libcore.a(hashset.c.obj)
                0x0000000010006cfc                hashset_add
 .text.hashset_remove
                0x0000000010006e7c       0x50 core/libcore.a(hashset.c.obj)
                0x0000000010006e7c                hashset_remove
 .text.hashset_iterator
                0x0000000010006ecc       0x1c core/libcore.a(hashset_itr.c.obj)
                0x0000000010006ecc                hashset_iterator
 .text.hashset_iterator_next
                0x0000000010006ee8       0x34 core/libcore.a(hashset_itr.c.obj)
                0x0000000010006ee8                hashset_iterator_next
 .text.hashset_iterator_value
                0x0000000010006f1c        0xc core/libcore.a(hashset_itr.c.obj)
                0x0000000010006f1c                hashset_iterator_value
 .text._lf_initialize_clock
                0x0000000010006f28       0x20 core/libcore.a(lf_rp2040_support.c.obj)
                0x0000000010006f28                _lf_initialize_clock
 .text._lf_clock_now
                0x0000000010006f48       0x24 core/libcore.a(lf_rp2040_support.c.obj)
                0x0000000010006f48                _lf_clock_now
 .text._lf_interruptable_sleep_until_locked
                0x0000000010006f6c       0x48 core/libcore.a(lf_rp2040_support.c.obj)
                0x0000000010006f6c                _lf_interruptable_sleep_until_locked
 .text.lf_disable_interrupts_nested
                0x0000000010006fb4       0x3c core/libcore.a(lf_rp2040_support.c.obj)
                0x0000000010006fb4                lf_disable_interrupts_nested
 .text.lf_enable_interrupts_nested
                0x0000000010006ff0       0x34 core/libcore.a(lf_rp2040_support.c.obj)
                0x0000000010006ff0                lf_enable_interrupts_nested
 .text.color32_0
                0x0000000010007024        0x8 robot/librobot.a(display.c.obj)
                0x0000000010007024                color32_0
 .text.color32_1
                0x000000001000702c        0x8 robot/librobot.a(display.c.obj)
                0x000000001000702c                color32_1
 .text.color32_0_on_1
                0x0000000010007034        0x8 robot/librobot.a(display.c.obj)
                0x0000000010007034                color32_0_on_1
 .text.color32_1_on_0
                0x000000001000703c        0x4 robot/librobot.a(display.c.obj)
                0x000000001000703c                color32_1_on_0
 .text.color32_xor
                0x0000000010007040        0x8 robot/librobot.a(display.c.obj)
                0x0000000010007040                color32_xor
 .text.color32_nop
                0x0000000010007048        0x4 robot/librobot.a(display.c.obj)
                0x0000000010007048                color32_nop
 .text.color8_0
                0x000000001000704c        0x8 robot/librobot.a(display.c.obj)
                0x000000001000704c                color8_0
 .text.color8_1
                0x0000000010007054        0x8 robot/librobot.a(display.c.obj)
                0x0000000010007054                color8_1
 .text.color8_0_on_1
                0x000000001000705c        0x8 robot/librobot.a(display.c.obj)
                0x000000001000705c                color8_0_on_1
 .text.color8_1_on_0
                0x0000000010007064        0x4 robot/librobot.a(display.c.obj)
                0x0000000010007064                color8_1_on_0
 .text.color8_xor
                0x0000000010007068        0x8 robot/librobot.a(display.c.obj)
                0x0000000010007068                color8_xor
 .text.color8_nop
                0x0000000010007070        0x4 robot/librobot.a(display.c.obj)
                0x0000000010007070                color8_nop
 .text.display_set_font
                0x0000000010007074        0xc robot/librobot.a(display.c.obj)
                0x0000000010007074                display_set_font
 .text.display_init
                0x0000000010007080       0x18 robot/librobot.a(display.c.obj)
                0x0000000010007080                display_init
 .text.display_fill
                0x0000000010007098       0x2c robot/librobot.a(display.c.obj)
                0x0000000010007098                display_fill
 .text.display_show_partial
                0x00000000100070c4       0xb0 robot/librobot.a(display.c.obj)
                0x00000000100070c4                display_show_partial
 .text.display_text
                0x0000000010007174      0x44c robot/librobot.a(display.c.obj)
                0x0000000010007174                display_text
 .text.display_fill_rect
                0x00000000100075c0      0x15c robot/librobot.a(display.c.obj)
                0x00000000100075c0                display_fill_rect
 .text.display_show
                0x000000001000771c       0x28 robot/librobot.a(display.c.obj)
                0x000000001000771c                display_show
 .text.sh1106_transfer_start
                0x0000000010007744       0x40 robot/librobot.a(sh1106.c.obj)
                0x0000000010007744                sh1106_transfer_start
 .text.sh1106_transfer_end
                0x0000000010007784       0x1c robot/librobot.a(sh1106.c.obj)
                0x0000000010007784                sh1106_transfer_end
 .text.sh1106_write_page
                0x00000000100077a0       0x54 robot/librobot.a(sh1106.c.obj)
                0x00000000100077a0                sh1106_write_page
 .text.sh1106_clear
                0x00000000100077f4       0xa0 robot/librobot.a(sh1106.c.obj)
                0x00000000100077f4                sh1106_clear
 .text.sh1106_init
                0x0000000010007894       0xd0 robot/librobot.a(sh1106.c.obj)
                0x0000000010007894                sh1106_init
 .text          0x0000000010007964       0x10 /usr/lib/gcc/arm-none-eabi/10.3.1/../../../arm-none-eabi/lib/thumb/v6-m/nofp/libc.a(lib_a-atexit.o)
                0x0000000010007964                atexit
 .text          0x0000000010007974       0x18 /usr/lib/gcc/arm-none-eabi/10.3.1/../../../arm-none-eabi/lib/thumb/v6-m/nofp/libc.a(lib_a-atoi.o)
                0x0000000010007974                atoi
                0x0000000010007980                _atoi_r
 .text          0x000000001000798c       0x18 /usr/lib/gcc/arm-none-eabi/10.3.1/../../../arm-none-eabi/lib/thumb/v6-m/nofp/libc.a(lib_a-atoll.o)
                0x000000001000798c                atoll
                0x0000000010007998                _atoll_r
 .text          0x00000000100079a4       0x18 /usr/lib/gcc/arm-none-eabi/10.3.1/../../../arm-none-eabi/lib/thumb/v6-m/nofp/libc.a(lib_a-calloc.o)
                0x00000000100079a4                calloc
 .text          0x00000000100079bc       0x5c /usr/lib/gcc/arm-none-eabi/10.3.1/../../../arm-none-eabi/lib/thumb/v6-m/nofp/libc.a(lib_a-callocr.o)
                0x00000000100079bc                _calloc_r
 .text          0x0000000010007a18       0x28 /usr/lib/gcc/arm-none-eabi/10.3.1/../../../arm-none-eabi/lib/thumb/v6-m/nofp/libc.a(lib_a-malloc.o)
                0x0000000010007a18                malloc
                0x0000000010007a2c                free
 .text          0x0000000010007a40      0x574 /usr/lib/gcc/arm-none-eabi/10.3.1/../../../arm-none-eabi/lib/thumb/v6-m/nofp/libc.a(lib_a-mallocr.o)
                0x0000000010007a40                _malloc_r
 .text          0x0000000010007fb4        0x8 /usr/lib/gcc/arm-none-eabi/10.3.1/../../../arm-none-eabi/lib/thumb/v6-m/nofp/libc.a(lib_a-mlock.o)
                0x0000000010007fb4                __malloc_lock
                0x0000000010007fb8                __malloc_unlock
 .text          0x0000000010007fbc       0x18 /usr/lib/gcc/arm-none-eabi/10.3.1/../../../arm-none-eabi/lib/thumb/v6-m/nofp/libc.a(lib_a-realloc.o)
                0x0000000010007fbc                realloc
 .text          0x0000000010007fd4      0x354 /usr/lib/gcc/arm-none-eabi/10.3.1/../../../arm-none-eabi/lib/thumb/v6-m/nofp/libc.a(lib_a-reallocr.o)
                0x0000000010007fd4                _realloc_r
 .text          0x0000000010008328       0x24 /usr/lib/gcc/arm-none-eabi/10.3.1/../../../arm-none-eabi/lib/thumb/v6-m/nofp/libc.a(lib_a-sbrkr.o)
                0x0000000010008328                _sbrk_r
 .text          0x000000001000834c       0x88 /usr/lib/gcc/arm-none-eabi/10.3.1/../../../arm-none-eabi/lib/thumb/v6-m/nofp/libc.a(lib_a-strcmp.o)
                0x000000001000834c                strcmp
 .text          0x00000000100083d4       0x10 /usr/lib/gcc/arm-none-eabi/10.3.1/../../../arm-none-eabi/lib/thumb/v6-m/nofp/libc.a(lib_a-strcpy.o)
                0x00000000100083d4                strcpy
 .text          0x00000000100083e4       0x5c /usr/lib/gcc/arm-none-eabi/10.3.1/../../../arm-none-eabi/lib/thumb/v6-m/nofp/libc.a(lib_a-strlen-stub.o)
                0x00000000100083e4                strlen
 .text          0x0000000010008440       0x74 /usr/lib/gcc/arm-none-eabi/10.3.1/../../../arm-none-eabi/lib/thumb/v6-m/nofp/libc.a(lib_a-strncmp.o)
                0x0000000010008440                strncmp
 .text          0x00000000100084b4      0x1b8 /usr/lib/gcc/arm-none-eabi/10.3.1/../../../arm-none-eabi/lib/thumb/v6-m/nofp/libc.a(lib_a-strtol.o)
                0x00000000100085f8                _strtol_r
                0x0000000010008614                strtol_l
                0x0000000010008640                strtol
 .text          0x000000001000866c      0x1d0 /usr/lib/gcc/arm-none-eabi/10.3.1/../../../arm-none-eabi/lib/thumb/v6-m/nofp/libc.a(lib_a-strtoll.o)
                0x0000000010008804                _strtoll_r
                0x000000001000880c                strtoll_l
                0x0000000010008824                strtoll
 .text          0x000000001000883c     0x16e4 /usr/lib/gcc/arm-none-eabi/10.3.1/../../../arm-none-eabi/lib/thumb/v6-m/nofp/libc.a(lib_a-vfprintf.o)
                0x000000001000883c                _vfprintf_r
                0x0000000010009e94                vfprintf
 .text          0x0000000010009f20       0xdc /usr/lib/gcc/arm-none-eabi/10.3.1/../../../arm-none-eabi/lib/thumb/v6-m/nofp/libc.a(lib_a-wsetup.o)
                0x0000000010009f20                __swsetup_r
 .text          0x0000000010009ffc       0x88 /usr/lib/gcc/arm-none-eabi/10.3.1/../../../arm-none-eabi/lib/thumb/v6-m/nofp/libc.a(lib_a-__atexit.o)
                0x0000000010009ffc                __register_exitproc
 .text          0x000000001000a084     0x1104 /usr/lib/gcc/arm-none-eabi/10.3.1/../../../arm-none-eabi/lib/thumb/v6-m/nofp/libc.a(lib_a-dtoa.o)
                0x000000001000a1cc                _dtoa_r
 .text          0x000000001000b188        0xc /usr/lib/gcc/arm-none-eabi/10.3.1/../../../arm-none-eabi/lib/thumb/v6-m/nofp/libc.a(lib_a-errno.o)
                0x000000001000b188                __errno
 .text          0x000000001000b194      0x1c0 /usr/lib/gcc/arm-none-eabi/10.3.1/../../../arm-none-eabi/lib/thumb/v6-m/nofp/libc.a(lib_a-fflush.o)
                0x000000001000b194                __sflush_r
                0x000000001000b2d4                _fflush_r
                0x000000001000b300                fflush
 .text          0x000000001000b354      0x248 /usr/lib/gcc/arm-none-eabi/10.3.1/../../../arm-none-eabi/lib/thumb/v6-m/nofp/libc.a(lib_a-findfp.o)
                0x000000001000b358                _cleanup_r
                0x000000001000b454                __sfmoreglue
                0x000000001000b484                __sfp
                0x000000001000b534                _cleanup
                0x000000001000b54c                __sinit
                0x000000001000b55c                __sfp_lock_acquire
                0x000000001000b560                __sfp_lock_release
                0x000000001000b564                __sinit_lock_acquire
                0x000000001000b568                __sinit_lock_release
                0x000000001000b56c                __fp_lock_all
                0x000000001000b584                __fp_unlock_all
 .text          0x000000001000b59c      0x260 /usr/lib/gcc/arm-none-eabi/10.3.1/../../../arm-none-eabi/lib/thumb/v6-m/nofp/libc.a(lib_a-freer.o)
                0x000000001000b59c                _malloc_trim_r
                0x000000001000b638                _free_r
 .text          0x000000001000b7fc       0x88 /usr/lib/gcc/arm-none-eabi/10.3.1/../../../arm-none-eabi/lib/thumb/v6-m/nofp/libc.a(lib_a-fwalk.o)
                0x000000001000b7fc                _fwalk
                0x000000001000b83c                _fwalk_reent
 .text          0x000000001000b884       0x14 /usr/lib/gcc/arm-none-eabi/10.3.1/../../../arm-none-eabi/lib/thumb/v6-m/nofp/libc.a(lib_a-localeconv.o)
                0x000000001000b884                __localeconv_l
                0x000000001000b888                _localeconv_r
                0x000000001000b890                localeconv
 .text          0x000000001000b898      0x144 /usr/lib/gcc/arm-none-eabi/10.3.1/../../../arm-none-eabi/lib/thumb/v6-m/nofp/libc.a(lib_a-makebuf.o)
                0x000000001000b898                __smakebuf_r
                0x000000001000b97c                __swhatbuf_r
 .text          0x000000001000b9dc      0xafc /usr/lib/gcc/arm-none-eabi/10.3.1/../../../arm-none-eabi/lib/thumb/v6-m/nofp/libc.a(lib_a-mprec.o)
                0x000000001000b9dc                _Balloc
                0x000000001000ba2c                _Bfree
                0x000000001000ba40                __multadd
                0x000000001000bae8                __s2b
                0x000000001000bb98                __hi0bits
                0x000000001000bbd0                __lo0bits
                0x000000001000bc2c                __i2b
                0x000000001000bc8c                __multiply
                0x000000001000be30                __pow5mult
                0x000000001000bf08                __lshift
                0x000000001000c004                __mcmp
                0x000000001000c038                __mdiff
                0x000000001000c1c4                __ulp
                0x000000001000c20c                __b2d
                0x000000001000c2d4                __d2b
                0x000000001000c3ac                __ratio
                0x000000001000c414                _mprec_log10
                0x000000001000c448                __copybits
                0x000000001000c488                __any_on
 .text          0x000000001000c4d8       0xa4 /usr/lib/gcc/arm-none-eabi/10.3.1/../../../arm-none-eabi/lib/thumb/v6-m/nofp/libc.a(lib_a-stdio.o)
                0x000000001000c4d8                __sread
                0x000000001000c500                __seofread
                0x000000001000c504                __swrite
                0x000000001000c544                __sseek
                0x000000001000c570                __sclose
 .text          0x000000001000c57c      0xdd8 /usr/lib/gcc/arm-none-eabi/10.3.1/../../../arm-none-eabi/lib/thumb/v6-m/nofp/libc.a(lib_a-vfiprintf.o)
                0x000000001000c604                __sprint_r
                0x000000001000c618                _vfiprintf_r
                0x000000001000d2c8                vfiprintf
 .text          0x000000001000d354       0x28 /usr/lib/gcc/arm-none-eabi/10.3.1/../../../arm-none-eabi/lib/thumb/v6-m/nofp/libc.a(lib_a-writer.o)
                0x000000001000d354                _write_r
 .text          0x000000001000d37c       0x24 /usr/lib/gcc/arm-none-eabi/10.3.1/../../../arm-none-eabi/lib/thumb/v6-m/nofp/libc.a(lib_a-closer.o)
                0x000000001000d37c                _close_r
 .text          0x000000001000d3a0       0xe8 /usr/lib/gcc/arm-none-eabi/10.3.1/../../../arm-none-eabi/lib/thumb/v6-m/nofp/libc.a(lib_a-fclose.o)
                0x000000001000d410                _fclose_r
                0x000000001000d448                fclose
 .text          0x000000001000d488       0xfc /usr/lib/gcc/arm-none-eabi/10.3.1/../../../arm-none-eabi/lib/thumb/v6-m/nofp/libc.a(lib_a-fputwc.o)
                0x000000001000d488                __fputwc
                0x000000001000d520                _fputwc_r
                0x000000001000d540                fputwc
 .text          0x000000001000d584       0x28 /usr/lib/gcc/arm-none-eabi/10.3.1/../../../arm-none-eabi/lib/thumb/v6-m/nofp/libc.a(lib_a-fstatr.o)
                0x000000001000d584                _fstat_r
 .text          0x000000001000d5ac      0x2f4 /usr/lib/gcc/arm-none-eabi/10.3.1/../../../arm-none-eabi/lib/thumb/v6-m/nofp/libc.a(lib_a-fvwrite.o)
                0x000000001000d5ac                __sfvwrite_r
 .text          0x000000001000d8a0       0x24 /usr/lib/gcc/arm-none-eabi/10.3.1/../../../arm-none-eabi/lib/thumb/v6-m/nofp/libc.a(lib_a-isattyr.o)
                0x000000001000d8a0                _isatty_r
 .text          0x000000001000d8c4       0x98 /usr/lib/gcc/arm-none-eabi/10.3.1/../../../arm-none-eabi/lib/thumb/v6-m/nofp/libc.a(lib_a-locale.o)
                0x000000001000d8c4                _setlocale_r
                0x000000001000d908                __locale_mb_cur_max
                0x000000001000d918                setlocale
 .text          0x000000001000d95c       0x28 /usr/lib/gcc/arm-none-eabi/10.3.1/../../../arm-none-eabi/lib/thumb/v6-m/nofp/libc.a(lib_a-lseekr.o)
                0x000000001000d95c                _lseek_r
 .text          0x000000001000d984       0x44 /usr/lib/gcc/arm-none-eabi/10.3.1/../../../arm-none-eabi/lib/thumb/v6-m/nofp/libc.a(lib_a-mbtowc_r.o)
                0x000000001000d984                _mbtowc_r
                0x000000001000d99c                __ascii_mbtowc
 .text          0x000000001000d9c8       0x28 /usr/lib/gcc/arm-none-eabi/10.3.1/../../../arm-none-eabi/lib/thumb/v6-m/nofp/libc.a(lib_a-readr.o)
                0x000000001000d9c8                _read_r
 .text          0x000000001000d9f0       0xe0 /usr/lib/gcc/arm-none-eabi/10.3.1/../../../arm-none-eabi/lib/thumb/v6-m/nofp/libc.a(lib_a-wbuf.o)
                0x000000001000d9f0                __swbuf_r
                0x000000001000dab8                __swbuf
 .text          0x000000001000dad0       0x84 /usr/lib/gcc/arm-none-eabi/10.3.1/../../../arm-none-eabi/lib/thumb/v6-m/nofp/libc.a(lib_a-wcrtomb.o)
                0x000000001000dad0                _wcrtomb_r
                0x000000001000db10                wcrtomb
 .text          0x000000001000db54       0x2c /usr/lib/gcc/arm-none-eabi/10.3.1/../../../arm-none-eabi/lib/thumb/v6-m/nofp/libc.a(lib_a-wctomb_r.o)
                0x000000001000db54                _wctomb_r
                0x000000001000db64                __ascii_wctomb
 *(.fini)
 .fini          0x000000001000db80        0x4 /usr/lib/gcc/arm-none-eabi/10.3.1/thumb/v6-m/nofp/crti.o
                0x000000001000db80                _fini
 *fill*         0x000000001000db84        0x4 
 .fini.__stub   0x000000001000db88       0xa0 linker stubs
 *crtbegin.o(.ctors)
 *crtbegin?.o(.ctors)
 *(EXCLUDE_FILE(*crtend.o *crtend?.o) .ctors)
 *(SORT_BY_NAME(.ctors.*))
 *(.ctors)
 *crtbegin.o(.dtors)
 *crtbegin?.o(.dtors)
 *(EXCLUDE_FILE(*crtend.o *crtend?.o) .dtors)
 *(SORT_BY_NAME(.dtors.*))
 *(.dtors)
 *(.eh_frame*)
 .eh_frame      0x000000001000dc28        0x0 /usr/lib/gcc/arm-none-eabi/10.3.1/thumb/v6-m/nofp/crtbegin.o
                0x000000001000dc28                . = ALIGN (0x4)

.glue_7         0x000000001000dc28        0x0
 .glue_7        0x000000001000dc28        0x0 linker stubs

.glue_7t        0x000000001000dc28        0x0
 .glue_7t       0x000000001000dc28        0x0 linker stubs

.vfp11_veneer   0x000000001000dc28        0x0
 .vfp11_veneer  0x000000001000dc28        0x0 linker stubs

.v4_bx          0x000000001000dc28        0x0
 .v4_bx         0x000000001000dc28        0x0 linker stubs

.iplt           0x000000001000dc28        0x0
 .iplt          0x000000001000dc28        0x0 /usr/lib/gcc/arm-none-eabi/10.3.1/thumb/v6-m/nofp/crtbegin.o

.rodata         0x000000001000dc28     0x3f50
 *(EXCLUDE_FILE(*libm.a: *libc.a:*lib_a-mem*.o *libgcc.a:) .rodata*)
 .rodata._receivemessages_mainreaction_function_1.str1.4
                0x000000001000dc28       0x1f CMakeFiles/ReceiveMessages.dir/_receivemessages_main.c.obj
 *fill*         0x000000001000dc47        0x1 
 .rodata._receivemessages_mainreaction_function_0.str1.4
                0x000000001000dc48        0x3 CMakeFiles/ReceiveMessages.dir/_receivemessages_main.c.obj
 *fill*         0x000000001000dc4b        0x1 
 .rodata.new__receivemessages_main.str1.4
                0x000000001000dc4c        0x2 CMakeFiles/ReceiveMessages.dir/_receivemessages_main.c.obj
 .rodata.new__display.str1.4
                0x000000001000dc4e        0x2 CMakeFiles/ReceiveMessages.dir/_display.c.obj
 *fill*         0x000000001000dc4e        0x2 
 .rodata.spin_lock_claim_unused.str1.4
                0x000000001000dc50       0x1b CMakeFiles/ReceiveMessages.dir/home/foobar/pico-sdk/src/rp2_common/hardware_sync/sync.c.obj
 *fill*         0x000000001000dc6b        0x5 
 .rodata.at_the_end_of_time
                0x000000001000dc70        0x8 CMakeFiles/ReceiveMessages.dir/home/foobar/pico-sdk/src/common/pico_time/time.c.obj
                0x000000001000dc70                at_the_end_of_time
 .rodata.hardware_alarm_claim.str1.4
                0x000000001000dc78       0x22 CMakeFiles/ReceiveMessages.dir/home/foobar/pico-sdk/src/rp2_common/hardware_timer/timer.c.obj
 *fill*         0x000000001000dc9a        0x2 
 .rodata.__assert_func.str1.4
                0x000000001000dc9c       0x3f CMakeFiles/ReceiveMessages.dir/home/foobar/pico-sdk/src/rp2_common/pico_runtime/runtime.c.obj
                                         0x43 (size before relaxing)
 *fill*         0x000000001000dcdb        0x1 
 .rodata.panic.str1.4
                0x000000001000dcdc       0x10 CMakeFiles/ReceiveMessages.dir/home/foobar/pico-sdk/src/rp2_common/pico_runtime/runtime.c.obj
                                         0x12 (size before relaxing)
 .rodata.hard_assertion_failure.str1.4
                0x000000001000dcec        0xc CMakeFiles/ReceiveMessages.dir/home/foobar/pico-sdk/src/rp2_common/pico_runtime/runtime.c.obj
 .rodata._ftoa.str1.4
                0x000000001000dcf8       0x15 CMakeFiles/ReceiveMessages.dir/home/foobar/pico-sdk/src/rp2_common/pico_printf/printf.c.obj
 *fill*         0x000000001000dd0d        0x3 
 .rodata._vsnprintf
                0x000000001000dd10      0x1e0 CMakeFiles/ReceiveMessages.dir/home/foobar/pico-sdk/src/rp2_common/pico_printf/printf.c.obj
 .rodata.pow10.0
                0x000000001000def0       0x50 CMakeFiles/ReceiveMessages.dir/home/foobar/pico-sdk/src/rp2_common/pico_printf/printf.c.obj
 .rodata.missing_double_func_shim.str1.4
                0x000000001000df40       0x18 CMakeFiles/ReceiveMessages.dir/home/foobar/pico-sdk/src/rp2_common/pico_double/double_init_rom.c.obj
 .rodata.missing_float_func_shim.str1.4
                0x000000001000df58        0x1 CMakeFiles/ReceiveMessages.dir/home/foobar/pico-sdk/src/rp2_common/pico_float/float_init_rom.c.obj
 .rodata.__wrap_malloc.str1.4
                0x000000001000df58        0xe CMakeFiles/ReceiveMessages.dir/home/foobar/pico-sdk/src/rp2_common/pico_malloc/pico_malloc.c.obj
 *fill*         0x000000001000df66        0x2 
 .rodata.str1.4
                0x000000001000df68       0x54 CMakeFiles/ReceiveMessages.dir/home/foobar/pico-sdk/src/rp2_common/pico_standard_link/binary_info.c.obj
 .rodata.__bi_44
                0x000000001000dfbc        0xc CMakeFiles/ReceiveMessages.dir/home/foobar/pico-sdk/src/rp2_common/pico_standard_link/binary_info.c.obj
 .rodata.__bi_75
                0x000000001000dfc8        0xc CMakeFiles/ReceiveMessages.dir/home/foobar/pico-sdk/src/rp2_common/pico_standard_link/binary_info.c.obj
 .rodata.__bi_81
                0x000000001000dfd4        0xc CMakeFiles/ReceiveMessages.dir/home/foobar/pico-sdk/src/rp2_common/pico_standard_link/binary_info.c.obj
 .rodata.crlf_str.0
                0x000000001000dfe0        0x2 CMakeFiles/ReceiveMessages.dir/home/foobar/pico-sdk/src/rp2_common/pico_stdio/stdio.c.obj
 *fill*         0x000000001000dfe2        0x2 
 .rodata._lf_physical_time.str1.4
                0x000000001000dfe4       0x23 core/libcore.a(tag.c.obj)
 *fill*         0x000000001000e007        0x1 
 .rodata.lf_comma_separated_time.str1.4
                0x000000001000e008       0x14 core/libcore.a(tag.c.obj)
                                         0x18 (size before relaxing)
 .rodata._lf_allocate.str1.4
                0x000000001000e01c        0xf core/libcore.a(reactor_common.c.obj)
 *fill*         0x000000001000e02b        0x1 
 .rodata._lf_schedule.str1.4
                0x000000001000e02c       0x6f core/libcore.a(reactor_common.c.obj)
 *fill*         0x000000001000e09b        0x1 
 .rodata._lf_advance_logical_time.str1.4
                0x000000001000e09c       0x40 core/libcore.a(reactor_common.c.obj)
 .rodata.usage.str1.4
                0x000000001000e0dc      0x248 core/libcore.a(reactor_common.c.obj)
                                        0x24a (size before relaxing)
 .rodata.process_args.str1.4
                0x000000001000e324      0x1c3 core/libcore.a(reactor_common.c.obj)
 *fill*         0x000000001000e4e7        0x1 
 .rodata.termination.str1.4
                0x000000001000e4e8      0x1ce core/libcore.a(reactor_common.c.obj)
 *fill*         0x000000001000e6b6        0x2 
 .rodata._lf_free_token.part.0.str1.4
                0x000000001000e6b8       0xbd core/libcore.a(lf_token.c.obj)
 *fill*         0x000000001000e775        0x3 
 .rodata._lf_get_token.str1.4
                0x000000001000e778       0x32 core/libcore.a(lf_token.c.obj)
 .rodata.environment_init.str1.4
                0x000000001000e7aa        0xe core/libcore.a(environment.c.obj)
 *fill*         0x000000001000e7aa        0x6 
 .rodata        0x000000001000e7b0       0x10 core/libcore.a(environment.c.obj)
 .rodata._lf_trigger_reaction.str1.4
                0x000000001000e7c0       0x2a core/libcore.a(reactor.c.obj)
 .rodata.next.str1.4
                0x000000001000e7ea       0x45 core/libcore.a(reactor.c.obj)
 *fill*         0x000000001000e7ea        0x2 
 .rodata.lf_reactor_c_main.str1.4
                0x000000001000e7ec       0x72 core/libcore.a(reactor.c.obj)
 *fill*         0x000000001000e85e        0x2 
 .rodata        0x000000001000e860       0x10 core/libcore.a(reactor.c.obj)
 .rodata.find_equal_same_priority.str1.4
                0x000000001000e870       0x3d core/libcore.a(pqueue.c.obj)
 *fill*         0x000000001000e8ad        0x3 
 .rodata._lf_message_print.str1.4
                0x000000001000e8b0       0x1b core/libcore.a(util.c.obj)
 .rodata.lf_print.str1.4
                0x000000001000e8cb        0x1 core/libcore.a(util.c.obj)
 *fill*         0x000000001000e8cb        0x1 
 .rodata.lf_print_error.str1.4
                0x000000001000e8cc        0x8 core/libcore.a(util.c.obj)
 .rodata.lf_print_warning.str1.4
                0x000000001000e8d4        0xa core/libcore.a(util.c.obj)
 *fill*         0x000000001000e8de        0x2 
 .rodata.lf_print_error_and_exit.str1.4
                0x000000001000e8e0        0xe core/libcore.a(util.c.obj)
 *fill*         0x000000001000e8ee        0x2 
 .rodata.checkerboard
                0x000000001000e8f0       0x10 robot/librobot.a(display.c.obj)
                0x000000001000e8f0                checkerboard
 .rodata.font_8x8
                0x000000001000e900     0x10a8 robot/librobot.a(font_8x8.c.obj)
                0x000000001000e900                font_8x8
 .rodata.font_8x16
                0x000000001000f9a8     0x1bb8 robot/librobot.a(font_8x16.c.obj)
                0x000000001000f9a8                font_8x16
 .rodata.sh1106_configure_default.str1.4
                0x0000000010011560        0x7 robot/librobot.a(sh1106.c.obj)
 *fill*         0x0000000010011567        0x1 
 .rodata        0x0000000010011568        0x4 /usr/lib/gcc/arm-none-eabi/10.3.1/../../../arm-none-eabi/lib/thumb/v6-m/nofp/libc.a(lib_a-impure.o)
                0x0000000010011568                _global_impure_ptr
 .rodata.str1.4
                0x000000001001156c       0x3b /usr/lib/gcc/arm-none-eabi/10.3.1/../../../arm-none-eabi/lib/thumb/v6-m/nofp/libc.a(lib_a-vfprintf.o)
                                         0x42 (size before relaxing)
 *fill*         0x00000000100115a7        0x1 
 .rodata        0x00000000100115a8      0x184 /usr/lib/gcc/arm-none-eabi/10.3.1/../../../arm-none-eabi/lib/thumb/v6-m/nofp/libc.a(lib_a-vfprintf.o)
 .rodata        0x000000001001172c      0x101 /usr/lib/gcc/arm-none-eabi/10.3.1/../../../arm-none-eabi/lib/thumb/v6-m/nofp/libc.a(lib_a-ctype_.o)
                0x000000001001172c                _ctype_
 *fill*         0x000000001001182d        0x3 
 .rodata.str1.4
                0x0000000010011830       0x56 /usr/lib/gcc/arm-none-eabi/10.3.1/../../../arm-none-eabi/lib/thumb/v6-m/nofp/libc.a(lib_a-dtoa.o)
                                         0x5a (size before relaxing)
 *fill*         0x0000000010011886        0x2 
 .rodata.str1.4
                0x0000000010011888       0x33 /usr/lib/gcc/arm-none-eabi/10.3.1/../../../arm-none-eabi/lib/thumb/v6-m/nofp/libc.a(lib_a-mprec.o)
                                         0x47 (size before relaxing)
 *fill*         0x00000000100118bb        0x5 
 .rodata        0x00000000100118c0      0x128 /usr/lib/gcc/arm-none-eabi/10.3.1/../../../arm-none-eabi/lib/thumb/v6-m/nofp/libc.a(lib_a-mprec.o)
                0x00000000100118d0                __mprec_tinytens
                0x00000000100118f8                __mprec_bigtens
                0x0000000010011920                __mprec_tens
 .rodata.str1.4
                0x00000000100119e8       0x2f /usr/lib/gcc/arm-none-eabi/10.3.1/../../../arm-none-eabi/lib/thumb/v6-m/nofp/libc.a(lib_a-vfiprintf.o)
 .rodata        0x00000000100119e8      0x184 /usr/lib/gcc/arm-none-eabi/10.3.1/../../../arm-none-eabi/lib/thumb/v6-m/nofp/libc.a(lib_a-vfiprintf.o)
 .rodata.str1.4
                0x0000000010011b6c        0xa /usr/lib/gcc/arm-none-eabi/10.3.1/../../../arm-none-eabi/lib/thumb/v6-m/nofp/libc.a(lib_a-locale.o)
                                         0x12 (size before relaxing)
                0x0000000010011b78                . = ALIGN (0x4)
 *fill*         0x0000000010011b76        0x2 
 *(SORT_BY_ALIGNMENT(SORT_BY_NAME(.flashdata*)))
                0x0000000010011b78                . = ALIGN (0x4)

.ARM.extab
 *(.ARM.extab* .gnu.linkonce.armextab.*)
                0x0000000010011b78                __exidx_start = .

.ARM.exidx
 *(.ARM.exidx* .gnu.linkonce.armexidx.*)
                0x0000000010011b78                __exidx_end = .
                0x0000000010011b78                . = ALIGN (0x4)
                0x0000000010011b78                __binary_info_start = .

.binary_info    0x0000000010011b78       0x1c
 *(.binary_info.keep.*)
 .binary_info.keep.__bi_ptr22
                0x0000000010011b78        0x4 CMakeFiles/ReceiveMessages.dir/home/foobar/pico-sdk/src/rp2_common/pico_standard_link/binary_info.c.obj
 .binary_info.keep.__bi_ptr30
                0x0000000010011b7c        0x4 CMakeFiles/ReceiveMessages.dir/home/foobar/pico-sdk/src/rp2_common/pico_standard_link/binary_info.c.obj
 .binary_info.keep.__bi_ptr38
                0x0000000010011b80        0x4 CMakeFiles/ReceiveMessages.dir/home/foobar/pico-sdk/src/rp2_common/pico_standard_link/binary_info.c.obj
 .binary_info.keep.__bi_ptr44
                0x0000000010011b84        0x4 CMakeFiles/ReceiveMessages.dir/home/foobar/pico-sdk/src/rp2_common/pico_standard_link/binary_info.c.obj
 .binary_info.keep.__bi_ptr50
                0x0000000010011b88        0x4 CMakeFiles/ReceiveMessages.dir/home/foobar/pico-sdk/src/rp2_common/pico_standard_link/binary_info.c.obj
 .binary_info.keep.__bi_ptr75
                0x0000000010011b8c        0x4 CMakeFiles/ReceiveMessages.dir/home/foobar/pico-sdk/src/rp2_common/pico_standard_link/binary_info.c.obj
 .binary_info.keep.__bi_ptr81
                0x0000000010011b90        0x4 CMakeFiles/ReceiveMessages.dir/home/foobar/pico-sdk/src/rp2_common/pico_standard_link/binary_info.c.obj
 *(.binary_info.*)
                0x0000000010011b94                __binary_info_end = .

.rel.dyn        0x0000000010011b94        0x0
 .rel.iplt      0x0000000010011b94        0x0 /usr/lib/gcc/arm-none-eabi/10.3.1/thumb/v6-m/nofp/crtbegin.o
                0x0000000010011b94                . = ALIGN (0x4)

.ram_vector_table
                0x0000000020000000       0xc0
 *(.ram_vector_table)
 .ram_vector_table
                0x0000000020000000       0xc0 CMakeFiles/ReceiveMessages.dir/home/foobar/pico-sdk/src/rp2_common/pico_runtime/runtime.c.obj
                0x0000000020000000                ram_vector_table

.data           0x00000000200000c0      0xe18 load address 0x0000000010011b94
                0x00000000200000c0                __data_start__ = .
 *(vtable)
 *(.time_critical*)
 .time_critical.sem_acquire_block_until
                0x00000000200000c0       0x68 CMakeFiles/ReceiveMessages.dir/home/foobar/pico-sdk/src/common/pico_sync/sem.c.obj
                0x00000000200000c0                sem_acquire_block_until
 .time_critical.sem_reset
                0x0000000020000128       0x40 CMakeFiles/ReceiveMessages.dir/home/foobar/pico-sdk/src/common/pico_sync/sem.c.obj
                0x0000000020000128                sem_reset
 .time_critical.mutex_enter_blocking
                0x0000000020000168       0x48 CMakeFiles/ReceiveMessages.dir/home/foobar/pico-sdk/src/common/pico_sync/mutex.c.obj
                0x0000000020000168                mutex_enter_blocking
 .time_critical.mutex_try_enter_block_until
                0x00000000200001b0       0x9c CMakeFiles/ReceiveMessages.dir/home/foobar/pico-sdk/src/common/pico_sync/mutex.c.obj
                0x00000000200001b0                mutex_try_enter_block_until
 .time_critical.mutex_exit
                0x000000002000024c       0x28 CMakeFiles/ReceiveMessages.dir/home/foobar/pico-sdk/src/common/pico_sync/mutex.c.obj
                0x000000002000024c                mutex_exit
 .time_critical.spi_write_blocking
                0x0000000020000274       0x4c CMakeFiles/ReceiveMessages.dir/home/foobar/pico-sdk/src/rp2_common/hardware_spi/spi.c.obj
                0x0000000020000274                spi_write_blocking
 *(.text*)
 .text          0x00000000200002c0        0x4 /usr/lib/gcc/arm-none-eabi/10.3.1/thumb/v6-m/nofp/libgcc.a(_dvmd_tls.o)
                0x00000000200002c0                __aeabi_ldiv0
                0x00000000200002c0                __aeabi_idiv0
 .text          0x00000000200002c4       0x74 /usr/lib/gcc/arm-none-eabi/10.3.1/../../../arm-none-eabi/lib/thumb/v6-m/nofp/libc.a(lib_a-memchr-stub.o)
                0x00000000200002c4                memchr
 .text          0x0000000020000338       0xac /usr/lib/gcc/arm-none-eabi/10.3.1/../../../arm-none-eabi/lib/thumb/v6-m/nofp/libc.a(lib_a-memmove.o)
                0x0000000020000338                memmove
 *fill*         0x00000000200003e4        0x4 
 .text.__stub   0x00000000200003e8       0x10 linker stubs
                0x00000000200003f8                . = ALIGN (0x4)
 *(.rodata*)
                0x00000000200003f8                . = ALIGN (0x4)
 *(.data*)
 .data.SET_NAME_COMMAND
                0x00000000200003f8        0xa CMakeFiles/ReceiveMessages.dir/_receivemessages_main.c.obj
 .data.striped_spin_lock_num
                0x0000000020000402        0x1 CMakeFiles/ReceiveMessages.dir/home/foobar/pico-sdk/src/rp2_common/hardware_sync/sync.c.obj
 *fill*         0x0000000020000403        0x1 
 .data          0x0000000020000404       0x48 CMakeFiles/ReceiveMessages.dir/home/foobar/pico-sdk/src/rp2_common/hardware_irq/irq_handler_chain.S.obj
                0x0000000020000404                irq_handler_chain_slots
                0x0000000020000434                irq_handler_chain_first_slot
                0x000000002000043e                irq_handler_chain_remove_tail
 .data.default_alarm_pool
                0x000000002000044c       0x18 CMakeFiles/ReceiveMessages.dir/home/foobar/pico-sdk/src/common/pico_time/time.c.obj
 .data.default_alarm_pool_heap
                0x0000000020000464       0x10 CMakeFiles/ReceiveMessages.dir/home/foobar/pico-sdk/src/common/pico_time/time.c.obj
 *fill*         0x0000000020000474        0xc 
 .data.aeabi_bits_funcs
                0x0000000020000480       0x10 CMakeFiles/ReceiveMessages.dir/home/foobar/pico-sdk/src/rp2_common/pico_bit_ops/bit_ops_aeabi.S.obj
                0x0000000020000480                aeabi_bits_funcs
                0x0000000020000490                aeabi_bits_funcs_end
 .data.aeabi_mem_funcs
                0x0000000020000490       0x10 CMakeFiles/ReceiveMessages.dir/home/foobar/pico-sdk/src/rp2_common/pico_mem_ops/mem_ops_aeabi.S.obj
                0x0000000020000490                aeabi_mem_funcs
                0x00000000200004a0                aeabi_mem_funcs_end
 .data._lf_last_reported_unadjusted_physical_time_ns
                0x00000000200004a0        0x8 core/libcore.a(tag.c.obj)
                0x00000000200004a0                _lf_last_reported_unadjusted_physical_time_ns
 .data.start_time
                0x00000000200004a8        0x8 core/libcore.a(tag.c.obj)
                0x00000000200004a8                start_time
 .data.duration
                0x00000000200004b0        0x8 core/libcore.a(reactor_common.c.obj)
                0x00000000200004b0                duration
 .data._lf_my_fed_id
                0x00000000200004b8        0x4 core/libcore.a(util.c.obj)
                0x00000000200004b8                _lf_my_fed_id
 .data.print_message_level
                0x00000000200004bc        0x4 core/libcore.a(util.c.obj)
                0x00000000200004bc                print_message_level
 .data.color32_funcs
                0x00000000200004c0       0x20 robot/librobot.a(display.c.obj)
                0x00000000200004c0                color32_funcs
 .data.color8_funcs
                0x00000000200004e0       0x20 robot/librobot.a(display.c.obj)
                0x00000000200004e0                color8_funcs
 .data.display_font
                0x0000000020000500        0x4 robot/librobot.a(display.c.obj)
                0x0000000020000500                display_font
 *fill*         0x0000000020000504        0x4 
 .data          0x0000000020000508      0x430 /usr/lib/gcc/arm-none-eabi/10.3.1/../../../arm-none-eabi/lib/thumb/v6-m/nofp/libc.a(lib_a-impure.o)
                0x0000000020000508                _impure_ptr
 .data          0x0000000020000938      0x410 /usr/lib/gcc/arm-none-eabi/10.3.1/../../../arm-none-eabi/lib/thumb/v6-m/nofp/libc.a(lib_a-mallocr.o)
                0x0000000020000938                __malloc_sbrk_base
                0x000000002000093c                __malloc_trim_threshold
                0x0000000020000940                __malloc_av_
 .data          0x0000000020000d48      0x16c /usr/lib/gcc/arm-none-eabi/10.3.1/../../../arm-none-eabi/lib/thumb/v6-m/nofp/libc.a(lib_a-locale.o)
                0x0000000020000d48                __global_locale
                0x0000000020000eb4                . = ALIGN (0x4)
 *(.after_data.*)
                0x0000000020000eb4                . = ALIGN (0x4)
                0x0000000020000eb4                PROVIDE (__mutex_array_start = .)
 *(SORT_BY_NAME(.mutex_array.*))
 *(.mutex_array)
 .mutex_array   0x0000000020000eb4        0x8 CMakeFiles/ReceiveMessages.dir/home/foobar/pico-sdk/src/rp2_common/pico_malloc/pico_malloc.c.obj
 .mutex_array   0x0000000020000ebc        0x8 CMakeFiles/ReceiveMessages.dir/home/foobar/pico-sdk/src/rp2_common/pico_stdio/stdio.c.obj
                0x0000000020000ec4                PROVIDE (__mutex_array_end = .)
                0x0000000020000ec4                . = ALIGN (0x4)
                0x0000000020000ec4                PROVIDE (__preinit_array_start = .)
 *(SORT_BY_NAME(.preinit_array.*))
 .preinit_array.00001
                0x0000000020000ec4        0x4 CMakeFiles/ReceiveMessages.dir/home/foobar/pico-sdk/src/rp2_common/pico_mem_ops/mem_ops_aeabi.S.obj
 .preinit_array.00010
                0x0000000020000ec8        0x4 CMakeFiles/ReceiveMessages.dir/home/foobar/pico-sdk/src/rp2_common/pico_bit_ops/bit_ops_aeabi.S.obj
 .preinit_array.00020
                0x0000000020000ecc        0x4 CMakeFiles/ReceiveMessages.dir/home/foobar/pico-sdk/src/rp2_common/pico_double/double_aeabi.S.obj
 .preinit_array.00020
                0x0000000020000ed0        0x4 CMakeFiles/ReceiveMessages.dir/home/foobar/pico-sdk/src/rp2_common/pico_float/float_aeabi.S.obj
 *(.preinit_array)
                0x0000000020000ed4                PROVIDE (__preinit_array_end = .)
                0x0000000020000ed4                . = ALIGN (0x4)
                0x0000000020000ed4                PROVIDE (__init_array_start = .)
 *(SORT_BY_NAME(.init_array.*))
 *(.init_array)
 .init_array    0x0000000020000ed4        0x4 /usr/lib/gcc/arm-none-eabi/10.3.1/thumb/v6-m/nofp/crtbegin.o
                0x0000000020000ed8                PROVIDE (__init_array_end = .)
                0x0000000020000ed8                . = ALIGN (0x4)
                0x0000000020000ed8                PROVIDE (__fini_array_start = .)
 *(SORT_BY_NAME(.fini_array.*))
 *(.fini_array)
                0x0000000020000ed8                PROVIDE (__fini_array_end = .)
 *(.jcr)
                0x0000000020000ed8                . = ALIGN (0x4)
                0x0000000020000ed8                __data_end__ = .
                0x0000000010011b94                __etext = LOADADDR (.data)

.tm_clone_table
                0x0000000020000ed8        0x0 load address 0x00000000100129ac
 .tm_clone_table
                0x0000000020000ed8        0x0 /usr/lib/gcc/arm-none-eabi/10.3.1/thumb/v6-m/nofp/crtbegin.o
 .tm_clone_table
                0x0000000020000ed8        0x0 /usr/lib/gcc/arm-none-eabi/10.3.1/thumb/v6-m/nofp/crtend.o

.igot.plt       0x0000000020000ed8        0x0 load address 0x00000000100129ac
 .igot.plt      0x0000000020000ed8        0x0 /usr/lib/gcc/arm-none-eabi/10.3.1/thumb/v6-m/nofp/crtbegin.o

.uninitialized_data
                0x0000000020000ed8        0x0 load address 0x00000000100129ac
                0x0000000020000ed8                . = ALIGN (0x4)
 *(.uninitialized_data*)

.scratch_x      0x0000000020040000        0x0 load address 0x00000000100129ac
                0x0000000020040000                __scratch_x_start__ = .
 *(.scratch_x.*)
                0x0000000020040000                . = ALIGN (0x4)
                0x0000000020040000                __scratch_x_end__ = .
                0x00000000100129ac                __scratch_x_source__ = LOADADDR (.scratch_x)

.scratch_y      0x0000000020041000        0x0 load address 0x00000000100129ac
                0x0000000020041000                __scratch_y_start__ = .
 *(.scratch_y.*)
                0x0000000020041000                . = ALIGN (0x4)
                0x0000000020041000                __scratch_y_end__ = .
                0x00000000100129ac                __scratch_y_source__ = LOADADDR (.scratch_y)

.bss            0x0000000020000ed8      0xa48
                0x0000000020000ed8                . = ALIGN (0x4)
                0x0000000020000ed8                __bss_start__ = .
 *(SORT_BY_ALIGNMENT(SORT_BY_NAME(.bss*)))
 .bss._lf_last_reported_physical_time_ns
                0x0000000020000ed8        0x8 core/libcore.a(tag.c.obj)
                0x0000000020000ed8                _lf_last_reported_physical_time_ns
 .bss._lf_time_physical_clock_offset
                0x0000000020000ee0        0x8 core/libcore.a(tag.c.obj)
                0x0000000020000ee0                _lf_time_physical_clock_offset
 .bss._lf_time_test_physical_clock_offset
                0x0000000020000ee8        0x8 core/libcore.a(tag.c.obj)
                0x0000000020000ee8                _lf_time_test_physical_clock_offset
 .bss.default_alarm_pool_entries
                0x0000000020000ef0      0x100 CMakeFiles/ReceiveMessages.dir/home/foobar/pico-sdk/src/common/pico_time/time.c.obj
 .bss.envs      0x0000000020000ff0       0x88 CMakeFiles/ReceiveMessages.dir/ReceiveMessages.c.obj
                0x0000000020000ff0                envs
 .bss.sd_table  0x0000000020001078      0x100 CMakeFiles/ReceiveMessages.dir/home/foobar/pico-sdk/src/rp2_common/pico_double/double_init_rom.c.obj
                0x0000000020001078                sd_table
 .bss           0x0000000020001178       0x1c /usr/lib/gcc/arm-none-eabi/10.3.1/thumb/v6-m/nofp/crtbegin.o
 .bss           0x0000000020001194       0x34 /usr/lib/gcc/arm-none-eabi/10.3.1/../../../arm-none-eabi/lib/thumb/v6-m/nofp/libc.a(lib_a-mallocr.o)
                0x0000000020001194                __malloc_top_pad
                0x0000000020001198                __malloc_current_mallinfo
                0x00000000200011c0                __malloc_max_sbrked_mem
                0x00000000200011c4                __malloc_max_total_mem
 .bss           0x00000000200011c8        0x4 /usr/lib/gcc/arm-none-eabi/10.3.1/../../../arm-none-eabi/lib/thumb/v6-m/nofp/libc.a(lib_a-reent.o)
                0x00000000200011c8                errno
 .bss._initial.0
                0x00000000200011cc       0x64 CMakeFiles/ReceiveMessages.dir/ReceiveMessages.c.obj
 .bss._initial.1
                0x0000000020001230       0x64 CMakeFiles/ReceiveMessages.dir/ReceiveMessages.c.obj
 .bss._initial.2
                0x0000000020001294       0x64 CMakeFiles/ReceiveMessages.dir/ReceiveMessages.c.obj
 .bss._lf_count_payload_allocations
                0x00000000200012f8        0x4 core/libcore.a(lf_token.c.obj)
                0x00000000200012f8                _lf_count_payload_allocations
 .bss._lf_count_token_allocations
                0x00000000200012fc        0x4 core/libcore.a(lf_token.c.obj)
                0x00000000200012fc                _lf_count_token_allocations
 .bss._lf_crit_sec
                0x0000000020001300        0x8 core/libcore.a(lf_rp2040_support.c.obj)
 .bss._lf_num_nested_crit_sec
                0x0000000020001308        0x4 core/libcore.a(lf_rp2040_support.c.obj)
 .bss._lf_number_of_workers
                0x000000002000130c        0x4 core/libcore.a(reactor_common.c.obj)
                0x000000002000130c                _lf_number_of_workers
 .bss._lf_reactors_to_free