Archive member included to satisfy reference by file (symbol)

core/libcore.a(tag.c.obj)     CMakeFiles/RobotDriveSolution.dir/lib/schedule.c.obj (lf_time_logical)
core/libcore.a(reactor_common.c.obj)
                              CMakeFiles/RobotDriveSolution.dir/RobotDriveSolution.c.obj (_lf_allocate)
core/libcore.a(lf_token.c.obj)
                              CMakeFiles/RobotDriveSolution.dir/_robotdrivesolution_main.c.obj (_lf_initialize_token_with_value)
core/libcore.a(environment.c.obj)
                              core/libcore.a(reactor_common.c.obj) (environment_free)
core/libcore.a(reactor.c.obj)
                              CMakeFiles/RobotDriveSolution.dir/_robotdrivesolution_main.c.obj (_lf_set_present)
core/libcore.a(vector.c.obj)  core/libcore.a(reactor_common.c.obj) (vector_at)
core/libcore.a(pqueue.c.obj)  core/libcore.a(environment.c.obj) (pqueue_init)
core/libcore.a(util.c.obj)    core/libcore.a(reactor_common.c.obj) (lf_print)
core/libcore.a(hashset.c.obj)
                              core/libcore.a(lf_token.c.obj) (hashset_num_items)
core/libcore.a(hashset_itr.c.obj)
                              core/libcore.a(lf_token.c.obj) (hashset_iterator)
core/libcore.a(modes.c.obj)   core/libcore.a(reactor_common.c.obj) (_lf_add_suspended_event)
core/libcore.a(lf_rp2040_support.c.obj)
                              core/libcore.a(reactor.c.obj) (_lf_initialize_clock)
robot/librobot.a(display.c.obj)
                              CMakeFiles/RobotDriveSolution.dir/_display.c.obj (display_set_font)
robot/librobot.a(font_8x8.c.obj)
                              robot/librobot.a(display.c.obj) (font_8x8)
robot/librobot.a(font_8x16.c.obj)
                              CMakeFiles/RobotDriveSolution.dir/_display.c.obj (font_8x16)
robot/librobot.a(motors.c.obj)
                              CMakeFiles/RobotDriveSolution.dir/_motors.c.obj (motors_init)
robot/librobot.a(sh1106.c.obj)
                              robot/librobot.a(display.c.obj) (sh1106_transfer_start)
/usr/lib/gcc/arm-none-eabi/10.3.1/thumb/v6-m/nofp/libgcc.a(_dvmd_tls.o)
                              CMakeFiles/RobotDriveSolution.dir/home/foobar/pico-sdk/src/rp2_common/pico_divider/divider.S.obj (__aeabi_idiv0)
/usr/lib/gcc/arm-none-eabi/10.3.1/../../../arm-none-eabi/lib/thumb/v6-m/nofp/libc.a(lib_a-atexit.o)
                              /usr/lib/gcc/arm-none-eabi/10.3.1/../../../arm-none-eabi/lib/thumb/v6-m/nofp/crt0.o (atexit)
/usr/lib/gcc/arm-none-eabi/10.3.1/../../../arm-none-eabi/lib/thumb/v6-m/nofp/libc.a(lib_a-atoi.o)
                              core/libcore.a(reactor_common.c.obj) (atoi)
/usr/lib/gcc/arm-none-eabi/10.3.1/../../../arm-none-eabi/lib/thumb/v6-m/nofp/libc.a(lib_a-atoll.o)
                              core/libcore.a(reactor_common.c.obj) (atoll)
/usr/lib/gcc/arm-none-eabi/10.3.1/../../../arm-none-eabi/lib/thumb/v6-m/nofp/libc.a(lib_a-calloc.o)
                              CMakeFiles/RobotDriveSolution.dir/home/foobar/pico-sdk/src/rp2_common/pico_malloc/pico_malloc.c.obj (calloc)
/usr/lib/gcc/arm-none-eabi/10.3.1/../../../arm-none-eabi/lib/thumb/v6-m/nofp/libc.a(lib_a-callocr.o)
                              /usr/lib/gcc/arm-none-eabi/10.3.1/../../../arm-none-eabi/lib/thumb/v6-m/nofp/libc.a(lib_a-calloc.o) (_calloc_r)
/usr/lib/gcc/arm-none-eabi/10.3.1/../../../arm-none-eabi/lib/thumb/v6-m/nofp/libc.a(lib_a-fini.o)
                              /usr/lib/gcc/arm-none-eabi/10.3.1/../../../arm-none-eabi/lib/thumb/v6-m/nofp/crt0.o (__libc_fini_array)
/usr/lib/gcc/arm-none-eabi/10.3.1/../../../arm-none-eabi/lib/thumb/v6-m/nofp/libc.a(lib_a-impure.o)
                              core/libcore.a(util.c.obj) (_impure_ptr)
/usr/lib/gcc/arm-none-eabi/10.3.1/../../../arm-none-eabi/lib/thumb/v6-m/nofp/libc.a(lib_a-init.o)
                              /usr/lib/gcc/arm-none-eabi/10.3.1/../../../arm-none-eabi/lib/thumb/v6-m/nofp/crt0.o (__libc_init_array)
/usr/lib/gcc/arm-none-eabi/10.3.1/../../../arm-none-eabi/lib/thumb/v6-m/nofp/libc.a(lib_a-malloc.o)
                              CMakeFiles/RobotDriveSolution.dir/home/foobar/pico-sdk/src/rp2_common/pico_malloc/pico_malloc.c.obj (malloc)
/usr/lib/gcc/arm-none-eabi/10.3.1/../../../arm-none-eabi/lib/thumb/v6-m/nofp/libc.a(lib_a-mallocr.o)
                              /usr/lib/gcc/arm-none-eabi/10.3.1/../../../arm-none-eabi/lib/thumb/v6-m/nofp/libc.a(lib_a-callocr.o) (_malloc_r)
/usr/lib/gcc/arm-none-eabi/10.3.1/../../../arm-none-eabi/lib/thumb/v6-m/nofp/libc.a(lib_a-mlock.o)
                              /usr/lib/gcc/arm-none-eabi/10.3.1/../../../arm-none-eabi/lib/thumb/v6-m/nofp/libc.a(lib_a-mallocr.o) (__malloc_lock)
/usr/lib/gcc/arm-none-eabi/10.3.1/../../../arm-none-eabi/lib/thumb/v6-m/nofp/libc.a(lib_a-realloc.o)
                              CMakeFiles/RobotDriveSolution.dir/home/foobar/pico-sdk/src/rp2_common/pico_malloc/pico_malloc.c.obj (realloc)
/usr/lib/gcc/arm-none-eabi/10.3.1/../../../arm-none-eabi/lib/thumb/v6-m/nofp/libc.a(lib_a-reallocr.o)
[...]
Memory Configuration

Name             Origin             Length             Attributes
FLASH            0x0000000010000000 0x0000000000200000 xr
RAM              0x0000000020000000 0x0000000000040000 xrw
SCRATCH_X        0x0000000020040000 0x0000000000001000 xrw
SCRATCH_Y        0x0000000020041000 0x0000000000001000 xrw
*default*        0x0000000000000000 0xffffffffffffffff

Linker script and memory map

LOAD /usr/lib/gcc/arm-none-eabi/10.3.1/thumb/v6-m/nofp/crti.o
LOAD /usr/lib/gcc/arm-none-eabi/10.3.1/thumb/v6-m/nofp/crtbegin.o
LOAD /usr/lib/gcc/arm-none-eabi/10.3.1/../../../arm-none-eabi/lib/thumb/v6-m/nofp/crt0.o

.flash_begin    0x0000000010000000        0x0
                0x0000000010000000                __flash_binary_start = .

.boot2          0x0000000010000000      0x100
                0x0000000010000000                __boot2_start__ = .
 *(.boot2)
 .boot2         0x0000000010000000      0x100 /tmp/cc4FwaSC.o
                0x0000000010000100                __boot2_end__ = .
                0x0000000000000001                ASSERT (((__boot2_end__ - __boot2_start__) == 0x100), ERROR: Pico second stage bootloader must be 256 bytes in size)

.text           0x0000000010000100     0xe9a8
                0x0000000010000100                __logical_binary_start = .
 *(.vectors)
 .vectors       0x0000000010000100       0xd4 CMakeFiles/RobotDriveSolution.dir/home/foobar/pico-sdk/src/rp2_common/pico_standard_link/crt0.S.obj
                0x0000000010000100                __vectors
                0x0000000010000100                __VECTOR_TABLE
                0x00000000100001c0                isr_invalid
                0x00000000100001c0                __default_isrs_start
                0x00000000100001c2                isr_nmi
                0x00000000100001c4                isr_hardfault
                0x00000000100001c6                isr_svcall
                0x00000000100001c8                isr_pendsv
                0x00000000100001ca                isr_systick
                0x00000000100001cc                isr_irq30
                0x00000000100001cc                __unhandled_user_irq
                0x00000000100001cc                isr_irq13
                0x00000000100001cc                isr_irq27
                0x00000000100001cc                isr_irq31
                0x00000000100001cc                isr_irq5
                0x00000000100001cc                isr_irq11
                0x00000000100001cc                isr_irq23
                0x00000000100001cc                isr_irq18
                0x00000000100001cc                isr_irq28
                0x00000000100001cc                isr_irq19
                0x00000000100001cc                isr_irq0
                0x00000000100001cc                isr_irq6
                0x00000000100001cc                isr_irq22
                0x00000000100001cc                isr_irq17
                0x00000000100001cc                isr_irq14
                0x00000000100001cc                isr_irq2
                0x00000000100001cc                isr_irq10
                0x00000000100001cc                isr_irq8
                0x00000000100001cc                isr_irq24
                0x00000000100001cc                isr_irq1
                0x00000000100001cc                isr_irq7
                0x00000000100001cc                isr_irq21
                0x00000000100001cc                isr_irq20
                0x00000000100001cc                isr_irq15
                0x00000000100001cc                isr_irq25
                0x00000000100001cc                isr_irq4
                0x00000000100001cc                isr_irq16
                0x00000000100001cc                isr_irq29
                0x00000000100001cc                isr_irq26
                0x00000000100001cc                __default_isrs_end
                0x00000000100001cc                isr_irq3
                0x00000000100001cc                isr_irq12
                0x00000000100001cc                isr_irq9
                0x00000000100001d2                unhandled_user_irq_num_in_r0
 *(.binary_info_header)
 .binary_info_header
                0x00000000100001d4       0x14 CMakeFiles/RobotDriveSolution.dir/home/foobar/pico-sdk/src/rp2_common/pico_standard_link/crt0.S.obj
                0x00000000100001e8                __binary_info_header_end = .
 *(.reset)
 .reset         0x00000000100001e8       0xa0 CMakeFiles/RobotDriveSolution.dir/home/foobar/pico-sdk/src/rp2_common/pico_standard_link/crt0.S.obj
                0x00000000100001e8                _entry_point
 .reset         0x0000000010000288       0x30 CMakeFiles/RobotDriveSolution.dir/home/foobar/pico-sdk/src/rp2_common/pico_standard_link/binary_info.c.obj
 *(.init)
 .init          0x00000000100002b8        0x4 /usr/lib/gcc/arm-none-eabi/10.3.1/thumb/v6-m/nofp/crti.o
                0x00000000100002b8                _init
 *(EXCLUDE_FILE(*libm.a: *libc.a:*lib_a-mem*.o *libgcc.a:) .text*)
 .text          0x00000000100002bc       0x98 /usr/lib/gcc/arm-none-eabi/10.3.1/thumb/v6-m/nofp/crtbegin.o
 .text._robotdrivesolution_mainreaction_function_0
                0x0000000010000354       0x34 CMakeFiles/RobotDriveSolution.dir/_robotdrivesolution_main.c.obj
                0x0000000010000354                _robotdrivesolution_mainreaction_function_0
 .text.new__robotdrivesolution_main
                0x0000000010000388       0x54 CMakeFiles/RobotDriveSolution.dir/_robotdrivesolution_main.c.obj
                0x0000000010000388                new__robotdrivesolution_main
 .text._robotreaction_function_0
                0x00000000100003dc       0x28 CMakeFiles/RobotDriveSolution.dir/_robot.c.obj
                0x00000000100003dc                _robotreaction_function_0
 .text._robotreaction_function_1
                0x0000000010000404       0x84 CMakeFiles/RobotDriveSolution.dir/_robot.c.obj
                0x0000000010000404                _robotreaction_function_1
 .text._robotreaction_function_2
                0x0000000010000488       0x80 CMakeFiles/RobotDriveSolution.dir/_robot.c.obj
                0x0000000010000488                _robotreaction_function_2
 .text.new__robot
                0x0000000010000508      0x12c CMakeFiles/RobotDriveSolution.dir/_robot.c.obj
                0x0000000010000508                new__robot
 .text._motorsreaction_function_1
                0x0000000010000634       0x4c CMakeFiles/RobotDriveSolution.dir/_motors.c.obj
                0x0000000010000634                _motorsreaction_function_1
 .text._motorsreaction_function_2
                0x0000000010000680       0x4c CMakeFiles/RobotDriveSolution.dir/_motors.c.obj
                0x0000000010000680                _motorsreaction_function_2
 .text._motorsreaction_function_0
                0x00000000100006cc        0xc CMakeFiles/RobotDriveSolution.dir/_motors.c.obj
                0x00000000100006cc                _motorsreaction_function_0
 .text.new__motors
                0x00000000100006d8       0xe8 CMakeFiles/RobotDriveSolution.dir/_motors.c.obj
                0x00000000100006d8                new__motors
 .text._displayreaction_function_1
                0x00000000100007c0       0xb4 CMakeFiles/RobotDriveSolution.dir/_display.c.obj
                0x00000000100007c0                _displayreaction_function_1
 .text._displayreaction_function_0
                0x0000000010000874       0x2c CMakeFiles/RobotDriveSolution.dir/_display.c.obj
                0x0000000010000874                _displayreaction_function_0
 .text.new__display
                0x00000000100008a0      0x104 CMakeFiles/RobotDriveSolution.dir/_display.c.obj
                0x00000000100008a0                new__display
 .text.startup.main
                0x00000000100009a4        0xc CMakeFiles/RobotDriveSolution.dir/RobotDriveSolution.c.obj
                0x00000000100009a4                main
 .text._lf_set_default_command_line_options
                0x00000000100009b0        0x4 CMakeFiles/RobotDriveSolution.dir/RobotDriveSolution.c.obj
                0x00000000100009b0                _lf_set_default_command_line_options
 .text._lf_create_environments
                0x00000000100009b4       0x34 CMakeFiles/RobotDriveSolution.dir/RobotDriveSolution.c.obj
                0x00000000100009b4                _lf_create_environments
 .text._lf_get_environments
                0x00000000100009e8        0xc CMakeFiles/RobotDriveSolution.dir/RobotDriveSolution.c.obj
                0x00000000100009e8                _lf_get_environments
 .text._lf_initialize_trigger_objects
                0x00000000100009f4      0x44c CMakeFiles/RobotDriveSolution.dir/RobotDriveSolution.c.obj
                0x00000000100009f4                _lf_initialize_trigger_objects
 .text.terminate_execution
                0x0000000010000e40        0x4 CMakeFiles/RobotDriveSolution.dir/RobotDriveSolution.c.obj
                0x0000000010000e40                terminate_execution
 .text.gpio_set_function
                0x0000000010000e44       0x30 CMakeFiles/RobotDriveSolution.dir/home/foobar/pico-sdk/src/rp2_common/hardware_gpio/gpio.c.obj
                0x0000000010000e44                gpio_set_function
 .text.gpio_init
                0x0000000010000e74       0x3c CMakeFiles/RobotDriveSolution.dir/home/foobar/pico-sdk/src/rp2_common/hardware_gpio/gpio.c.obj
                0x0000000010000e74                gpio_init
 .text.running_on_fpga
                0x0000000010000eb0       0x10 CMakeFiles/RobotDriveSolution.dir/home/foobar/pico-sdk/src/rp2_common/pico_platform/platform.c.obj
                0x0000000010000eb0                running_on_fpga
 .text.hw_claim_or_assert
                0x0000000010000ec0       0x44 CMakeFiles/RobotDriveSolution.dir/home/foobar/pico-sdk/src/rp2_common/hardware_claim/claim.c.obj
                0x0000000010000ec0                hw_claim_or_assert
 .text.hw_claim_unused_from_range
                0x0000000010000f04       0x9c CMakeFiles/RobotDriveSolution.dir/home/foobar/pico-sdk/src/rp2_common/hardware_claim/claim.c.obj
                0x0000000010000f04                hw_claim_unused_from_range
 .text.spin_locks_reset
                0x0000000010000fa0       0x1c CMakeFiles/RobotDriveSolution.dir/home/foobar/pico-sdk/src/rp2_common/hardware_sync/sync.c.obj
                0x0000000010000fa0                spin_locks_reset
 .text.next_striped_spin_lock_num
                0x0000000010000fbc       0x18 CMakeFiles/RobotDriveSolution.dir/home/foobar/pico-sdk/src/rp2_common/hardware_sync/sync.c.obj
                0x0000000010000fbc                next_striped_spin_lock_num
 .text.spin_lock_claim_unused
                0x0000000010000fd4       0x20 CMakeFiles/RobotDriveSolution.dir/home/foobar/pico-sdk/src/rp2_common/hardware_sync/sync.c.obj
                0x0000000010000fd4                spin_lock_claim_unused
 .text.irq_set_enabled
                0x0000000010000ff4       0x24 CMakeFiles/RobotDriveSolution.dir/home/foobar/pico-sdk/src/rp2_common/hardware_irq/irq.c.obj
                0x0000000010000ff4                irq_set_enabled
 .text.irq_get_vtable_handler
                0x0000000010001018       0x10 CMakeFiles/RobotDriveSolution.dir/home/foobar/pico-sdk/src/rp2_common/hardware_irq/irq.c.obj
                0x0000000010001018                irq_get_vtable_handler
 .text.irq_set_exclusive_handler
                0x0000000010001028       0x54 CMakeFiles/RobotDriveSolution.dir/home/foobar/pico-sdk/src/rp2_common/hardware_irq/irq.c.obj
                0x0000000010001028                irq_set_exclusive_handler
 .text.irq_remove_handler
                0x000000001000107c      0x1b0 CMakeFiles/RobotDriveSolution.dir/home/foobar/pico-sdk/src/rp2_common/hardware_irq/irq.c.obj
                0x000000001000107c                irq_remove_handler
 .text.irq_add_tail_to_free_list
                0x000000001000122c       0xb4 CMakeFiles/RobotDriveSolution.dir/home/foobar/pico-sdk/src/rp2_common/hardware_irq/irq.c.obj
                0x000000001000122c                irq_add_tail_to_free_list
 .text.irq_init_priorities
                0x00000000100012e0       0x24 CMakeFiles/RobotDriveSolution.dir/home/foobar/pico-sdk/src/rp2_common/hardware_irq/irq.c.obj
                0x00000000100012e0                irq_init_priorities
 .text.sem_init
                0x0000000010001304       0x20 CMakeFiles/RobotDriveSolution.dir/home/foobar/pico-sdk/src/common/pico_sync/sem.c.obj
                0x0000000010001304                sem_init
 .text.lock_init
                0x0000000010001324       0x10 CMakeFiles/RobotDriveSolution.dir/home/foobar/pico-sdk/src/common/pico_sync/lock_core.c.obj
                0x0000000010001324                lock_init
 .text.mutex_init
                0x0000000010001334       0x1c CMakeFiles/RobotDriveSolution.dir/home/foobar/pico-sdk/src/common/pico_sync/mutex.c.obj
                0x0000000010001334                mutex_init
 .text.recursive_mutex_init
                0x0000000010001350       0x1c CMakeFiles/RobotDriveSolution.dir/home/foobar/pico-sdk/src/common/pico_sync/mutex.c.obj
                0x0000000010001350                recursive_mutex_init
 .text.critical_section_init
                0x000000001000136c       0x20 CMakeFiles/RobotDriveSolution.dir/home/foobar/pico-sdk/src/common/pico_sync/critical_section.c.obj
                0x000000001000136c                critical_section_init
 .text.timer_pool_entry_comparator
                0x000000001000138c       0x34 CMakeFiles/RobotDriveSolution.dir/home/foobar/pico-sdk/src/common/pico_time/time.c.obj
                0x000000001000138c                timer_pool_entry_comparator
 .text.sleep_until_callback
                0x00000000100013c0       0x30 CMakeFiles/RobotDriveSolution.dir/home/foobar/pico-sdk/src/common/pico_time/time.c.obj
 .text.add_alarm_under_lock.isra.0
                0x00000000100013f0      0x100 CMakeFiles/RobotDriveSolution.dir/home/foobar/pico-sdk/src/common/pico_time/time.c.obj
 .text.alarm_pool_alarm_callback
                0x00000000100014f0      0x1bc CMakeFiles/RobotDriveSolution.dir/home/foobar/pico-sdk/src/common/pico_time/time.c.obj
 .text.alarm_pool_init_default
                0x00000000100016ac       0x6c CMakeFiles/RobotDriveSolution.dir/home/foobar/pico-sdk/src/common/pico_time/time.c.obj
                0x00000000100016ac                alarm_pool_init_default
 .text.alarm_pool_add_alarm_at
                0x0000000010001718      0x178 CMakeFiles/RobotDriveSolution.dir/home/foobar/pico-sdk/src/common/pico_time/time.c.obj
                0x0000000010001718                alarm_pool_add_alarm_at
 .text.sleep_until
                0x0000000010001890       0xc4 CMakeFiles/RobotDriveSolution.dir/home/foobar/pico-sdk/src/common/pico_time/time.c.obj
                0x0000000010001890                sleep_until
 .text.sleep_us
                0x0000000010001954       0x24 CMakeFiles/RobotDriveSolution.dir/home/foobar/pico-sdk/src/common/pico_time/time.c.obj
                0x0000000010001954                sleep_us
 .text.best_effort_wfe_or_timeout
                0x0000000010001978       0xd4 CMakeFiles/RobotDriveSolution.dir/home/foobar/pico-sdk/src/common/pico_time/time.c.obj
                0x0000000010001978                best_effort_wfe_or_timeout
 .text.hardware_alarm_irq_handler
                0x0000000010001a4c       0xbc CMakeFiles/RobotDriveSolution.dir/home/foobar/pico-sdk/src/rp2_common/hardware_timer/timer.c.obj
 .text.hardware_alarm_claim
                0x0000000010001b08       0x18 CMakeFiles/RobotDriveSolution.dir/home/foobar/pico-sdk/src/rp2_common/hardware_timer/timer.c.obj
                0x0000000010001b08                hardware_alarm_claim
 .text.time_us_64
                0x0000000010001b20       0x14 CMakeFiles/RobotDriveSolution.dir/home/foobar/pico-sdk/src/rp2_common/hardware_timer/timer.c.obj
                0x0000000010001b20                time_us_64
 .text.busy_wait_us
                0x0000000010001b34       0x54 CMakeFiles/RobotDriveSolution.dir/home/foobar/pico-sdk/src/rp2_common/hardware_timer/timer.c.obj
                0x0000000010001b34                busy_wait_us
 .text.busy_wait_until
                0x0000000010001b88       0x20 CMakeFiles/RobotDriveSolution.dir/home/foobar/pico-sdk/src/rp2_common/hardware_timer/timer.c.obj
                0x0000000010001b88                busy_wait_until
 .text.hardware_alarm_set_callback
                0x0000000010001ba8       0x8c CMakeFiles/RobotDriveSolution.dir/home/foobar/pico-sdk/src/rp2_common/hardware_timer/timer.c.obj
                0x0000000010001ba8                hardware_alarm_set_callback
 .text.hardware_alarm_set_target
                0x0000000010001c34       0xd4 CMakeFiles/RobotDriveSolution.dir/home/foobar/pico-sdk/src/rp2_common/hardware_timer/timer.c.obj
                0x0000000010001c34                hardware_alarm_set_target
 .text.hardware_alarm_cancel
                0x0000000010001d08       0x3c CMakeFiles/RobotDriveSolution.dir/home/foobar/pico-sdk/src/rp2_common/hardware_timer/timer.c.obj
                0x0000000010001d08                hardware_alarm_cancel
 .text.ph_merge_nodes
                0x0000000010001d44       0x68 CMakeFiles/RobotDriveSolution.dir/home/foobar/pico-sdk/src/common/pico_util/pheap.c.obj
 .text.ph_post_alloc_init
                0x0000000010001dac       0x3c CMakeFiles/RobotDriveSolution.dir/home/foobar/pico-sdk/src/common/pico_util/pheap.c.obj
                0x0000000010001dac                ph_post_alloc_init
 .text.ph_merge_two_pass
                0x0000000010001de8       0x90 CMakeFiles/RobotDriveSolution.dir/home/foobar/pico-sdk/src/common/pico_util/pheap.c.obj
                0x0000000010001de8                ph_merge_two_pass
 .text.ph_remove_any_head
                0x0000000010001e78      0x100 CMakeFiles/RobotDriveSolution.dir/home/foobar/pico-sdk/src/common/pico_util/pheap.c.obj
 .text.ph_remove_head
                0x0000000010001f78      0x104 CMakeFiles/RobotDriveSolution.dir/home/foobar/pico-sdk/src/common/pico_util/pheap.c.obj
                0x0000000010001f78                ph_remove_head
 .text.ph_remove_and_free_node
                0x000000001000207c       0x7c CMakeFiles/RobotDriveSolution.dir/home/foobar/pico-sdk/src/common/pico_util/pheap.c.obj
                0x000000001000207c                ph_remove_and_free_node
 .text.clocks_init
                0x00000000100020f8      0x2d0 CMakeFiles/RobotDriveSolution.dir/home/foobar/pico-sdk/src/rp2_common/hardware_clocks/clocks.c.obj
                0x00000000100020f8                clocks_init
 .text.clock_get_hz
                0x00000000100023c8        0xc CMakeFiles/RobotDriveSolution.dir/home/foobar/pico-sdk/src/rp2_common/hardware_clocks/clocks.c.obj
                0x00000000100023c8                clock_get_hz
 .text.pll_init
                0x00000000100023d4       0xa0 CMakeFiles/RobotDriveSolution.dir/home/foobar/pico-sdk/src/rp2_common/hardware_pll/pll.c.obj
                0x00000000100023d4                pll_init
 .text.watchdog_start_tick
                0x0000000010002474       0x10 CMakeFiles/RobotDriveSolution.dir/home/foobar/pico-sdk/src/rp2_common/hardware_watchdog/watchdog.c.obj
                0x0000000010002474                watchdog_start_tick
 .text.xosc_init
                0x0000000010002484       0x28 CMakeFiles/RobotDriveSolution.dir/home/foobar/pico-sdk/src/rp2_common/hardware_xosc/xosc.c.obj
                0x0000000010002484                xosc_init
 .text.runtime_init
                0x00000000100024ac       0xf0 CMakeFiles/RobotDriveSolution.dir/home/foobar/pico-sdk/src/rp2_common/pico_runtime/runtime.c.obj
                0x00000000100024ac                runtime_init
 .text._exit    0x000000001000259c        0x4 CMakeFiles/RobotDriveSolution.dir/home/foobar/pico-sdk/src/rp2_common/pico_runtime/runtime.c.obj
                0x000000001000259c                _exit
 .text._sbrk    0x00000000100025a0       0x34 CMakeFiles/RobotDriveSolution.dir/home/foobar/pico-sdk/src/rp2_common/pico_runtime/runtime.c.obj
                0x00000000100025a0                _sbrk
 .text.exit     0x00000000100025d4        0x8 CMakeFiles/RobotDriveSolution.dir/home/foobar/pico-sdk/src/rp2_common/pico_runtime/runtime.c.obj
                0x00000000100025d4                exit
 .text.__assert_func
                0x00000000100025dc       0x34 CMakeFiles/RobotDriveSolution.dir/home/foobar/pico-sdk/src/rp2_common/pico_runtime/runtime.c.obj
                0x00000000100025dc                __assert_func
 .text.panic    0x0000000010002610       0x30 CMakeFiles/RobotDriveSolution.dir/home/foobar/pico-sdk/src/rp2_common/pico_runtime/runtime.c.obj
                0x0000000010002610                panic
 .text.hard_assertion_failure
                0x0000000010002640        0xc CMakeFiles/RobotDriveSolution.dir/home/foobar/pico-sdk/src/rp2_common/pico_runtime/runtime.c.obj
                0x0000000010002640                hard_assertion_failure
 .text._out_buffer
                0x000000001000264c        0x8 CMakeFiles/RobotDriveSolution.dir/home/foobar/pico-sdk/src/rp2_common/pico_printf/printf.c.obj
 .text._out_null
                0x0000000010002654        0x4 CMakeFiles/RobotDriveSolution.dir/home/foobar/pico-sdk/src/rp2_common/pico_printf/printf.c.obj
 .text._out_rev
                0x0000000010002658       0x9c CMakeFiles/RobotDriveSolution.dir/home/foobar/pico-sdk/src/rp2_common/pico_printf/printf.c.obj
 .text._ntoa_format
                0x00000000100026f4      0x1cc CMakeFiles/RobotDriveSolution.dir/home/foobar/pico-sdk/src/rp2_common/pico_printf/printf.c.obj
 .text._out_char
                0x00000000100028c0       0x10 CMakeFiles/RobotDriveSolution.dir/home/foobar/pico-sdk/src/rp2_common/pico_printf/printf.c.obj
 .text._out_fct
                0x00000000100028d0       0x10 CMakeFiles/RobotDriveSolution.dir/home/foobar/pico-sdk/src/rp2_common/pico_printf/printf.c.obj
 .text._etoa    0x00000000100028e0      0x44c CMakeFiles/RobotDriveSolution.dir/home/foobar/pico-sdk/src/rp2_common/pico_printf/printf.c.obj
 .text._ftoa    0x0000000010002d2c      0x398 CMakeFiles/RobotDriveSolution.dir/home/foobar/pico-sdk/src/rp2_common/pico_printf/printf.c.obj
 .text._vsnprintf
                0x00000000100030c4      0xb04 CMakeFiles/RobotDriveSolution.dir/home/foobar/pico-sdk/src/rp2_common/pico_printf/printf.c.obj
 .text.__wrap_snprintf
                0x0000000010003bc8       0x28 CMakeFiles/RobotDriveSolution.dir/home/foobar/pico-sdk/src/rp2_common/pico_printf/printf.c.obj
                0x0000000010003bc8                __wrap_snprintf
 .text.vfctprintf
                0x0000000010003bf0       0x20 CMakeFiles/RobotDriveSolution.dir/home/foobar/pico-sdk/src/rp2_common/pico_printf/printf.c.obj
                0x0000000010003bf0                vfctprintf
 .text.weak_raw_printf
                0x0000000010003c10       0x40 CMakeFiles/RobotDriveSolution.dir/home/foobar/pico-sdk/src/rp2_common/pico_printf/printf.c.obj
                0x0000000010003c10                weak_raw_printf
 .text.weak_raw_vprintf
                0x0000000010003c50       0x30 CMakeFiles/RobotDriveSolution.dir/home/foobar/pico-sdk/src/rp2_common/pico_printf/printf.c.obj
                0x0000000010003c50                weak_raw_vprintf
 .text          0x0000000010003c80       0x10 CMakeFiles/RobotDriveSolution.dir/home/foobar/pico-sdk/src/rp2_common/pico_bit_ops/bit_ops_aeabi.S.obj
 .text.rom_func_lookup
                0x0000000010003c90       0x10 CMakeFiles/RobotDriveSolution.dir/home/foobar/pico-sdk/src/rp2_common/pico_bootrom/bootrom.c.obj
                0x0000000010003c90                rom_func_lookup
 .text.rom_data_lookup
                0x0000000010003ca0       0x10 CMakeFiles/RobotDriveSolution.dir/home/foobar/pico-sdk/src/rp2_common/pico_bootrom/bootrom.c.obj
                0x0000000010003ca0                rom_data_lookup
 .text.rom_funcs_lookup
                0x0000000010003cb0       0x44 CMakeFiles/RobotDriveSolution.dir/home/foobar/pico-sdk/src/rp2_common/pico_bootrom/bootrom.c.obj
                0x0000000010003cb0                rom_funcs_lookup
 .text.__wrap___aeabi_idiv
                0x0000000010003cf4       0x50 CMakeFiles/RobotDriveSolution.dir/home/foobar/pico-sdk/src/rp2_common/pico_divider/divider.S.obj
                0x0000000010003cf4                __wrap___aeabi_idivmod
                0x0000000010003cf4                divmod_s32s32
                0x0000000010003cf4                div_s32s32
                0x0000000010003cf4                __wrap___aeabi_idiv
                0x0000000010003cfc                divmod_s32s32_unsafe
                0x0000000010003d28                divmod_s32s32_savestate
 .text.__wrap___aeabi_uidiv
                0x0000000010003d44       0x4c CMakeFiles/RobotDriveSolution.dir/home/foobar/pico-sdk/src/rp2_common/pico_divider/divider.S.obj
                0x0000000010003d44                __wrap___aeabi_uidiv
                0x0000000010003d44                __wrap___aeabi_uidivmod
                0x0000000010003d44                div_u32u32
                0x0000000010003d44                divmod_u32u32
                0x0000000010003d4c                divmod_u32u32_unsafe
                0x0000000010003d74                divmod_u32u32_savestate
 .text.__wrap___aeabi_ldiv
                0x0000000010003d90      0x424 CMakeFiles/RobotDriveSolution.dir/home/foobar/pico-sdk/src/rp2_common/pico_divider/divider.S.obj
                0x0000000010003d90                div_s64s64
                0x0000000010003d90                divmod_s64s64
                0x0000000010003d90                __wrap___aeabi_ldivmod
                0x0000000010003dc0                div_u64u64
                0x0000000010003dc0                divmod_u64u64
                0x0000000010003dc0                __wrap___aeabi_uldivmod
                0x0000000010003dd0                divmod_u64u64_savestate
                0x0000000010003df0                divmod_s64s64_unsafe
                0x0000000010003e78                divmod_u64u64_unsafe
 .text.__wrap___aeabi_darithmetic
                0x00000000100041b4       0x60 CMakeFiles/RobotDriveSolution.dir/home/foobar/pico-sdk/src/rp2_common/pico_double/double_aeabi.S.obj
                0x00000000100041b4                __wrap___aeabi_drsub
                0x00000000100041ba                __wrap___aeabi_dsub
                0x00000000100041c4                __wrap___aeabi_dadd
                0x00000000100041ce                __wrap___aeabi_ddiv
                0x0000000010004202                __wrap___aeabi_dmul
 .text.__wrap___aeabi_cdcmple
                0x0000000010004214       0x6c CMakeFiles/RobotDriveSolution.dir/home/foobar/pico-sdk/src/rp2_common/pico_double/double_aeabi.S.obj
                0x0000000010004214                __wrap___aeabi_cdrcmple
                0x0000000010004224                __wrap___aeabi_cdcmple
                0x0000000010004224                __wrap___aeabi_cdcmpeq
 .text.__wrap___aeabi_dcmpeq
                0x0000000010004280       0x10 CMakeFiles/RobotDriveSolution.dir/home/foobar/pico-sdk/src/rp2_common/pico_double/double_aeabi.S.obj
                0x0000000010004280                __wrap___aeabi_dcmpeq
 .text.__wrap___aeabi_dcmplt
                0x0000000010004290        0xc CMakeFiles/RobotDriveSolution.dir/home/foobar/pico-sdk/src/rp2_common/pico_double/double_aeabi.S.obj
                0x0000000010004290                __wrap___aeabi_dcmplt
 .text.__wrap___aeabi_dcmple
                0x000000001000429c       0x10 CMakeFiles/RobotDriveSolution.dir/home/foobar/pico-sdk/src/rp2_common/pico_double/double_aeabi.S.obj
                0x000000001000429c                __wrap___aeabi_dcmple
 .text.__wrap___aeabi_dcmpge
                0x00000000100042ac       0x10 CMakeFiles/RobotDriveSolution.dir/home/foobar/pico-sdk/src/rp2_common/pico_double/double_aeabi.S.obj
                0x00000000100042ac                __wrap___aeabi_dcmpge
 .text.__wrap___aeabi_dcmpgt
                0x00000000100042bc        0xa CMakeFiles/RobotDriveSolution.dir/home/foobar/pico-sdk/src/rp2_common/pico_double/double_aeabi.S.obj
                0x00000000100042bc                __wrap___aeabi_dcmpgt
 .text.__wrap___aeabi_dcmpun
                0x00000000100042c6       0x1c CMakeFiles/RobotDriveSolution.dir/home/foobar/pico-sdk/src/rp2_common/pico_double/double_aeabi.S.obj
                0x00000000100042c6                __wrap___aeabi_dcmpun
 *fill*         0x00000000100042e2        0x2 
 .text.__wrap___aeabi_i2d
                0x00000000100042e4       0x38 CMakeFiles/RobotDriveSolution.dir/home/foobar/pico-sdk/src/rp2_common/pico_double/double_aeabi.S.obj
                0x00000000100042e4                __wrap___aeabi_ui2d
                0x00000000100042ec                __wrap___aeabi_i2d
 .text.__wrap___aeabi_d2iz
                0x000000001000431c       0x48 CMakeFiles/RobotDriveSolution.dir/home/foobar/pico-sdk/src/rp2_common/pico_double/double_aeabi.S.obj
                0x000000001000431c                __wrap___aeabi_d2iz
                0x000000001000431c                double2int_z
 .text.__wrap___aeabi_d2uiz
                0x0000000010004364       0x10 CMakeFiles/RobotDriveSolution.dir/home/foobar/pico-sdk/src/rp2_common/pico_double/double_aeabi.S.obj
                0x0000000010004364                double2uint
                0x0000000010004364                __wrap___aeabi_d2uiz
 .text.missing_double_func_shim
                0x0000000010004374        0xc CMakeFiles/RobotDriveSolution.dir/home/foobar/pico-sdk/src/rp2_common/pico_double/double_init_rom.c.obj
 .text.__aeabi_double_init
                0x0000000010004380       0x98 CMakeFiles/RobotDriveSolution.dir/home/foobar/pico-sdk/src/rp2_common/pico_double/double_init_rom.c.obj
                0x0000000010004380                __aeabi_double_init
 .text.double_table_shim_on_use_helper
                0x0000000010004418       0x2c CMakeFiles/RobotDriveSolution.dir/home/foobar/pico-sdk/src/rp2_common/pico_double/double_v1_rom_shim.S.obj
                0x0000000010004418                double_table_shim_on_use_helper
 .text.__aeabi_lmul
                0x0000000010004444       0x32 CMakeFiles/RobotDriveSolution.dir/home/foobar/pico-sdk/src/rp2_common/pico_int64_ops/pico_int64_ops_aeabi.S.obj
                0x0000000010004444                __wrap___aeabi_lmul
 *fill*         0x0000000010004476        0x2 
 .text.__wrap___aeabi_farithmetic
                0x0000000010004478       0x48 CMakeFiles/RobotDriveSolution.dir/home/foobar/pico-sdk/src/rp2_common/pico_float/float_aeabi.S.obj
                0x0000000010004478                __wrap___aeabi_frsub
                0x000000001000447e                __wrap___aeabi_fsub
                0x0000000010004484                __wrap___aeabi_fadd
                0x000000001000448a                __wrap___aeabi_fdiv
                0x00000000100044b2                __wrap___aeabi_fmul
 .text.__wrap___aeabi_cfcmple
                0x00000000100044c0       0x50 CMakeFiles/RobotDriveSolution.dir/home/foobar/pico-sdk/src/rp2_common/pico_float/float_aeabi.S.obj
                0x00000000100044c0                __wrap___aeabi_cfrcmple
                0x00000000100044cc                __wrap___aeabi_cfcmpeq
                0x00000000100044cc                __wrap___aeabi_cfcmple
 .text.__wrap___aeabi_fcmpge
                0x0000000010004510       0x10 CMakeFiles/RobotDriveSolution.dir/home/foobar/pico-sdk/src/rp2_common/pico_float/float_aeabi.S.obj
                0x0000000010004510                __wrap___aeabi_fcmpge
 .text.__wrap___aeabi_fcmpgt
                0x0000000010004520        0xa CMakeFiles/RobotDriveSolution.dir/home/foobar/pico-sdk/src/rp2_common/pico_float/float_aeabi.S.obj
                0x0000000010004520                __wrap___aeabi_fcmpgt
 .text.__wrap___aeabi_ui2f
                0x000000001000452a        0xa CMakeFiles/RobotDriveSolution.dir/home/foobar/pico-sdk/src/rp2_common/pico_float/float_aeabi.S.obj
                0x000000001000452a                __wrap___aeabi_ui2f
 .text.__wrap___aeabi_i2f
                0x0000000010004534       0x44 CMakeFiles/RobotDriveSolution.dir/home/foobar/pico-sdk/src/rp2_common/pico_float/float_aeabi.S.obj
                0x0000000010004534                __wrap___aeabi_i2f
 .text.__wrap___aeabi_f2uiz
                0x0000000010004578        0xc CMakeFiles/RobotDriveSolution.dir/home/foobar/pico-sdk/src/rp2_common/pico_float/float_aeabi.S.obj
                0x0000000010004578                __wrap___aeabi_f2uiz
 .text.missing_float_func_shim
                0x0000000010004584        0xc CMakeFiles/RobotDriveSolution.dir/home/foobar/pico-sdk/src/rp2_common/pico_float/float_init_rom.c.obj
 .text.__aeabi_float_init
                0x0000000010004590       0x5c CMakeFiles/RobotDriveSolution.dir/home/foobar/pico-sdk/src/rp2_common/pico_float/float_init_rom.c.obj
                0x0000000010004590                __aeabi_float_init
 .text.__wrap_malloc
                0x00000000100045ec       0x3c CMakeFiles/RobotDriveSolution.dir/home/foobar/pico-sdk/src/rp2_common/pico_malloc/pico_malloc.c.obj
                0x00000000100045ec                __wrap_malloc
 .text.__wrap_calloc
                0x0000000010004628       0x40 CMakeFiles/RobotDriveSolution.dir/home/foobar/pico-sdk/src/rp2_common/pico_malloc/pico_malloc.c.obj
                0x0000000010004628                __wrap_calloc
 .text.__wrap_realloc
                0x0000000010004668       0x40 CMakeFiles/RobotDriveSolution.dir/home/foobar/pico-sdk/src/rp2_common/pico_malloc/pico_malloc.c.obj
                0x0000000010004668                __wrap_realloc
 .text.__wrap_free
                0x00000000100046a8       0x20 CMakeFiles/RobotDriveSolution.dir/home/foobar/pico-sdk/src/rp2_common/pico_malloc/pico_malloc.c.obj
                0x00000000100046a8                __wrap_free
 .text          0x00000000100046c8       0x10 CMakeFiles/RobotDriveSolution.dir/home/foobar/pico-sdk/src/rp2_common/pico_mem_ops/mem_ops_aeabi.S.obj
                0x00000000100046c8                __aeabi_mem_init
 .text.memset   0x00000000100046d8        0xc CMakeFiles/RobotDriveSolution.dir/home/foobar/pico-sdk/src/rp2_common/pico_mem_ops/mem_ops_aeabi.S.obj
                0x00000000100046d8                __wrap_memset
 .text.memcpy   0x00000000100046e4        0xc CMakeFiles/RobotDriveSolution.dir/home/foobar/pico-sdk/src/rp2_common/pico_mem_ops/mem_ops_aeabi.S.obj
                0x00000000100046e4                __wrap___aeabi_memcpy
                0x00000000100046e4                __wrap_memcpy
 .text.stdio_out_chars_no_crlf
                0x00000000100046f0       0x10 CMakeFiles/RobotDriveSolution.dir/home/foobar/pico-sdk/src/rp2_common/pico_stdio/stdio.c.obj
 .text.stdio_out_chars_crlf
                0x0000000010004700       0xb4 CMakeFiles/RobotDriveSolution.dir/home/foobar/pico-sdk/src/rp2_common/pico_stdio/stdio.c.obj
 .text.stdio_buffered_printer
                0x00000000100047b4       0x64 CMakeFiles/RobotDriveSolution.dir/home/foobar/pico-sdk/src/rp2_common/pico_stdio/stdio.c.obj
 .text.stdio_put_string.isra.0
                0x0000000010004818       0xfc CMakeFiles/RobotDriveSolution.dir/home/foobar/pico-sdk/src/rp2_common/pico_stdio/stdio.c.obj
 .text.__wrap_putchar
                0x0000000010004914       0x98 CMakeFiles/RobotDriveSolution.dir/home/foobar/pico-sdk/src/rp2_common/pico_stdio/stdio.c.obj
                0x0000000010004914                __wrap_putchar
 .text.__wrap_puts
                0x00000000100049ac       0x3c CMakeFiles/RobotDriveSolution.dir/home/foobar/pico-sdk/src/rp2_common/pico_stdio/stdio.c.obj
                0x00000000100049ac                __wrap_puts
 .text._read    0x00000000100049e8       0x94 CMakeFiles/RobotDriveSolution.dir/home/foobar/pico-sdk/src/rp2_common/pico_stdio/stdio.c.obj
                0x00000000100049e8                _read
 .text._write   0x0000000010004a7c       0xac CMakeFiles/RobotDriveSolution.dir/home/foobar/pico-sdk/src/rp2_common/pico_stdio/stdio.c.obj
                0x0000000010004a7c                _write
 .text._close   0x0000000010004b28        0x8 CMakeFiles/RobotDriveSolution.dir/home/foobar/pico-sdk/src/rp2_common/pico_stdio/stdio.c.obj
                0x0000000010004b28                _close
 .text._lseek   0x0000000010004b30        0x8 CMakeFiles/RobotDriveSolution.dir/home/foobar/pico-sdk/src/rp2_common/pico_stdio/stdio.c.obj
                0x0000000010004b30                _lseek
 .text._fstat   0x0000000010004b38        0x8 CMakeFiles/RobotDriveSolution.dir/home/foobar/pico-sdk/src/rp2_common/pico_stdio/stdio.c.obj
                0x0000000010004b38                _fstat
 .text._isatty  0x0000000010004b40        0xc CMakeFiles/RobotDriveSolution.dir/home/foobar/pico-sdk/src/rp2_common/pico_stdio/stdio.c.obj
                0x0000000010004b40                _isatty
 .text.__wrap_vprintf
                0x0000000010004b4c       0xd8 CMakeFiles/RobotDriveSolution.dir/home/foobar/pico-sdk/src/rp2_common/pico_stdio/stdio.c.obj
                0x0000000010004b4c                __wrap_vprintf
 .text.__wrap_printf
                0x0000000010004c24       0x18 CMakeFiles/RobotDriveSolution.dir/home/foobar/pico-sdk/src/rp2_common/pico_stdio/stdio.c.obj
                0x0000000010004c24                __wrap_printf
 .text.stdio_init_all
                0x0000000010004c3c        0xc CMakeFiles/RobotDriveSolution.dir/home/foobar/pico-sdk/src/rp2_common/pico_stdio/stdio.c.obj
                0x0000000010004c3c                stdio_init_all
 .text.stdio_uart_init
                0x0000000010004c48        0x4 CMakeFiles/RobotDriveSolution.dir/home/foobar/pico-sdk/src/rp2_common/pico_stdio_uart/stdio_uart.c.obj
                0x0000000010004c48                stdio_uart_init
 .text.spi_init
                0x0000000010004c4c      0x138 CMakeFiles/RobotDriveSolution.dir/home/foobar/pico-sdk/src/rp2_common/hardware_spi/spi.c.obj
                0x0000000010004c4c                spi_init
 .text.lf_tag_compare
                0x0000000010004d84       0x38 core/libcore.a(tag.c.obj)
                0x0000000010004d84                lf_tag_compare
 .text.lf_time_logical
                0x0000000010004dbc        0x8 core/libcore.a(tag.c.obj)
                0x0000000010004dbc                lf_time_logical
 .text.lf_time_logical_elapsed
                0x0000000010004dc4       0x14 core/libcore.a(tag.c.obj)
                0x0000000010004dc4                lf_time_logical_elapsed
 .text.lf_time_physical
                0x0000000010004dd8       0x60 core/libcore.a(tag.c.obj)
                0x0000000010004dd8                lf_time_physical
 .text.lf_time_physical_elapsed
                0x0000000010004e38       0x6c core/libcore.a(tag.c.obj)
                0x0000000010004e38                lf_time_physical_elapsed
 .text.lf_time_start
                0x0000000010004ea4        0xc core/libcore.a(tag.c.obj)
                0x0000000010004ea4                lf_time_start
 .text.lf_comma_separated_time
                0x0000000010004eb0      0x274 core/libcore.a(tag.c.obj)
                0x0000000010004eb0                lf_comma_separated_time
 .text._lf_allocate
                0x0000000010005124       0x3c core/libcore.a(reactor_common.c.obj)
                0x0000000010005124                _lf_allocate
 .text._lf_new_reactor
                0x0000000010005160       0x40 core/libcore.a(reactor_common.c.obj)
                0x0000000010005160                _lf_new_reactor
 .text._lf_set_stop_tag
                0x00000000100051a0       0x3c core/libcore.a(reactor_common.c.obj)
                0x00000000100051a0                _lf_set_stop_tag
 .text._lf_start_time_step
                0x00000000100051dc       0x68 core/libcore.a(reactor_common.c.obj)
                0x00000000100051dc                _lf_start_time_step
 .text._lf_is_tag_after_stop_tag
                0x0000000010005244       0x30 core/libcore.a(reactor_common.c.obj)
                0x0000000010005244                _lf_is_tag_after_stop_tag
 .text._lf_initialize_timer
                0x0000000010005274       0xd4 core/libcore.a(reactor_common.c.obj)
                0x0000000010005274                _lf_initialize_timer
 .text._lf_initialize_timers
                0x0000000010005348       0x30 core/libcore.a(reactor_common.c.obj)
                0x0000000010005348                _lf_initialize_timers
 .text._lf_trigger_startup_reactions
                0x0000000010005378       0x58 core/libcore.a(reactor_common.c.obj)
                0x0000000010005378                _lf_trigger_startup_reactions
 .text._lf_trigger_shutdown_reactions
                0x00000000100053d0       0x48 core/libcore.a(reactor_common.c.obj)
                0x00000000100053d0                _lf_trigger_shutdown_reactions
 .text._lf_recycle_event
                0x0000000010005418       0x20 core/libcore.a(reactor_common.c.obj)
                0x0000000010005418                _lf_recycle_event
 .text._lf_create_dummy_events
                0x0000000010005438       0xbc core/libcore.a(reactor_common.c.obj)
                0x0000000010005438                _lf_create_dummy_events
 .text._lf_schedule_at_tag
                0x00000000100054f4      0x2c4 core/libcore.a(reactor_common.c.obj)
                0x00000000100054f4                _lf_schedule_at_tag
 .text._lf_schedule
                0x00000000100057b8      0x2c4 core/libcore.a(reactor_common.c.obj)
                0x00000000100057b8                _lf_schedule
 .text._lf_pop_events
                0x0000000010005a7c      0x130 core/libcore.a(reactor_common.c.obj)
                0x0000000010005a7c                _lf_pop_events
 .text._lf_advance_logical_time
                0x0000000010005bac       0x38 core/libcore.a(reactor_common.c.obj)
                0x0000000010005bac                _lf_advance_logical_time
 .text._lf_invoke_reaction
                0x0000000010005be4       0x14 core/libcore.a(reactor_common.c.obj)
                0x0000000010005be4                _lf_invoke_reaction
 .text.schedule_output_reactions
                0x0000000010005bf8      0x150 core/libcore.a(reactor_common.c.obj)
                0x0000000010005bf8                schedule_output_reactions
 .text.usage    0x0000000010005d48       0xb0 core/libcore.a(reactor_common.c.obj)
                0x0000000010005d48                usage
 .text.process_args
                0x0000000010005df8      0x414 core/libcore.a(reactor_common.c.obj)
                0x0000000010005df8                process_args
 .text.initialize_global
                0x000000001000620c       0x24 core/libcore.a(reactor_common.c.obj)
                0x000000001000620c                initialize_global
 .text.termination
                0x0000000010006230      0x198 core/libcore.a(reactor_common.c.obj)
                0x0000000010006230                termination
 .text._lf_free_token.part.0
                0x00000000100063c8       0xcc core/libcore.a(lf_token.c.obj)
 .text._lf_new_token
                0x0000000010006494       0xb4 core/libcore.a(lf_token.c.obj)
                0x0000000010006494                _lf_new_token
 .text._lf_initialize_token_with_value
                0x0000000010006548       0x80 core/libcore.a(lf_token.c.obj)
                0x0000000010006548                _lf_initialize_token_with_value
 .text._lf_free_all_tokens
                0x00000000100065c8       0xe0 core/libcore.a(lf_token.c.obj)
                0x00000000100065c8                _lf_free_all_tokens
 .text._lf_replace_template_token
                0x00000000100066a8       0x44 core/libcore.a(lf_token.c.obj)
                0x00000000100066a8                _lf_replace_template_token
 .text._lf_done_using
                0x00000000100066ec       0x2c core/libcore.a(lf_token.c.obj)
                0x00000000100066ec                _lf_done_using
 .text._lf_free_token_copies
                0x0000000010006718       0x44 core/libcore.a(lf_token.c.obj)
                0x0000000010006718                _lf_free_token_copies
 .text.environment_init_tags
                0x000000001000675c       0x58 core/libcore.a(environment.c.obj)
                0x000000001000675c                environment_init_tags
 .text.environment_free
                0x00000000100067b4       0x60 core/libcore.a(environment.c.obj)
                0x00000000100067b4                environment_free
 .text.environment_init
                0x0000000010006814      0x1e4 core/libcore.a(environment.c.obj)
                0x0000000010006814                environment_init
 .text._lf_set_present
                0x00000000100069f8       0x4c core/libcore.a(reactor.c.obj)
                0x00000000100069f8                _lf_set_present
 .text._lf_trigger_reaction
                0x0000000010006a44       0x38 core/libcore.a(reactor.c.obj)
                0x0000000010006a44                _lf_trigger_reaction
 .text._lf_do_step
                0x0000000010006a7c       0xb8 core/libcore.a(reactor.c.obj)
                0x0000000010006a7c                _lf_do_step
 .text.next     0x0000000010006b34      0x138 core/libcore.a(reactor.c.obj)
                0x0000000010006b34                next
 .text.lf_reactor_c_main
                0x0000000010006c6c       0xfc core/libcore.a(reactor.c.obj)
                0x0000000010006c6c                lf_reactor_c_main
 .text.lf_critical_section_enter
                0x0000000010006d68        0x8 core/libcore.a(reactor.c.obj)
                0x0000000010006d68                lf_critical_section_enter
 .text.lf_critical_section_exit
                0x0000000010006d70        0x8 core/libcore.a(reactor.c.obj)
                0x0000000010006d70                lf_critical_section_exit
 .text.vector_at
                0x0000000010006d78       0x54 core/libcore.a(vector.c.obj)
                0x0000000010006d78                vector_at
 .text.vector_size
                0x0000000010006dcc        0x8 core/libcore.a(vector.c.obj)
                0x0000000010006dcc                vector_size
 .text.percolate_down
                0x0000000010006dd4       0xd8 core/libcore.a(pqueue.c.obj)
 .text.bubble_up.isra.0
                0x0000000010006eac       0x84 core/libcore.a(pqueue.c.obj)
 .text.find_equal_same_priority
                0x0000000010006f30       0xa8 core/libcore.a(pqueue.c.obj)
                0x0000000010006f30                find_equal_same_priority
 .text.pqueue_init
                0x0000000010006fd8       0x54 core/libcore.a(pqueue.c.obj)
                0x0000000010006fd8                pqueue_init
 .text.pqueue_free
                0x000000001000702c       0x14 core/libcore.a(pqueue.c.obj)
                0x000000001000702c                pqueue_free
 .text.pqueue_size
                0x0000000010007040       0x10 core/libcore.a(pqueue.c.obj)
                0x0000000010007040                pqueue_size
 .text.pqueue_find_equal_same_priority
                0x0000000010007050        0xc core/libcore.a(pqueue.c.obj)
                0x0000000010007050                pqueue_find_equal_same_priority
 .text.pqueue_insert
                0x000000001000705c       0x44 core/libcore.a(pqueue.c.obj)
                0x000000001000705c                pqueue_insert
 .text.pqueue_remove
                0x00000000100070a0       0x6c core/libcore.a(pqueue.c.obj)
                0x00000000100070a0                pqueue_remove
 .text.pqueue_pop
                0x000000001000710c       0x28 core/libcore.a(pqueue.c.obj)
                0x000000001000710c                pqueue_pop
 .text.pqueue_peek
                0x0000000010007134       0x14 core/libcore.a(pqueue.c.obj)
                0x0000000010007134                pqueue_peek
 .text.in_reverse_order
                0x0000000010007148       0x18 core/libcore.a(pqueue.c.obj)
                0x0000000010007148                in_reverse_order
 .text.in_no_particular_order
                0x0000000010007160        0x4 core/libcore.a(pqueue.c.obj)
                0x0000000010007160                in_no_particular_order
 .text.event_matches
                0x0000000010007164        0xc core/libcore.a(pqueue.c.obj)
                0x0000000010007164                event_matches
 .text.reaction_matches
                0x0000000010007170        0x8 core/libcore.a(pqueue.c.obj)
                0x0000000010007170                reaction_matches
 .text.get_event_time
                0x0000000010007178        0x8 core/libcore.a(pqueue.c.obj)
                0x0000000010007178                get_event_time
 .text.get_reaction_index
                0x0000000010007180        0x8 core/libcore.a(pqueue.c.obj)
                0x0000000010007180                get_reaction_index
 .text.get_event_position
                0x0000000010007188        0x4 core/libcore.a(pqueue.c.obj)
                0x0000000010007188                get_event_position
 .text.get_reaction_position
                0x000000001000718c        0x4 core/libcore.a(pqueue.c.obj)
                0x000000001000718c                get_reaction_position
 .text.set_event_position
                0x0000000010007190        0x4 core/libcore.a(pqueue.c.obj)
                0x0000000010007190                set_event_position
 .text.set_reaction_position
                0x0000000010007194        0x4 core/libcore.a(pqueue.c.obj)
                0x0000000010007194                set_reaction_position
 .text.print_reaction
                0x0000000010007198        0x4 core/libcore.a(pqueue.c.obj)
                0x0000000010007198                print_reaction
 .text.print_event
                0x000000001000719c        0x4 core/libcore.a(pqueue.c.obj)
                0x000000001000719c                print_event
 .text._lf_message_print
                0x00000000100071a0       0xc0 core/libcore.a(util.c.obj)
                0x00000000100071a0                _lf_message_print
 .text.lf_print
                0x0000000010007260       0x88 core/libcore.a(util.c.obj)
                0x0000000010007260                lf_print
 .text.lf_print_error
                0x00000000100072e8       0x88 core/libcore.a(util.c.obj)
                0x00000000100072e8                lf_print_error
 .text.lf_print_warning
                0x0000000010007370       0x88 core/libcore.a(util.c.obj)
                0x0000000010007370                lf_print_warning
 .text.lf_print_error_and_exit
                0x00000000100073f8       0x24 core/libcore.a(util.c.obj)
                0x00000000100073f8                lf_print_error_and_exit
 .text.lf_assert
                0x000000001000741c       0x2c core/libcore.a(util.c.obj)
                0x000000001000741c                lf_assert
 .text.hashset_num_items
                0x0000000010007448        0x4 core/libcore.a(hashset.c.obj)
                0x0000000010007448                hashset_num_items
 .text.hashset_destroy
                0x000000001000744c       0x18 core/libcore.a(hashset.c.obj)
                0x000000001000744c                hashset_destroy
 .text.hashset_create
                0x0000000010007464       0x40 core/libcore.a(hashset.c.obj)
                0x0000000010007464                hashset_create
 .text.hashset_add
                0x00000000100074a4      0x180 core/libcore.a(hashset.c.obj)
                0x00000000100074a4                hashset_add
 .text.hashset_remove
                0x0000000010007624       0x50 core/libcore.a(hashset.c.obj)
                0x0000000010007624                hashset_remove
 .text.hashset_iterator
                0x0000000010007674       0x1c core/libcore.a(hashset_itr.c.obj)
                0x0000000010007674                hashset_iterator
 .text.hashset_iterator_next
                0x0000000010007690       0x34 core/libcore.a(hashset_itr.c.obj)
                0x0000000010007690                hashset_iterator_next
 .text.hashset_iterator_value
                0x00000000100076c4        0xc core/libcore.a(hashset_itr.c.obj)
                0x00000000100076c4                hashset_iterator_value
 .text._lf_add_suspended_event
                0x00000000100076d0       0x3c core/libcore.a(modes.c.obj)
                0x00000000100076d0                _lf_add_suspended_event
 .text._lf_mode_is_active
                0x000000001000770c       0x10 core/libcore.a(modes.c.obj)
                0x000000001000770c                _lf_mode_is_active
 .text._lf_handle_mode_startup_reset_reactions
                0x000000001000771c       0xfc core/libcore.a(modes.c.obj)
                0x000000001000771c                _lf_handle_mode_startup_reset_reactions
 .text._lf_handle_mode_shutdown_reactions
                0x0000000010007818       0x5c core/libcore.a(modes.c.obj)
                0x0000000010007818                _lf_handle_mode_shutdown_reactions
 .text._lf_process_mode_changes
                0x0000000010007874      0x39c core/libcore.a(modes.c.obj)
                0x0000000010007874                _lf_process_mode_changes
 .text._lf_terminate_modal_reactors
                0x0000000010007c10       0x50 core/libcore.a(modes.c.obj)
                0x0000000010007c10                _lf_terminate_modal_reactors
 .text._lf_initialize_modes
                0x0000000010007c60       0x44 core/libcore.a(modes.c.obj)
                0x0000000010007c60                _lf_initialize_modes
 .text._lf_handle_mode_changes
                0x0000000010007ca4       0x24 core/libcore.a(modes.c.obj)
                0x0000000010007ca4                _lf_handle_mode_changes
 .text._lf_handle_mode_triggered_reactions
                0x0000000010007cc8       0x24 core/libcore.a(modes.c.obj)
                0x0000000010007cc8                _lf_handle_mode_triggered_reactions
 .text._lf_initialize_clock
                0x0000000010007cec       0x20 core/libcore.a(lf_rp2040_support.c.obj)
                0x0000000010007cec                _lf_initialize_clock
 .text._lf_clock_now
                0x0000000010007d0c       0x24 core/libcore.a(lf_rp2040_support.c.obj)
                0x0000000010007d0c                _lf_clock_now
 .text._lf_interruptable_sleep_until_locked
                0x0000000010007d30       0x48 core/libcore.a(lf_rp2040_support.c.obj)
                0x0000000010007d30                _lf_interruptable_sleep_until_locked
 .text.lf_disable_interrupts_nested
                0x0000000010007d78       0x3c core/libcore.a(lf_rp2040_support.c.obj)
                0x0000000010007d78                lf_disable_interrupts_nested
 .text.lf_enable_interrupts_nested
                0x0000000010007db4       0x34 core/libcore.a(lf_rp2040_support.c.obj)
                0x0000000010007db4                lf_enable_interrupts_nested
 .text.color32_0
                0x0000000010007de8        0x8 robot/librobot.a(display.c.obj)
                0x0000000010007de8                color32_0
 .text.color32_1
                0x0000000010007df0        0x8 robot/librobot.a(display.c.obj)
                0x0000000010007df0                color32_1
 .text.color32_0_on_1
                0x0000000010007df8        0x8 robot/librobot.a(display.c.obj)
                0x0000000010007df8                color32_0_on_1
 .text.color32_1_on_0
                0x0000000010007e00        0x4 robot/librobot.a(display.c.obj)
                0x0000000010007e00                color32_1_on_0
 .text.color32_xor
                0x0000000010007e04        0x8 robot/librobot.a(display.c.obj)
                0x0000000010007e04                color32_xor
 .text.color32_nop
                0x0000000010007e0c        0x4 robot/librobot.a(display.c.obj)
                0x0000000010007e0c                color32_nop
 .text.color8_0
                0x0000000010007e10        0x8 robot/librobot.a(display.c.obj)
                0x0000000010007e10                color8_0
 .text.color8_1
                0x0000000010007e18        0x8 robot/librobot.a(display.c.obj)
                0x0000000010007e18                color8_1
 .text.color8_0_on_1
                0x0000000010007e20        0x8 robot/librobot.a(display.c.obj)
                0x0000000010007e20                color8_0_on_1
 .text.color8_1_on_0
                0x0000000010007e28        0x4 robot/librobot.a(display.c.obj)
                0x0000000010007e28                color8_1_on_0
 .text.color8_xor
                0x0000000010007e2c        0x8 robot/librobot.a(display.c.obj)
                0x0000000010007e2c                color8_xor
 .text.color8_nop
                0x0000000010007e34        0x4 robot/librobot.a(display.c.obj)
                0x0000000010007e34                color8_nop
 .text.display_set_font
                0x0000000010007e38        0xc robot/librobot.a(display.c.obj)
                0x0000000010007e38                display_set_font
 .text.display_init
                0x0000000010007e44       0x18 robot/librobot.a(display.c.obj)
                0x0000000010007e44                display_init
 .text.display_fill
                0x0000000010007e5c       0x2c robot/librobot.a(display.c.obj)
                0x0000000010007e5c                display_fill
 .text.display_show_partial
                0x0000000010007e88       0xb0 robot/librobot.a(display.c.obj)
                0x0000000010007e88                display_show_partial
 .text.display_text
                0x0000000010007f38      0x44c robot/librobot.a(display.c.obj)
                0x0000000010007f38                display_text
 .text.display_fill_rect
                0x0000000010008384      0x15c robot/librobot.a(display.c.obj)
                0x0000000010008384                display_fill_rect
 .text.display_show
                0x00000000100084e0       0x28 robot/librobot.a(display.c.obj)
                0x00000000100084e0                display_show
 .text.motors_init
                0x0000000010008508       0x5c robot/librobot.a(motors.c.obj)
                0x0000000010008508                motors_init
 .text.motors_set_power
                0x0000000010008564       0x70 robot/librobot.a(motors.c.obj)
                0x0000000010008564                motors_set_power
 .text.sh1106_transfer_start
                0x00000000100085d4       0x40 robot/librobot.a(sh1106.c.obj)
                0x00000000100085d4                sh1106_transfer_start
 .text.sh1106_transfer_end
                0x0000000010008614       0x1c robot/librobot.a(sh1106.c.obj)
                0x0000000010008614                sh1106_transfer_end
 .text.sh1106_write_page
                0x0000000010008630       0x54 robot/librobot.a(sh1106.c.obj)
                0x0000000010008630                sh1106_write_page
 .text.sh1106_clear
                0x0000000010008684       0xa0 robot/librobot.a(sh1106.c.obj)
                0x0000000010008684                sh1106_clear
 .text.sh1106_init
                0x0000000010008724       0xd0 robot/librobot.a(sh1106.c.obj)
                0x0000000010008724                sh1106_init
 .text          0x00000000100087f4       0x10 /usr/lib/gcc/arm-none-eabi/10.3.1/../../../arm-none-eabi/lib/thumb/v6-m/nofp/libc.a(lib_a-atexit.o)
                0x00000000100087f4                atexit
 .text          0x0000000010008804       0x18 /usr/lib/gcc/arm-none-eabi/10.3.1/../../../arm-none-eabi/lib/thumb/v6-m/nofp/libc.a(lib_a-atoi.o)
                0x0000000010008804                atoi
                0x0000000010008810                _atoi_r
 .text          0x000000001000881c       0x18 /usr/lib/gcc/arm-none-eabi/10.3.1/../../../arm-none-eabi/lib/thumb/v6-m/nofp/libc.a(lib_a-atoll.o)
                0x000000001000881c                atoll
                0x0000000010008828                _atoll_r
 .text          0x0000000010008834       0x18 /usr/lib/gcc/arm-none-eabi/10.3.1/../../../arm-none-eabi/lib/thumb/v6-m/nofp/libc.a(lib_a-calloc.o)
                0x0000000010008834                calloc
 .text          0x000000001000884c       0x5c /usr/lib/gcc/arm-none-eabi/10.3.1/../../../arm-none-eabi/lib/thumb/v6-m/nofp/libc.a(lib_a-callocr.o)
                0x000000001000884c                _calloc_r
 .text          0x00000000100088a8       0x28 /usr/lib/gcc/arm-none-eabi/10.3.1/../../../arm-none-eabi/lib/thumb/v6-m/nofp/libc.a(lib_a-malloc.o)
                0x00000000100088a8                malloc
                0x00000000100088bc                free
 .text          0x00000000100088d0      0x574 /usr/lib/gcc/arm-none-eabi/10.3.1/../../../arm-none-eabi/lib/thumb/v6-m/nofp/libc.a(lib_a-mallocr.o)
                0x00000000100088d0                _malloc_r
 .text          0x0000000010008e44        0x8 /usr/lib/gcc/arm-none-eabi/10.3.1/../../../arm-none-eabi/lib/thumb/v6-m/nofp/libc.a(lib_a-mlock.o)
                0x0000000010008e44                __malloc_lock
                0x0000000010008e48                __malloc_unlock
 .text          0x0000000010008e4c       0x18 /usr/lib/gcc/arm-none-eabi/10.3.1/../../../arm-none-eabi/lib/thumb/v6-m/nofp/libc.a(lib_a-realloc.o)
                0x0000000010008e4c                realloc
 .text          0x0000000010008e64      0x354 /usr/lib/gcc/arm-none-eabi/10.3.1/../../../arm-none-eabi/lib/thumb/v6-m/nofp/libc.a(lib_a-reallocr.o)
                0x0000000010008e64                _realloc_r
 .text          0x00000000100091b8       0x24 /usr/lib/gcc/arm-none-eabi/10.3.1/../../../arm-none-eabi/lib/thumb/v6-m/nofp/libc.a(lib_a-sbrkr.o)
                0x00000000100091b8                _sbrk_r
 .text          0x00000000100091dc       0x88 /usr/lib/gcc/arm-none-eabi/10.3.1/../../../arm-none-eabi/lib/thumb/v6-m/nofp/libc.a(lib_a-strcmp.o)
                0x00000000100091dc                strcmp
 .text          0x0000000010009264       0x5c /usr/lib/gcc/arm-none-eabi/10.3.1/../../../arm-none-eabi/lib/thumb/v6-m/nofp/libc.a(lib_a-strlen-stub.o)
                0x0000000010009264                strlen
 .text          0x00000000100092c0       0x74 /usr/lib/gcc/arm-none-eabi/10.3.1/../../../arm-none-eabi/lib/thumb/v6-m/nofp/libc.a(lib_a-strncmp.o)
                0x00000000100092c0                strncmp
 .text          0x0000000010009334      0x1b8 /usr/lib/gcc/arm-none-eabi/10.3.1/../../../arm-none-eabi/lib/thumb/v6-m/nofp/libc.a(lib_a-strtol.o)
                0x0000000010009478                _strtol_r
                0x0000000010009494                strtol_l
                0x00000000100094c0                strtol
 .text          0x00000000100094ec      0x1d0 /usr/lib/gcc/arm-none-eabi/10.3.1/../../../arm-none-eabi/lib/thumb/v6-m/nofp/libc.a(lib_a-strtoll.o)
                0x0000000010009684                _strtoll_r
                0x000000001000968c                strtoll_l
                0x00000000100096a4                strtoll
 .text          0x00000000100096bc     0x16e4 /usr/lib/gcc/arm-none-eabi/10.3.1/../../../arm-none-eabi/lib/thumb/v6-m/nofp/libc.a(lib_a-vfprintf.o)
                0x00000000100096bc                _vfprintf_r
                0x000000001000ad14                vfprintf
 .text          0x000000001000ada0       0xdc /usr/lib/gcc/arm-none-eabi/10.3.1/../../../arm-none-eabi/lib/thumb/v6-m/nofp/libc.a(lib_a-wsetup.o)
                0x000000001000ada0                __swsetup_r
 .text          0x000000001000ae7c       0x88 /usr/lib/gcc/arm-none-eabi/10.3.1/../../../arm-none-eabi/lib/thumb/v6-m/nofp/libc.a(lib_a-__atexit.o)
                0x000000001000ae7c                __register_exitproc
 .text          0x000000001000af04     0x1104 /usr/lib/gcc/arm-none-eabi/10.3.1/../../../arm-none-eabi/lib/thumb/v6-m/nofp/libc.a(lib_a-dtoa.o)
                0x000000001000b04c                _dtoa_r
 .text          0x000000001000c008        0xc /usr/lib/gcc/arm-none-eabi/10.3.1/../../../arm-none-eabi/lib/thumb/v6-m/nofp/libc.a(lib_a-errno.o)
                0x000000001000c008                __errno
 .text          0x000000001000c014      0x1c0 /usr/lib/gcc/arm-none-eabi/10.3.1/../../../arm-none-eabi/lib/thumb/v6-m/nofp/libc.a(lib_a-fflush.o)
                0x000000001000c014                __sflush_r
                0x000000001000c154                _fflush_r
                0x000000001000c180                fflush
 .text          0x000000001000c1d4      0x248 /usr/lib/gcc/arm-none-eabi/10.3.1/../../../arm-none-eabi/lib/thumb/v6-m/nofp/libc.a(lib_a-findfp.o)
                0x000000001000c1d8                _cleanup_r
                0x000000001000c2d4                __sfmoreglue
                0x000000001000c304                __sfp
                0x000000001000c3b4                _cleanup
                0x000000001000c3cc                __sinit
                0x000000001000c3dc                __sfp_lock_acquire
                0x000000001000c3e0                __sfp_lock_release
                0x000000001000c3e4                __sinit_lock_acquire
                0x000000001000c3e8                __sinit_lock_release
                0x000000001000c3ec                __fp_lock_all
                0x000000001000c404                __fp_unlock_all
 .text          0x000000001000c41c      0x260 /usr/lib/gcc/arm-none-eabi/10.3.1/../../../arm-none-eabi/lib/thumb/v6-m/nofp/libc.a(lib_a-freer.o)
                0x000000001000c41c                _malloc_trim_r
                0x000000001000c4b8                _free_r
 .text          0x000000001000c67c       0x88 /usr/lib/gcc/arm-none-eabi/10.3.1/../../../arm-none-eabi/lib/thumb/v6-m/nofp/libc.a(lib_a-fwalk.o)
                0x000000001000c67c                _fwalk
                0x000000001000c6bc                _fwalk_reent
 .text          0x000000001000c704       0x14 /usr/lib/gcc/arm-none-eabi/10.3.1/../../../arm-none-eabi/lib/thumb/v6-m/nofp/libc.a(lib_a-localeconv.o)
                0x000000001000c704                __localeconv_l
                0x000000001000c708                _localeconv_r
                0x000000001000c710                localeconv
 .text          0x000000001000c718      0x144 /usr/lib/gcc/arm-none-eabi/10.3.1/../../../arm-none-eabi/lib/thumb/v6-m/nofp/libc.a(lib_a-makebuf.o)
                0x000000001000c718                __smakebuf_r
                0x000000001000c7fc                __swhatbuf_r
 .text          0x000000001000c85c      0xafc /usr/lib/gcc/arm-none-eabi/10.3.1/../../../arm-none-eabi/lib/thumb/v6-m/nofp/libc.a(lib_a-mprec.o)
                0x000000001000c85c                _Balloc
                0x000000001000c8ac                _Bfree
                0x000000001000c8c0                __multadd
                0x000000001000c968                __s2b
                0x000000001000ca18                __hi0bits
                0x000000001000ca50                __lo0bits
                0x000000001000caac                __i2b
                0x000000001000cb0c                __multiply
                0x000000001000ccb0                __pow5mult
                0x000000001000cd88                __lshift
                0x000000001000ce84                __mcmp
                0x000000001000ceb8                __mdiff
                0x000000001000d044                __ulp
                0x000000001000d08c                __b2d
                0x000000001000d154                __d2b
                0x000000001000d22c                __ratio
                0x000000001000d294                _mprec_log10
                0x000000001000d2c8                __copybits
                0x000000001000d308                __any_on
 .text          0x000000001000d358       0xa4 /usr/lib/gcc/arm-none-eabi/10.3.1/../../../arm-none-eabi/lib/thumb/v6-m/nofp/libc.a(lib_a-stdio.o)
                0x000000001000d358                __sread
                0x000000001000d380                __seofread
                0x000000001000d384                __swrite
                0x000000001000d3c4                __sseek
                0x000000001000d3f0                __sclose
 .text          0x000000001000d3fc      0xdd8 /usr/lib/gcc/arm-none-eabi/10.3.1/../../../arm-none-eabi/lib/thumb/v6-m/nofp/libc.a(lib_a-vfiprintf.o)
                0x000000001000d484                __sprint_r
                0x000000001000d498                _vfiprintf_r
                0x000000001000e148                vfiprintf
 .text          0x000000001000e1d4       0x28 /usr/lib/gcc/arm-none-eabi/10.3.1/../../../arm-none-eabi/lib/thumb/v6-m/nofp/libc.a(lib_a-writer.o)
                0x000000001000e1d4                _write_r
 .text          0x000000001000e1fc       0x24 /usr/lib/gcc/arm-none-eabi/10.3.1/../../../arm-none-eabi/lib/thumb/v6-m/nofp/libc.a(lib_a-closer.o)
                0x000000001000e1fc                _close_r
 .text          0x000000001000e220       0xe8 /usr/lib/gcc/arm-none-eabi/10.3.1/../../../arm-none-eabi/lib/thumb/v6-m/nofp/libc.a(lib_a-fclose.o)
                0x000000001000e290                _fclose_r
                0x000000001000e2c8                fclose
 .text          0x000000001000e308       0xfc /usr/lib/gcc/arm-none-eabi/10.3.1/../../../arm-none-eabi/lib/thumb/v6-m/nofp/libc.a(lib_a-fputwc.o)
                0x000000001000e308                __fputwc
                0x000000001000e3a0                _fputwc_r
                0x000000001000e3c0                fputwc
 .text          0x000000001000e404       0x28 /usr/lib/gcc/arm-none-eabi/10.3.1/../../../arm-none-eabi/lib/thumb/v6-m/nofp/libc.a(lib_a-fstatr.o)
                0x000000001000e404                _fstat_r
 .text          0x000000001000e42c      0x2f4 /usr/lib/gcc/arm-none-eabi/10.3.1/../../../arm-none-eabi/lib/thumb/v6-m/nofp/libc.a(lib_a-fvwrite.o)
                0x000000001000e42c                __sfvwrite_r
 .text          0x000000001000e720       0x24 /usr/lib/gcc/arm-none-eabi/10.3.1/../../../arm-none-eabi/lib/thumb/v6-m/nofp/libc.a(lib_a-isattyr.o)
                0x000000001000e720                _isatty_r
 .text          0x000000001000e744       0x98 /usr/lib/gcc/arm-none-eabi/10.3.1/../../../arm-none-eabi/lib/thumb/v6-m/nofp/libc.a(lib_a-locale.o)
                0x000000001000e744                _setlocale_r
                0x000000001000e788                __locale_mb_cur_max
                0x000000001000e798                setlocale
 .text          0x000000001000e7dc       0x28 /usr/lib/gcc/arm-none-eabi/10.3.1/../../../arm-none-eabi/lib/thumb/v6-m/nofp/libc.a(lib_a-lseekr.o)
                0x000000001000e7dc                _lseek_r
 .text          0x000000001000e804       0x44 /usr/lib/gcc/arm-none-eabi/10.3.1/../../../arm-none-eabi/lib/thumb/v6-m/nofp/libc.a(lib_a-mbtowc_r.o)
                0x000000001000e804                _mbtowc_r
                0x000000001000e81c                __ascii_mbtowc
 .text          0x000000001000e848       0x28 /usr/lib/gcc/arm-none-eabi/10.3.1/../../../arm-none-eabi/lib/thumb/v6-m/nofp/libc.a(lib_a-readr.o)
                0x000000001000e848                _read_r
 .text          0x000000001000e870       0xe0 /usr/lib/gcc/arm-none-eabi/10.3.1/../../../arm-none-eabi/lib/thumb/v6-m/nofp/libc.a(lib_a-wbuf.o)
                0x000000001000e870                __swbuf_r
                0x000000001000e938                __swbuf
 .text          0x000000001000e950       0x84 /usr/lib/gcc/arm-none-eabi/10.3.1/../../../arm-none-eabi/lib/thumb/v6-m/nofp/libc.a(lib_a-wcrtomb.o)
                0x000000001000e950                _wcrtomb_r
                0x000000001000e990                wcrtomb
 .text          0x000000001000e9d4       0x2c /usr/lib/gcc/arm-none-eabi/10.3.1/../../../arm-none-eabi/lib/thumb/v6-m/nofp/libc.a(lib_a-wctomb_r.o)
                0x000000001000e9d4                _wctomb_r
                0x000000001000e9e4                __ascii_wctomb
 *(.fini)
 .fini          0x000000001000ea00        0x4 /usr/lib/gcc/arm-none-eabi/10.3.1/thumb/v6-m/nofp/crti.o
                0x000000001000ea00                _fini
 *fill*         0x000000001000ea04        0x4 
 .fini.__stub   0x000000001000ea08       0xa0 linker stubs
 *crtbegin.o(.ctors)
 *crtbegin?.o(.ctors)
 *(EXCLUDE_FILE(*crtend.o *crtend?.o) .ctors)
 *(SORT_BY_NAME(.ctors.*))
 *(.ctors)
 *crtbegin.o(.dtors)
 *crtbegin?.o(.dtors)
 *(EXCLUDE_FILE(*crtend.o *crtend?.o) .dtors)
 *(SORT_BY_NAME(.dtors.*))
 *(.dtors)
 *(.eh_frame*)
 .eh_frame      0x000000001000eaa8        0x0 /usr/lib/gcc/arm-none-eabi/10.3.1/thumb/v6-m/nofp/crtbegin.o
                0x000000001000eaa8                . = ALIGN (0x4)

.glue_7         0x000000001000eaa8        0x0
 .glue_7        0x000000001000eaa8        0x0 linker stubs

.glue_7t        0x000000001000eaa8        0x0
 .glue_7t       0x000000001000eaa8        0x0 linker stubs

.vfp11_veneer   0x000000001000eaa8        0x0
 .vfp11_veneer  0x000000001000eaa8        0x0 linker stubs

.v4_bx          0x000000001000eaa8        0x0
 .v4_bx         0x000000001000eaa8        0x0 linker stubs

.iplt           0x000000001000eaa8        0x0
 .iplt          0x000000001000eaa8        0x0 /usr/lib/gcc/arm-none-eabi/10.3.1/thumb/v6-m/nofp/crtbegin.o

.rodata         0x000000001000eaa8     0x40c0
 *(EXCLUDE_FILE(*libm.a: *libc.a:*lib_a-mem*.o *libgcc.a:) .rodata*)
 .rodata.new__robotdrivesolution_main.str1.4
                0x000000001000eaa8        0x2 CMakeFiles/RobotDriveSolution.dir/_robotdrivesolution_main.c.obj
 *fill*         0x000000001000eaaa        0x2 
 .rodata._robotreaction_function_0.str1.4
                0x000000001000eaac        0x5 CMakeFiles/RobotDriveSolution.dir/_robot.c.obj
 *fill*         0x000000001000eab1        0x3 
 .rodata._robotreaction_function_1.str1.4
                0x000000001000eab4        0x8 CMakeFiles/RobotDriveSolution.dir/_robot.c.obj
 .rodata._robotreaction_function_2.str1.4
                0x000000001000eabc        0x8 CMakeFiles/RobotDriveSolution.dir/_robot.c.obj
 .rodata.new__robot.str1.4
                0x000000001000eac4        0x2 CMakeFiles/RobotDriveSolution.dir/_robot.c.obj
 .rodata.new__motors.str1.4
                0x000000001000eac4        0x2 CMakeFiles/RobotDriveSolution.dir/_motors.c.obj
 .rodata.new__display.str1.4
                0x000000001000eac4        0x2 CMakeFiles/RobotDriveSolution.dir/_display.c.obj
 .rodata.spin_lock_claim_unused.str1.4
                0x000000001000eac4       0x1b CMakeFiles/RobotDriveSolution.dir/home/foobar/pico-sdk/src/rp2_common/hardware_sync/sync.c.obj
 *fill*         0x000000001000eadf        0x1 
 .rodata.at_the_end_of_time
                0x000000001000eae0        0x8 CMakeFiles/RobotDriveSolution.dir/home/foobar/pico-sdk/src/common/pico_time/time.c.obj
                0x000000001000eae0                at_the_end_of_time
 .rodata.hardware_alarm_claim.str1.4
                0x000000001000eae8       0x22 CMakeFiles/RobotDriveSolution.dir/home/foobar/pico-sdk/src/rp2_common/hardware_timer/timer.c.obj
 *fill*         0x000000001000eb0a        0x2 
 .rodata.__assert_func.str1.4
                0x000000001000eb0c       0x3f CMakeFiles/RobotDriveSolution.dir/home/foobar/pico-sdk/src/rp2_common/pico_runtime/runtime.c.obj
                                         0x43 (size before relaxing)
 *fill*         0x000000001000eb4b        0x1 
 .rodata.panic.str1.4
                0x000000001000eb4c       0x10 CMakeFiles/RobotDriveSolution.dir/home/foobar/pico-sdk/src/rp2_common/pico_runtime/runtime.c.obj
                                         0x12 (size before relaxing)
 .rodata.hard_assertion_failure.str1.4
                0x000000001000eb5c        0xc CMakeFiles/RobotDriveSolution.dir/home/foobar/pico-sdk/src/rp2_common/pico_runtime/runtime.c.obj
 .rodata._ftoa.str1.4
                0x000000001000eb68       0x15 CMakeFiles/RobotDriveSolution.dir/home/foobar/pico-sdk/src/rp2_common/pico_printf/printf.c.obj
 *fill*         0x000000001000eb7d        0x3 
 .rodata._vsnprintf
                0x000000001000eb80      0x1e0 CMakeFiles/RobotDriveSolution.dir/home/foobar/pico-sdk/src/rp2_common/pico_printf/printf.c.obj
 .rodata.pow10.0
                0x000000001000ed60       0x50 CMakeFiles/RobotDriveSolution.dir/home/foobar/pico-sdk/src/rp2_common/pico_printf/printf.c.obj
 .rodata.missing_double_func_shim.str1.4
                0x000000001000edb0       0x18 CMakeFiles/RobotDriveSolution.dir/home/foobar/pico-sdk/src/rp2_common/pico_double/double_init_rom.c.obj
 .rodata.missing_float_func_shim.str1.4
                0x000000001000edc8        0x1 CMakeFiles/RobotDriveSolution.dir/home/foobar/pico-sdk/src/rp2_common/pico_float/float_init_rom.c.obj
 .rodata.__wrap_malloc.str1.4
                0x000000001000edc8        0xe CMakeFiles/RobotDriveSolution.dir/home/foobar/pico-sdk/src/rp2_common/pico_malloc/pico_malloc.c.obj
 *fill*         0x000000001000edd6        0x2 
 .rodata.str1.4
                0x000000001000edd8       0x58 CMakeFiles/RobotDriveSolution.dir/home/foobar/pico-sdk/src/rp2_common/pico_standard_link/binary_info.c.obj
 .rodata.__bi_44
                0x000000001000ee30        0xc CMakeFiles/RobotDriveSolution.dir/home/foobar/pico-sdk/src/rp2_common/pico_standard_link/binary_info.c.obj
 .rodata.__bi_75
                0x000000001000ee3c        0xc CMakeFiles/RobotDriveSolution.dir/home/foobar/pico-sdk/src/rp2_common/pico_standard_link/binary_info.c.obj
 .rodata.__bi_81
                0x000000001000ee48        0xc CMakeFiles/RobotDriveSolution.dir/home/foobar/pico-sdk/src/rp2_common/pico_standard_link/binary_info.c.obj
 .rodata.crlf_str.0
                0x000000001000ee54        0x2 CMakeFiles/RobotDriveSolution.dir/home/foobar/pico-sdk/src/rp2_common/pico_stdio/stdio.c.obj
 *fill*         0x000000001000ee56        0x2 
 .rodata._lf_physical_time.str1.4
                0x000000001000ee58       0x23 core/libcore.a(tag.c.obj)
 *fill*         0x000000001000ee7b        0x1 
 .rodata.lf_comma_separated_time.str1.4
                0x000000001000ee7c       0x14 core/libcore.a(tag.c.obj)
                                         0x18 (size before relaxing)
 .rodata._lf_allocate.str1.4
                0x000000001000ee90        0xf core/libcore.a(reactor_common.c.obj)
 *fill*         0x000000001000ee9f        0x1 
 .rodata._lf_schedule_at_tag.str1.4
                0x000000001000eea0       0xbd core/libcore.a(reactor_common.c.obj)
 *fill*         0x000000001000ef5d        0x3 
 .rodata._lf_schedule.str1.4
                0x000000001000ef60       0x6f core/libcore.a(reactor_common.c.obj)
 *fill*         0x000000001000efcf        0x1 
 .rodata._lf_pop_events.str1.4
                0x000000001000efd0       0x62 core/libcore.a(reactor_common.c.obj)
 *fill*         0x000000001000f032        0x2 
 .rodata._lf_advance_logical_time.str1.4
                0x000000001000f034       0x40 core/libcore.a(reactor_common.c.obj)
 .rodata.usage.str1.4
                0x000000001000f074      0x248 core/libcore.a(reactor_common.c.obj)
                                        0x24a (size before relaxing)
 .rodata.process_args.str1.4
                0x000000001000f2bc      0x1c3 core/libcore.a(reactor_common.c.obj)
 *fill*         0x000000001000f47f        0x1 
 .rodata.termination.str1.4
                0x000000001000f480      0x1ce core/libcore.a(reactor_common.c.obj)
 *fill*         0x000000001000f64e        0x2 
 .rodata._lf_free_token.part.0.str1.4
                0x000000001000f650       0xbd core/libcore.a(lf_token.c.obj)
 *fill*         0x000000001000f70d        0x3 
 .rodata._lf_get_token.str1.4
                0x000000001000f710       0x32 core/libcore.a(lf_token.c.obj)
 .rodata.environment_init.str1.4
                0x000000001000f742        0xe core/libcore.a(environment.c.obj)
 *fill*         0x000000001000f742        0x6 
 .rodata        0x000000001000f748       0x10 core/libcore.a(environment.c.obj)
 .rodata._lf_trigger_reaction.str1.4
                0x000000001000f758       0x2a core/libcore.a(reactor.c.obj)
 .rodata.next.str1.4
                0x000000001000f782       0x45 core/libcore.a(reactor.c.obj)
 *fill*         0x000000001000f782        0x2 
 .rodata.lf_reactor_c_main.str1.4
                0x000000001000f784       0x72 core/libcore.a(reactor.c.obj)
 *fill*         0x000000001000f7f6        0x2 
 .rodata        0x000000001000f7f8       0x10 core/libcore.a(reactor.c.obj)
 .rodata.find_equal_same_priority.str1.4
                0x000000001000f808       0x3d core/libcore.a(pqueue.c.obj)
 *fill*         0x000000001000f845        0x3 
 .rodata._lf_message_print.str1.4
                0x000000001000f848       0x1b core/libcore.a(util.c.obj)
 .rodata.lf_print.str1.4
                0x000000001000f863        0x1 core/libcore.a(util.c.obj)
 *fill*         0x000000001000f863        0x1 
 .rodata.lf_print_error.str1.4
                0x000000001000f864        0x8 core/libcore.a(util.c.obj)
 .rodata.lf_print_warning.str1.4
                0x000000001000f86c        0xa core/libcore.a(util.c.obj)
 *fill*         0x000000001000f876        0x2 
 .rodata.lf_print_error_and_exit.str1.4
                0x000000001000f878        0xe core/libcore.a(util.c.obj)
 *fill*         0x000000001000f886        0x2 
 .rodata._lf_process_mode_changes.str1.4
                0x000000001000f888       0x5a core/libcore.a(modes.c.obj)
 *fill*         0x000000001000f8e2        0x2 
 .rodata.checkerboard
                0x000000001000f8e4       0x10 robot/librobot.a(display.c.obj)
                0x000000001000f8e4                checkerboard
 .rodata.font_8x8
                0x000000001000f8f4     0x10a8 robot/librobot.a(font_8x8.c.obj)
                0x000000001000f8f4                font_8x8
 .rodata.font_8x16
                0x000000001001099c     0x1bb8 robot/librobot.a(font_8x16.c.obj)
                0x000000001001099c                font_8x16
 .rodata.sh1106_configure_default.str1.4
                0x0000000010012554        0x7 robot/librobot.a(sh1106.c.obj)
 *fill*         0x000000001001255b        0x1 
 .rodata        0x000000001001255c        0x4 /usr/lib/gcc/arm-none-eabi/10.3.1/../../../arm-none-eabi/lib/thumb/v6-m/nofp/libc.a(lib_a-impure.o)
                0x000000001001255c                _global_impure_ptr
 .rodata.str1.4
                0x0000000010012560       0x3b /usr/lib/gcc/arm-none-eabi/10.3.1/../../../arm-none-eabi/lib/thumb/v6-m/nofp/libc.a(lib_a-vfprintf.o)
                                         0x42 (size before relaxing)
 *fill*         0x000000001001259b        0x1 
 .rodata        0x000000001001259c      0x184 /usr/lib/gcc/arm-none-eabi/10.3.1/../../../arm-none-eabi/lib/thumb/v6-m/nofp/libc.a(lib_a-vfprintf.o)
 .rodata        0x0000000010012720      0x101 /usr/lib/gcc/arm-none-eabi/10.3.1/../../../arm-none-eabi/lib/thumb/v6-m/nofp/libc.a(lib_a-ctype_.o)
                0x0000000010012720                _ctype_
 *fill*         0x0000000010012821        0x3 
 .rodata.str1.4
                0x0000000010012824       0x56 /usr/lib/gcc/arm-none-eabi/10.3.1/../../../arm-none-eabi/lib/thumb/v6-m/nofp/libc.a(lib_a-dtoa.o)
                                         0x5a (size before relaxing)
 *fill*         0x000000001001287a        0x2 
 .rodata.str1.4
                0x000000001001287c       0x33 /usr/lib/gcc/arm-none-eabi/10.3.1/../../../arm-none-eabi/lib/thumb/v6-m/nofp/libc.a(lib_a-mprec.o)
                                         0x47 (size before relaxing)
 *fill*         0x00000000100128af        0x1 
 .rodata        0x00000000100128b0      0x128 /usr/lib/gcc/arm-none-eabi/10.3.1/../../../arm-none-eabi/lib/thumb/v6-m/nofp/libc.a(lib_a-mprec.o)
                0x00000000100128c0                __mprec_tinytens
                0x00000000100128e8                __mprec_bigtens
                0x0000000010012910                __mprec_tens
 .rodata.str1.4
                0x00000000100129d8       0x2f /usr/lib/gcc/arm-none-eabi/10.3.1/../../../arm-none-eabi/lib/thumb/v6-m/nofp/libc.a(lib_a-vfiprintf.o)
 .rodata        0x00000000100129d8      0x184 /usr/lib/gcc/arm-none-eabi/10.3.1/../../../arm-none-eabi/lib/thumb/v6-m/nofp/libc.a(lib_a-vfiprintf.o)
 .rodata.str1.4
                0x0000000010012b5c        0xa /usr/lib/gcc/arm-none-eabi/10.3.1/../../../arm-none-eabi/lib/thumb/v6-m/nofp/libc.a(lib_a-locale.o)
                                         0x12 (size before relaxing)
                0x0000000010012b68                . = ALIGN (0x4)
 *fill*         0x0000000010012b66        0x2 
 *(SORT_BY_ALIGNMENT(SORT_BY_NAME(.flashdata*)))
                0x0000000010012b68                . = ALIGN (0x4)

.ARM.extab
 *(.ARM.extab* .gnu.linkonce.armextab.*)
                0x0000000010012b68                __exidx_start = .

.ARM.exidx
 *(.ARM.exidx* .gnu.linkonce.armexidx.*)
                0x0000000010012b68                __exidx_end = .
                0x0000000010012b68                . = ALIGN (0x4)
                0x0000000010012b68                __binary_info_start = .

.binary_info    0x0000000010012b68       0x1c
 *(.binary_info.keep.*)
 .binary_info.keep.__bi_ptr22
                0x0000000010012b68        0x4 CMakeFiles/RobotDriveSolution.dir/home/foobar/pico-sdk/src/rp2_common/pico_standard_link/binary_info.c.obj
 .binary_info.keep.__bi_ptr30
                0x0000000010012b6c        0x4 CMakeFiles/RobotDriveSolution.dir/home/foobar/pico-sdk/src/rp2_common/pico_standard_link/binary_info.c.obj
 .binary_info.keep.__bi_ptr38
                0x0000000010012b70        0x4 CMakeFiles/RobotDriveSolution.dir/home/foobar/pico-sdk/src/rp2_common/pico_standard_link/binary_info.c.obj
 .binary_info.keep.__bi_ptr44
                0x0000000010012b74        0x4 CMakeFiles/RobotDriveSolution.dir/home/foobar/pico-sdk/src/rp2_common/pico_standard_link/binary_info.c.obj
 .binary_info.keep.__bi_ptr50
                0x0000000010012b78        0x4 CMakeFiles/RobotDriveSolution.dir/home/foobar/pico-sdk/src/rp2_common/pico_standard_link/binary_info.c.obj
 .binary_info.keep.__bi_ptr75
                0x0000000010012b7c        0x4 CMakeFiles/RobotDriveSolution.dir/home/foobar/pico-sdk/src/rp2_common/pico_standard_link/binary_info.c.obj
 .binary_info.keep.__bi_ptr81
                0x0000000010012b80        0x4 CMakeFiles/RobotDriveSolution.dir/home/foobar/pico-sdk/src/rp2_common/pico_standard_link/binary_info.c.obj
 *(.binary_info.*)
                0x0000000010012b84                __binary_info_end = .

.rel.dyn        0x0000000010012b84        0x0
 .rel.iplt      0x0000000010012b84        0x0 /usr/lib/gcc/arm-none-eabi/10.3.1/thumb/v6-m/nofp/crtbegin.o
                0x0000000010012b84                . = ALIGN (0x4)

.ram_vector_table
                0x0000000020000000       0xc0
 *(.ram_vector_table)
 .ram_vector_table
                0x0000000020000000       0xc0 CMakeFiles/RobotDriveSolution.dir/home/foobar/pico-sdk/src/rp2_common/pico_runtime/runtime.c.obj
                0x0000000020000000                ram_vector_table

.data           0x00000000200000c0      0xe08 load address 0x0000000010012b84
                0x00000000200000c0                __data_start__ = .
 *(vtable)
 *(.time_critical*)
 .time_critical.sem_acquire_block_until
                0x00000000200000c0       0x68 CMakeFiles/RobotDriveSolution.dir/home/foobar/pico-sdk/src/common/pico_sync/sem.c.obj
                0x00000000200000c0                sem_acquire_block_until
 .time_critical.sem_reset
                0x0000000020000128       0x40 CMakeFiles/RobotDriveSolution.dir/home/foobar/pico-sdk/src/common/pico_sync/sem.c.obj
                0x0000000020000128                sem_reset
 .time_critical.mutex_enter_blocking
                0x0000000020000168       0x48 CMakeFiles/RobotDriveSolution.dir/home/foobar/pico-sdk/src/common/pico_sync/mutex.c.obj
                0x0000000020000168                mutex_enter_blocking
 .time_critical.mutex_try_enter_block_until
                0x00000000200001b0       0x9c CMakeFiles/RobotDriveSolution.dir/home/foobar/pico-sdk/src/common/pico_sync/mutex.c.obj
                0x00000000200001b0                mutex_try_enter_block_until
 .time_critical.mutex_exit
                0x000000002000024c       0x28 CMakeFiles/RobotDriveSolution.dir/home/foobar/pico-sdk/src/common/pico_sync/mutex.c.obj
                0x000000002000024c                mutex_exit
 .time_critical.spi_write_blocking
                0x0000000020000274       0x4c CMakeFiles/RobotDriveSolution.dir/home/foobar/pico-sdk/src/rp2_common/hardware_spi/spi.c.obj
                0x0000000020000274                spi_write_blocking
 *(.text*)
 .text          0x00000000200002c0        0x4 /usr/lib/gcc/arm-none-eabi/10.3.1/thumb/v6-m/nofp/libgcc.a(_dvmd_tls.o)
                0x00000000200002c0                __aeabi_ldiv0
                0x00000000200002c0                __aeabi_idiv0
 .text          0x00000000200002c4       0x74 /usr/lib/gcc/arm-none-eabi/10.3.1/../../../arm-none-eabi/lib/thumb/v6-m/nofp/libc.a(lib_a-memchr-stub.o)
                0x00000000200002c4                memchr
 .text          0x0000000020000338       0xac /usr/lib/gcc/arm-none-eabi/10.3.1/../../../arm-none-eabi/lib/thumb/v6-m/nofp/libc.a(lib_a-memmove.o)
                0x0000000020000338                memmove
 *fill*         0x00000000200003e4        0x4 
 .text.__stub   0x00000000200003e8       0x10 linker stubs
                0x00000000200003f8                . = ALIGN (0x4)
 *(.rodata*)
                0x00000000200003f8                . = ALIGN (0x4)
 *(.data*)
 .data.striped_spin_lock_num
                0x00000000200003f8        0x1 CMakeFiles/RobotDriveSolution.dir/home/foobar/pico-sdk/src/rp2_common/hardware_sync/sync.c.obj
 *fill*         0x00000000200003f9        0x3 
 .data          0x00000000200003fc       0x48 CMakeFiles/RobotDriveSolution.dir/home/foobar/pico-sdk/src/rp2_common/hardware_irq/irq_handler_chain.S.obj
                0x00000000200003fc                irq_handler_chain_slots
                0x000000002000042c                irq_handler_chain_first_slot
                0x0000000020000436                irq_handler_chain_remove_tail
 .data.default_alarm_pool
                0x0000000020000444       0x18 CMakeFiles/RobotDriveSolution.dir/home/foobar/pico-sdk/src/common/pico_time/time.c.obj
 .data.default_alarm_pool_heap
                0x000000002000045c       0x10 CMakeFiles/RobotDriveSolution.dir/home/foobar/pico-sdk/src/common/pico_time/time.c.obj
 *fill*         0x000000002000046c        0x4 
 .data.aeabi_bits_funcs
                0x0000000020000470       0x10 CMakeFiles/RobotDriveSolution.dir/home/foobar/pico-sdk/src/rp2_common/pico_bit_ops/bit_ops_aeabi.S.obj
                0x0000000020000470                aeabi_bits_funcs
                0x0000000020000480                aeabi_bits_funcs_end
 .data.aeabi_mem_funcs
                0x0000000020000480       0x10 CMakeFiles/RobotDriveSolution.dir/home/foobar/pico-sdk/src/rp2_common/pico_mem_ops/mem_ops_aeabi.S.obj
                0x0000000020000480                aeabi_mem_funcs
                0x0000000020000490                aeabi_mem_funcs_end
 .data._lf_last_reported_unadjusted_physical_time_ns
                0x0000000020000490        0x8 core/libcore.a(tag.c.obj)
                0x0000000020000490                _lf_last_reported_unadjusted_physical_time_ns
 .data.start_time
                0x0000000020000498        0x8 core/libcore.a(tag.c.obj)
                0x0000000020000498                start_time
 .data.duration
                0x00000000200004a0        0x8 core/libcore.a(reactor_common.c.obj)
                0x00000000200004a0                duration
 .data._lf_my_fed_id
                0x00000000200004a8        0x4 core/libcore.a(util.c.obj)
                0x00000000200004a8                _lf_my_fed_id
 .data.print_message_level
                0x00000000200004ac        0x4 core/libcore.a(util.c.obj)
                0x00000000200004ac                print_message_level
 .data.color32_funcs
                0x00000000200004b0       0x20 robot/librobot.a(display.c.obj)
                0x00000000200004b0                color32_funcs
 .data.color8_funcs
                0x00000000200004d0       0x20 robot/librobot.a(display.c.obj)
                0x00000000200004d0                color8_funcs
 .data.display_font
                0x00000000200004f0        0x4 robot/librobot.a(display.c.obj)
                0x00000000200004f0                display_font
 *fill*         0x00000000200004f4        0x4 
 .data          0x00000000200004f8      0x430 /usr/lib/gcc/arm-none-eabi/10.3.1/../../../arm-none-eabi/lib/thumb/v6-m/nofp/libc.a(lib_a-impure.o)
                0x00000000200004f8                _impure_ptr
 .data          0x0000000020000928      0x410 /usr/lib/gcc/arm-none-eabi/10.3.1/../../../arm-none-eabi/lib/thumb/v6-m/nofp/libc.a(lib_a-mallocr.o)
                0x0000000020000928                __malloc_sbrk_base
                0x000000002000092c                __malloc_trim_threshold
                0x0000000020000930                __malloc_av_
 .data          0x0000000020000d38      0x16c /usr/lib/gcc/arm-none-eabi/10.3.1/../../../arm-none-eabi/lib/thumb/v6-m/nofp/libc.a(lib_a-locale.o)
                0x0000000020000d38                __global_locale
                0x0000000020000ea4                . = ALIGN (0x4)
 *(.after_data.*)
                0x0000000020000ea4                . = ALIGN (0x4)
                0x0000000020000ea4                PROVIDE (__mutex_array_start = .)
 *(SORT_BY_NAME(.mutex_array.*))
 *(.mutex_array)
 .mutex_array   0x0000000020000ea4        0x8 CMakeFiles/RobotDriveSolution.dir/home/foobar/pico-sdk/src/rp2_common/pico_malloc/pico_malloc.c.obj
 .mutex_array   0x0000000020000eac        0x8 CMakeFiles/RobotDriveSolution.dir/home/foobar/pico-sdk/src/rp2_common/pico_stdio/stdio.c.obj
                0x0000000020000eb4                PROVIDE (__mutex_array_end = .)
                0x0000000020000eb4                . = ALIGN (0x4)
                0x0000000020000eb4                PROVIDE (__preinit_array_start = .)
 *(SORT_BY_NAME(.preinit_array.*))
 .preinit_array.00001
                0x0000000020000eb4        0x4 CMakeFiles/RobotDriveSolution.dir/home/foobar/pico-sdk/src/rp2_common/pico_mem_ops/mem_ops_aeabi.S.obj
 .preinit_array.00010
                0x0000000020000eb8        0x4 CMakeFiles/RobotDriveSolution.dir/home/foobar/pico-sdk/src/rp2_common/pico_bit_ops/bit_ops_aeabi.S.obj
 .preinit_array.00020
                0x0000000020000ebc        0x4 CMakeFiles/RobotDriveSolution.dir/home/foobar/pico-sdk/src/rp2_common/pico_double/double_aeabi.S.obj
 .preinit_array.00020
                0x0000000020000ec0        0x4 CMakeFiles/RobotDriveSolution.dir/home/foobar/pico-sdk/src/rp2_common/pico_float/float_aeabi.S.obj
 *(.preinit_array)
                0x0000000020000ec4                PROVIDE (__preinit_array_end = .)
                0x0000000020000ec4                . = ALIGN (0x4)
                0x0000000020000ec4                PROVIDE (__init_array_start = .)
 *(SORT_BY_NAME(.init_array.*))
 *(.init_array)