Archive member included to satisfy reference by file (symbol)

core/libcore.a(tag.c.obj)     CMakeFiles/changeName.dir/lib/schedule.c.obj (lf_time_logical)
core/libcore.a(reactor_common.c.obj)
                              CMakeFiles/changeName.dir/changeName.c.obj (_lf_allocate)
core/libcore.a(lf_token.c.obj)
                              CMakeFiles/changeName.dir/_changename_main.c.obj (_lf_initialize_token_with_value)
core/libcore.a(environment.c.obj)
                              core/libcore.a(reactor_common.c.obj) (environment_free)
core/libcore.a(reactor.c.obj)
                              CMakeFiles/changeName.dir/_changename_main.c.obj (_lf_set_present)
core/libcore.a(vector.c.obj)  core/libcore.a(reactor_common.c.obj) (vector_at)
core/libcore.a(pqueue.c.obj)  core/libcore.a(environment.c.obj) (pqueue_init)
core/libcore.a(util.c.obj)    core/libcore.a(reactor_common.c.obj) (lf_print)
core/libcore.a(hashset.c.obj)
                              core/libcore.a(lf_token.c.obj) (hashset_num_items)
core/libcore.a(hashset_itr.c.obj)
                              core/libcore.a(lf_token.c.obj) (hashset_iterator)
core/libcore.a(lf_rp2040_support.c.obj)
                              core/libcore.a(reactor.c.obj) (_lf_initialize_clock)
robot/librobot.a(display.c.obj)
                              CMakeFiles/changeName.dir/_display.c.obj (display_set_font)
robot/librobot.a(font_8x8.c.obj)
                              robot/librobot.a(display.c.obj) (font_8x8)
robot/librobot.a(font_8x16.c.obj)
                              CMakeFiles/changeName.dir/_display.c.obj (font_8x16)
robot/librobot.a(sh1106.c.obj)
                              robot/librobot.a(display.c.obj) (sh1106_transfer_start)
/usr/lib/gcc/arm-none-eabi/10.3.1/thumb/v6-m/nofp/libgcc.a(_dvmd_tls.o)
                              CMakeFiles/changeName.dir/home/foobar/pico-sdk/src/rp2_common/pico_divider/divider.S.obj (__aeabi_idiv0)
/usr/lib/gcc/arm-none-eabi/10.3.1/../../../arm-none-eabi/lib/thumb/v6-m/nofp/libc.a(lib_a-atexit.o)
                              /usr/lib/gcc/arm-none-eabi/10.3.1/../../../arm-none-eabi/lib/thumb/v6-m/nofp/crt0.o (atexit)
/usr/lib/gcc/arm-none-eabi/10.3.1/../../../arm-none-eabi/lib/thumb/v6-m/nofp/libc.a(lib_a-atoi.o)
                              core/libcore.a(reactor_common.c.obj) (atoi)
/usr/lib/gcc/arm-none-eabi/10.3.1/../../../arm-none-eabi/lib/thumb/v6-m/nofp/libc.a(lib_a-atoll.o)
                              core/libcore.a(reactor_common.c.obj) (atoll)
/usr/lib/gcc/arm-none-eabi/10.3.1/../../../arm-none-eabi/lib/thumb/v6-m/nofp/libc.a(lib_a-calloc.o)
                              CMakeFiles/changeName.dir/home/foobar/pico-sdk/src/rp2_common/pico_malloc/pico_malloc.c.obj (calloc)
/usr/lib/gcc/arm-none-eabi/10.3.1/../../../arm-none-eabi/lib/thumb/v6-m/nofp/libc.a(lib_a-callocr.o)
                              /usr/lib/gcc/arm-none-eabi/10.3.1/../../../arm-none-eabi/lib/thumb/v6-m/nofp/libc.a(lib_a-calloc.o) (_calloc_r)
/usr/lib/gcc/arm-none-eabi/10.3.1/../../../arm-none-eabi/lib/thumb/v6-m/nofp/libc.a(lib_a-fini.o)
                              /usr/lib/gcc/arm-none-eabi/10.3.1/../../../arm-none-eabi/lib/thumb/v6-m/nofp/crt0.o (__libc_fini_array)
/usr/lib/gcc/arm-none-eabi/10.3.1/../../../arm-none-eabi/lib/thumb/v6-m/nofp/libc.a(lib_a-impure.o)
                              core/libcore.a(util.c.obj) (_impure_ptr)
/usr/lib/gcc/arm-none-eabi/10.3.1/../../../arm-none-eabi/lib/thumb/v6-m/nofp/libc.a(lib_a-init.o)
                              /usr/lib/gcc/arm-none-eabi/10.3.1/../../../arm-none-eabi/lib/thumb/v6-m/nofp/crt0.o (__libc_init_array)
/usr/lib/gcc/arm-none-eabi/10.3.1/../../../arm-none-eabi/lib/thumb/v6-m/nofp/libc.a(lib_a-malloc.o)
                              CMakeFiles/changeName.dir/home/foobar/pico-sdk/src/rp2_common/pico_malloc/pico_malloc.c.obj (malloc)
/usr/lib/gcc/arm-none-eabi/10.3.1/../../../arm-none-eabi/lib/thumb/v6-m/nofp/libc.a(lib_a-mallocr.o)
                              /usr/lib/gcc/arm-none-eabi/10.3.1/../../../arm-none-eabi/lib/thumb/v6-m/nofp/libc.a(lib_a-callocr.o) (_malloc_r)
/usr/lib/gcc/arm-none-eabi/10.3.1/../../../arm-none-eabi/lib/thumb/v6-m/nofp/libc.a(lib_a-mlock.o)
                              /usr/lib/gcc/arm-none-eabi/10.3.1/../../../arm-none-eabi/lib/thumb/v6-m/nofp/libc.a(lib_a-mallocr.o) (__malloc_lock)
/usr/lib/gcc/arm-none-eabi/10.3.1/../../../arm-none-eabi/lib/thumb/v6-m/nofp/libc.a(lib_a-realloc.o)
                              CMakeFiles/changeName.dir/home/foobar/pico-sdk/src/rp2_common/pico_malloc/pico_malloc.c.obj (realloc)
/usr/lib/gcc/arm-none-eabi/10.3.1/../../../arm-none-eabi/lib/thumb/v6-m/nofp/libc.a(lib_a-reallocr.o)
                              /usr/lib/gcc/arm-none-eabi/10.3.1/../../../arm-none-eabi/lib/thumb/v6-m/nofp/libc.a(lib_a-realloc.o) (_realloc_r)
/usr/lib/gcc/arm-none-eabi/10.3.1/../../../arm-none-eabi/lib/thumb/v6-m/nofp/libc.a(lib_a-sbrkr.o)
[...]
Memory Configuration

Name             Origin             Length             Attributes
FLASH            0x0000000010000000 0x0000000000200000 xr
RAM              0x0000000020000000 0x0000000000040000 xrw
SCRATCH_X        0x0000000020040000 0x0000000000001000 xrw
SCRATCH_Y        0x0000000020041000 0x0000000000001000 xrw
*default*        0x0000000000000000 0xffffffffffffffff

Linker script and memory map

LOAD /usr/lib/gcc/arm-none-eabi/10.3.1/thumb/v6-m/nofp/crti.o
LOAD /usr/lib/gcc/arm-none-eabi/10.3.1/thumb/v6-m/nofp/crtbegin.o
LOAD /usr/lib/gcc/arm-none-eabi/10.3.1/../../../arm-none-eabi/lib/thumb/v6-m/nofp/crt0.o

.flash_begin    0x0000000010000000        0x0
                0x0000000010000000                __flash_binary_start = .

.boot2          0x0000000010000000      0x100
                0x0000000010000000                __boot2_start__ = .
 *(.boot2)
 .boot2         0x0000000010000000      0x100 /tmp/ccjDivsq.o
                0x0000000010000100                __boot2_end__ = .
                0x0000000000000001                ASSERT (((__boot2_end__ - __boot2_start__) == 0x100), ERROR: Pico second stage bootloader must be 256 bytes in size)

.text           0x0000000010000100     0xda90
                0x0000000010000100                __logical_binary_start = .
 *(.vectors)
 .vectors       0x0000000010000100       0xd4 CMakeFiles/changeName.dir/home/foobar/pico-sdk/src/rp2_common/pico_standard_link/crt0.S.obj
                0x0000000010000100                __vectors
                0x0000000010000100                __VECTOR_TABLE
                0x00000000100001c0                isr_invalid
                0x00000000100001c0                __default_isrs_start
                0x00000000100001c2                isr_nmi
                0x00000000100001c4                isr_hardfault
                0x00000000100001c6                isr_svcall
                0x00000000100001c8                isr_pendsv
                0x00000000100001ca                isr_systick
                0x00000000100001cc                isr_irq30
                0x00000000100001cc                __unhandled_user_irq
                0x00000000100001cc                isr_irq13
                0x00000000100001cc                isr_irq27
                0x00000000100001cc                isr_irq31
                0x00000000100001cc                isr_irq5
                0x00000000100001cc                isr_irq11
                0x00000000100001cc                isr_irq23
                0x00000000100001cc                isr_irq18
                0x00000000100001cc                isr_irq28
                0x00000000100001cc                isr_irq19
                0x00000000100001cc                isr_irq0
                0x00000000100001cc                isr_irq6
                0x00000000100001cc                isr_irq22
                0x00000000100001cc                isr_irq17
                0x00000000100001cc                isr_irq14
                0x00000000100001cc                isr_irq2
                0x00000000100001cc                isr_irq10
                0x00000000100001cc                isr_irq8
                0x00000000100001cc                isr_irq24
                0x00000000100001cc                isr_irq1
                0x00000000100001cc                isr_irq7
                0x00000000100001cc                isr_irq21
                0x00000000100001cc                isr_irq20
                0x00000000100001cc                isr_irq15
                0x00000000100001cc                isr_irq25
                0x00000000100001cc                isr_irq4
                0x00000000100001cc                isr_irq16
                0x00000000100001cc                isr_irq29
                0x00000000100001cc                isr_irq26
                0x00000000100001cc                __default_isrs_end
                0x00000000100001cc                isr_irq3
                0x00000000100001cc                isr_irq12
                0x00000000100001cc                isr_irq9
                0x00000000100001d2                unhandled_user_irq_num_in_r0
 *(.binary_info_header)
 .binary_info_header
                0x00000000100001d4       0x14 CMakeFiles/changeName.dir/home/foobar/pico-sdk/src/rp2_common/pico_standard_link/crt0.S.obj
                0x00000000100001e8                __binary_info_header_end = .
 *(.reset)
 .reset         0x00000000100001e8       0xa0 CMakeFiles/changeName.dir/home/foobar/pico-sdk/src/rp2_common/pico_standard_link/crt0.S.obj
                0x00000000100001e8                _entry_point
 .reset         0x0000000010000288       0x30 CMakeFiles/changeName.dir/home/foobar/pico-sdk/src/rp2_common/pico_standard_link/binary_info.c.obj
 *(.init)
 .init          0x00000000100002b8        0x4 /usr/lib/gcc/arm-none-eabi/10.3.1/thumb/v6-m/nofp/crti.o
                0x00000000100002b8                _init
 *(EXCLUDE_FILE(*libm.a: *libc.a:*lib_a-mem*.o *libgcc.a:) .text*)
 .text          0x00000000100002bc       0x98 /usr/lib/gcc/arm-none-eabi/10.3.1/thumb/v6-m/nofp/crtbegin.o
 .text._changename_mainreaction_function_1
                0x0000000010000354      0x108 CMakeFiles/changeName.dir/_changename_main.c.obj
                0x0000000010000354                _changename_mainreaction_function_1
 .text._changename_mainreaction_function_0
                0x000000001000045c       0x9c CMakeFiles/changeName.dir/_changename_main.c.obj
                0x000000001000045c                _changename_mainreaction_function_0
 .text.new__changename_main
                0x00000000100004f8       0xa0 CMakeFiles/changeName.dir/_changename_main.c.obj
                0x00000000100004f8                new__changename_main
 .text._displayreaction_function_1
                0x0000000010000598       0xb4 CMakeFiles/changeName.dir/_display.c.obj
                0x0000000010000598                _displayreaction_function_1
 .text._displayreaction_function_0
                0x000000001000064c       0x2c CMakeFiles/changeName.dir/_display.c.obj
                0x000000001000064c                _displayreaction_function_0
 .text.new__display
                0x0000000010000678      0x100 CMakeFiles/changeName.dir/_display.c.obj
                0x0000000010000678                new__display
 .text.startup.main
                0x0000000010000778        0xc CMakeFiles/changeName.dir/changeName.c.obj
                0x0000000010000778                main
 .text._lf_set_default_command_line_options
                0x0000000010000784        0x4 CMakeFiles/changeName.dir/changeName.c.obj
                0x0000000010000784                _lf_set_default_command_line_options
 .text._lf_create_environments
                0x0000000010000788       0x34 CMakeFiles/changeName.dir/changeName.c.obj
                0x0000000010000788                _lf_create_environments
 .text._lf_get_environments
                0x00000000100007bc        0xc CMakeFiles/changeName.dir/changeName.c.obj
                0x00000000100007bc                _lf_get_environments
 .text._lf_initialize_trigger_objects
                0x00000000100007c8      0x208 CMakeFiles/changeName.dir/changeName.c.obj
                0x00000000100007c8                _lf_initialize_trigger_objects
 .text.terminate_execution
                0x00000000100009d0        0x4 CMakeFiles/changeName.dir/changeName.c.obj
                0x00000000100009d0                terminate_execution
 .text.gpio_set_function
                0x00000000100009d4       0x30 CMakeFiles/changeName.dir/home/foobar/pico-sdk/src/rp2_common/hardware_gpio/gpio.c.obj
                0x00000000100009d4                gpio_set_function
 .text.gpio_init
                0x0000000010000a04       0x3c CMakeFiles/changeName.dir/home/foobar/pico-sdk/src/rp2_common/hardware_gpio/gpio.c.obj
                0x0000000010000a04                gpio_init
 .text.running_on_fpga
                0x0000000010000a40       0x10 CMakeFiles/changeName.dir/home/foobar/pico-sdk/src/rp2_common/pico_platform/platform.c.obj
                0x0000000010000a40                running_on_fpga
 .text.hw_claim_or_assert
                0x0000000010000a50       0x44 CMakeFiles/changeName.dir/home/foobar/pico-sdk/src/rp2_common/hardware_claim/claim.c.obj
                0x0000000010000a50                hw_claim_or_assert
 .text.hw_claim_unused_from_range
                0x0000000010000a94       0x9c CMakeFiles/changeName.dir/home/foobar/pico-sdk/src/rp2_common/hardware_claim/claim.c.obj
                0x0000000010000a94                hw_claim_unused_from_range
 .text.spin_locks_reset
                0x0000000010000b30       0x1c CMakeFiles/changeName.dir/home/foobar/pico-sdk/src/rp2_common/hardware_sync/sync.c.obj
                0x0000000010000b30                spin_locks_reset
 .text.next_striped_spin_lock_num
                0x0000000010000b4c       0x18 CMakeFiles/changeName.dir/home/foobar/pico-sdk/src/rp2_common/hardware_sync/sync.c.obj
                0x0000000010000b4c                next_striped_spin_lock_num
 .text.spin_lock_claim_unused
                0x0000000010000b64       0x20 CMakeFiles/changeName.dir/home/foobar/pico-sdk/src/rp2_common/hardware_sync/sync.c.obj
                0x0000000010000b64                spin_lock_claim_unused
 .text.irq_set_enabled
                0x0000000010000b84       0x24 CMakeFiles/changeName.dir/home/foobar/pico-sdk/src/rp2_common/hardware_irq/irq.c.obj
                0x0000000010000b84                irq_set_enabled
 .text.irq_get_vtable_handler
                0x0000000010000ba8       0x10 CMakeFiles/changeName.dir/home/foobar/pico-sdk/src/rp2_common/hardware_irq/irq.c.obj
                0x0000000010000ba8                irq_get_vtable_handler
 .text.irq_set_exclusive_handler
                0x0000000010000bb8       0x54 CMakeFiles/changeName.dir/home/foobar/pico-sdk/src/rp2_common/hardware_irq/irq.c.obj
                0x0000000010000bb8                irq_set_exclusive_handler
 .text.irq_remove_handler
                0x0000000010000c0c      0x1b0 CMakeFiles/changeName.dir/home/foobar/pico-sdk/src/rp2_common/hardware_irq/irq.c.obj
                0x0000000010000c0c                irq_remove_handler
 .text.irq_add_tail_to_free_list
                0x0000000010000dbc       0xb4 CMakeFiles/changeName.dir/home/foobar/pico-sdk/src/rp2_common/hardware_irq/irq.c.obj
                0x0000000010000dbc                irq_add_tail_to_free_list
 .text.irq_init_priorities
                0x0000000010000e70       0x24 CMakeFiles/changeName.dir/home/foobar/pico-sdk/src/rp2_common/hardware_irq/irq.c.obj
                0x0000000010000e70                irq_init_priorities
 .text.sem_init
                0x0000000010000e94       0x20 CMakeFiles/changeName.dir/home/foobar/pico-sdk/src/common/pico_sync/sem.c.obj
                0x0000000010000e94                sem_init
 .text.lock_init
                0x0000000010000eb4       0x10 CMakeFiles/changeName.dir/home/foobar/pico-sdk/src/common/pico_sync/lock_core.c.obj
                0x0000000010000eb4                lock_init
 .text.mutex_init
                0x0000000010000ec4       0x1c CMakeFiles/changeName.dir/home/foobar/pico-sdk/src/common/pico_sync/mutex.c.obj
                0x0000000010000ec4                mutex_init
 .text.recursive_mutex_init
                0x0000000010000ee0       0x1c CMakeFiles/changeName.dir/home/foobar/pico-sdk/src/common/pico_sync/mutex.c.obj
                0x0000000010000ee0                recursive_mutex_init
 .text.critical_section_init
                0x0000000010000efc       0x20 CMakeFiles/changeName.dir/home/foobar/pico-sdk/src/common/pico_sync/critical_section.c.obj
                0x0000000010000efc                critical_section_init
 .text.timer_pool_entry_comparator
                0x0000000010000f1c       0x34 CMakeFiles/changeName.dir/home/foobar/pico-sdk/src/common/pico_time/time.c.obj
                0x0000000010000f1c                timer_pool_entry_comparator
 .text.sleep_until_callback
                0x0000000010000f50       0x30 CMakeFiles/changeName.dir/home/foobar/pico-sdk/src/common/pico_time/time.c.obj
 .text.add_alarm_under_lock.isra.0
                0x0000000010000f80      0x100 CMakeFiles/changeName.dir/home/foobar/pico-sdk/src/common/pico_time/time.c.obj
 .text.alarm_pool_alarm_callback
                0x0000000010001080      0x1bc CMakeFiles/changeName.dir/home/foobar/pico-sdk/src/common/pico_time/time.c.obj
 .text.alarm_pool_init_default
                0x000000001000123c       0x6c CMakeFiles/changeName.dir/home/foobar/pico-sdk/src/common/pico_time/time.c.obj
                0x000000001000123c                alarm_pool_init_default
 .text.alarm_pool_add_alarm_at
                0x00000000100012a8      0x178 CMakeFiles/changeName.dir/home/foobar/pico-sdk/src/common/pico_time/time.c.obj
                0x00000000100012a8                alarm_pool_add_alarm_at
 .text.sleep_until
                0x0000000010001420       0xc4 CMakeFiles/changeName.dir/home/foobar/pico-sdk/src/common/pico_time/time.c.obj
                0x0000000010001420                sleep_until
 .text.sleep_us
                0x00000000100014e4       0x24 CMakeFiles/changeName.dir/home/foobar/pico-sdk/src/common/pico_time/time.c.obj
                0x00000000100014e4                sleep_us
 .text.best_effort_wfe_or_timeout
                0x0000000010001508       0xd4 CMakeFiles/changeName.dir/home/foobar/pico-sdk/src/common/pico_time/time.c.obj
                0x0000000010001508                best_effort_wfe_or_timeout
 .text.hardware_alarm_irq_handler
                0x00000000100015dc       0xbc CMakeFiles/changeName.dir/home/foobar/pico-sdk/src/rp2_common/hardware_timer/timer.c.obj
 .text.hardware_alarm_claim
                0x0000000010001698       0x18 CMakeFiles/changeName.dir/home/foobar/pico-sdk/src/rp2_common/hardware_timer/timer.c.obj
                0x0000000010001698                hardware_alarm_claim
 .text.time_us_64
                0x00000000100016b0       0x14 CMakeFiles/changeName.dir/home/foobar/pico-sdk/src/rp2_common/hardware_timer/timer.c.obj
                0x00000000100016b0                time_us_64
 .text.busy_wait_us
                0x00000000100016c4       0x54 CMakeFiles/changeName.dir/home/foobar/pico-sdk/src/rp2_common/hardware_timer/timer.c.obj
                0x00000000100016c4                busy_wait_us
 .text.busy_wait_until
                0x0000000010001718       0x20 CMakeFiles/changeName.dir/home/foobar/pico-sdk/src/rp2_common/hardware_timer/timer.c.obj
                0x0000000010001718                busy_wait_until
 .text.hardware_alarm_set_callback
                0x0000000010001738       0x8c CMakeFiles/changeName.dir/home/foobar/pico-sdk/src/rp2_common/hardware_timer/timer.c.obj
                0x0000000010001738                hardware_alarm_set_callback
 .text.hardware_alarm_set_target
                0x00000000100017c4       0xd4 CMakeFiles/changeName.dir/home/foobar/pico-sdk/src/rp2_common/hardware_timer/timer.c.obj
                0x00000000100017c4                hardware_alarm_set_target
 .text.hardware_alarm_cancel
                0x0000000010001898       0x3c CMakeFiles/changeName.dir/home/foobar/pico-sdk/src/rp2_common/hardware_timer/timer.c.obj
                0x0000000010001898                hardware_alarm_cancel
 .text.ph_merge_nodes
                0x00000000100018d4       0x68 CMakeFiles/changeName.dir/home/foobar/pico-sdk/src/common/pico_util/pheap.c.obj
 .text.ph_post_alloc_init
                0x000000001000193c       0x3c CMakeFiles/changeName.dir/home/foobar/pico-sdk/src/common/pico_util/pheap.c.obj
                0x000000001000193c                ph_post_alloc_init
 .text.ph_merge_two_pass
                0x0000000010001978       0x90 CMakeFiles/changeName.dir/home/foobar/pico-sdk/src/common/pico_util/pheap.c.obj
                0x0000000010001978                ph_merge_two_pass
 .text.ph_remove_any_head
                0x0000000010001a08      0x100 CMakeFiles/changeName.dir/home/foobar/pico-sdk/src/common/pico_util/pheap.c.obj
 .text.ph_remove_head
                0x0000000010001b08      0x104 CMakeFiles/changeName.dir/home/foobar/pico-sdk/src/common/pico_util/pheap.c.obj
                0x0000000010001b08                ph_remove_head
 .text.ph_remove_and_free_node
                0x0000000010001c0c       0x7c CMakeFiles/changeName.dir/home/foobar/pico-sdk/src/common/pico_util/pheap.c.obj
                0x0000000010001c0c                ph_remove_and_free_node
 .text.uart_init
                0x0000000010001c88      0x188 CMakeFiles/changeName.dir/home/foobar/pico-sdk/src/rp2_common/hardware_uart/uart.c.obj
                0x0000000010001c88                uart_init
 .text.clocks_init
                0x0000000010001e10      0x2d0 CMakeFiles/changeName.dir/home/foobar/pico-sdk/src/rp2_common/hardware_clocks/clocks.c.obj
                0x0000000010001e10                clocks_init
 .text.clock_get_hz
                0x00000000100020e0        0xc CMakeFiles/changeName.dir/home/foobar/pico-sdk/src/rp2_common/hardware_clocks/clocks.c.obj
                0x00000000100020e0                clock_get_hz
 .text.pll_init
                0x00000000100020ec       0xa0 CMakeFiles/changeName.dir/home/foobar/pico-sdk/src/rp2_common/hardware_pll/pll.c.obj
                0x00000000100020ec                pll_init
 .text.watchdog_start_tick
                0x000000001000218c       0x10 CMakeFiles/changeName.dir/home/foobar/pico-sdk/src/rp2_common/hardware_watchdog/watchdog.c.obj
                0x000000001000218c                watchdog_start_tick
 .text.xosc_init
                0x000000001000219c       0x28 CMakeFiles/changeName.dir/home/foobar/pico-sdk/src/rp2_common/hardware_xosc/xosc.c.obj
                0x000000001000219c                xosc_init
 .text.runtime_init
                0x00000000100021c4       0xf0 CMakeFiles/changeName.dir/home/foobar/pico-sdk/src/rp2_common/pico_runtime/runtime.c.obj
                0x00000000100021c4                runtime_init
 .text._exit    0x00000000100022b4        0x4 CMakeFiles/changeName.dir/home/foobar/pico-sdk/src/rp2_common/pico_runtime/runtime.c.obj
                0x00000000100022b4                _exit
 .text._sbrk    0x00000000100022b8       0x34 CMakeFiles/changeName.dir/home/foobar/pico-sdk/src/rp2_common/pico_runtime/runtime.c.obj
                0x00000000100022b8                _sbrk
 .text.exit     0x00000000100022ec        0x8 CMakeFiles/changeName.dir/home/foobar/pico-sdk/src/rp2_common/pico_runtime/runtime.c.obj
                0x00000000100022ec                exit
 .text.__assert_func
                0x00000000100022f4       0x34 CMakeFiles/changeName.dir/home/foobar/pico-sdk/src/rp2_common/pico_runtime/runtime.c.obj
                0x00000000100022f4                __assert_func
 .text.panic    0x0000000010002328       0x30 CMakeFiles/changeName.dir/home/foobar/pico-sdk/src/rp2_common/pico_runtime/runtime.c.obj
                0x0000000010002328                panic
 .text.hard_assertion_failure
                0x0000000010002358        0xc CMakeFiles/changeName.dir/home/foobar/pico-sdk/src/rp2_common/pico_runtime/runtime.c.obj
                0x0000000010002358                hard_assertion_failure
 .text._out_buffer
                0x0000000010002364        0x8 CMakeFiles/changeName.dir/home/foobar/pico-sdk/src/rp2_common/pico_printf/printf.c.obj
 .text._out_null
                0x000000001000236c        0x4 CMakeFiles/changeName.dir/home/foobar/pico-sdk/src/rp2_common/pico_printf/printf.c.obj
 .text._out_rev
                0x0000000010002370       0x9c CMakeFiles/changeName.dir/home/foobar/pico-sdk/src/rp2_common/pico_printf/printf.c.obj
 .text._ntoa_format
                0x000000001000240c      0x1cc CMakeFiles/changeName.dir/home/foobar/pico-sdk/src/rp2_common/pico_printf/printf.c.obj
 .text._out_char
                0x00000000100025d8       0x10 CMakeFiles/changeName.dir/home/foobar/pico-sdk/src/rp2_common/pico_printf/printf.c.obj
 .text._out_fct
                0x00000000100025e8       0x10 CMakeFiles/changeName.dir/home/foobar/pico-sdk/src/rp2_common/pico_printf/printf.c.obj
 .text._etoa    0x00000000100025f8      0x44c CMakeFiles/changeName.dir/home/foobar/pico-sdk/src/rp2_common/pico_printf/printf.c.obj
 .text._ftoa    0x0000000010002a44      0x398 CMakeFiles/changeName.dir/home/foobar/pico-sdk/src/rp2_common/pico_printf/printf.c.obj
 .text._vsnprintf
                0x0000000010002ddc      0xb04 CMakeFiles/changeName.dir/home/foobar/pico-sdk/src/rp2_common/pico_printf/printf.c.obj
 .text.__wrap_snprintf
                0x00000000100038e0       0x28 CMakeFiles/changeName.dir/home/foobar/pico-sdk/src/rp2_common/pico_printf/printf.c.obj
                0x00000000100038e0                __wrap_snprintf
 .text.vfctprintf
                0x0000000010003908       0x20 CMakeFiles/changeName.dir/home/foobar/pico-sdk/src/rp2_common/pico_printf/printf.c.obj
                0x0000000010003908                vfctprintf
 .text.weak_raw_printf
                0x0000000010003928       0x40 CMakeFiles/changeName.dir/home/foobar/pico-sdk/src/rp2_common/pico_printf/printf.c.obj
                0x0000000010003928                weak_raw_printf
 .text.weak_raw_vprintf
                0x0000000010003968       0x30 CMakeFiles/changeName.dir/home/foobar/pico-sdk/src/rp2_common/pico_printf/printf.c.obj
                0x0000000010003968                weak_raw_vprintf
 .text          0x0000000010003998       0x10 CMakeFiles/changeName.dir/home/foobar/pico-sdk/src/rp2_common/pico_bit_ops/bit_ops_aeabi.S.obj
 .text.rom_func_lookup
                0x00000000100039a8       0x10 CMakeFiles/changeName.dir/home/foobar/pico-sdk/src/rp2_common/pico_bootrom/bootrom.c.obj
                0x00000000100039a8                rom_func_lookup
 .text.rom_data_lookup
                0x00000000100039b8       0x10 CMakeFiles/changeName.dir/home/foobar/pico-sdk/src/rp2_common/pico_bootrom/bootrom.c.obj
                0x00000000100039b8                rom_data_lookup
 .text.rom_funcs_lookup
                0x00000000100039c8       0x44 CMakeFiles/changeName.dir/home/foobar/pico-sdk/src/rp2_common/pico_bootrom/bootrom.c.obj
                0x00000000100039c8                rom_funcs_lookup
 .text.__wrap___aeabi_idiv
                0x0000000010003a0c       0x50 CMakeFiles/changeName.dir/home/foobar/pico-sdk/src/rp2_common/pico_divider/divider.S.obj
                0x0000000010003a0c                __wrap___aeabi_idivmod
                0x0000000010003a0c                divmod_s32s32
                0x0000000010003a0c                div_s32s32
                0x0000000010003a0c                __wrap___aeabi_idiv
                0x0000000010003a14                divmod_s32s32_unsafe
                0x0000000010003a40                divmod_s32s32_savestate
 .text.__wrap___aeabi_uidiv
                0x0000000010003a5c       0x4c CMakeFiles/changeName.dir/home/foobar/pico-sdk/src/rp2_common/pico_divider/divider.S.obj
                0x0000000010003a5c                __wrap___aeabi_uidiv
                0x0000000010003a5c                __wrap___aeabi_uidivmod
                0x0000000010003a5c                div_u32u32
                0x0000000010003a5c                divmod_u32u32
                0x0000000010003a64                divmod_u32u32_unsafe
                0x0000000010003a8c                divmod_u32u32_savestate
 .text.__wrap___aeabi_ldiv
                0x0000000010003aa8      0x424 CMakeFiles/changeName.dir/home/foobar/pico-sdk/src/rp2_common/pico_divider/divider.S.obj
                0x0000000010003aa8                div_s64s64
                0x0000000010003aa8                divmod_s64s64
                0x0000000010003aa8                __wrap___aeabi_ldivmod
                0x0000000010003ad8                div_u64u64
                0x0000000010003ad8                divmod_u64u64
                0x0000000010003ad8                __wrap___aeabi_uldivmod
                0x0000000010003ae8                divmod_u64u64_savestate
                0x0000000010003b08                divmod_s64s64_unsafe
                0x0000000010003b90                divmod_u64u64_unsafe
 .text.__wrap___aeabi_darithmetic
                0x0000000010003ecc       0x60 CMakeFiles/changeName.dir/home/foobar/pico-sdk/src/rp2_common/pico_double/double_aeabi.S.obj
                0x0000000010003ecc                __wrap___aeabi_drsub
                0x0000000010003ed2                __wrap___aeabi_dsub
                0x0000000010003edc                __wrap___aeabi_dadd
                0x0000000010003ee6                __wrap___aeabi_ddiv
                0x0000000010003f1a                __wrap___aeabi_dmul
 .text.__wrap___aeabi_cdcmple
                0x0000000010003f2c       0x6c CMakeFiles/changeName.dir/home/foobar/pico-sdk/src/rp2_common/pico_double/double_aeabi.S.obj
                0x0000000010003f2c                __wrap___aeabi_cdrcmple
                0x0000000010003f3c                __wrap___aeabi_cdcmple
                0x0000000010003f3c                __wrap___aeabi_cdcmpeq
 .text.__wrap___aeabi_dcmpeq
                0x0000000010003f98       0x10 CMakeFiles/changeName.dir/home/foobar/pico-sdk/src/rp2_common/pico_double/double_aeabi.S.obj
                0x0000000010003f98                __wrap___aeabi_dcmpeq
 .text.__wrap___aeabi_dcmplt
                0x0000000010003fa8        0xc CMakeFiles/changeName.dir/home/foobar/pico-sdk/src/rp2_common/pico_double/double_aeabi.S.obj
                0x0000000010003fa8                __wrap___aeabi_dcmplt
 .text.__wrap___aeabi_dcmple
                0x0000000010003fb4       0x10 CMakeFiles/changeName.dir/home/foobar/pico-sdk/src/rp2_common/pico_double/double_aeabi.S.obj
                0x0000000010003fb4                __wrap___aeabi_dcmple
 .text.__wrap___aeabi_dcmpge
                0x0000000010003fc4       0x10 CMakeFiles/changeName.dir/home/foobar/pico-sdk/src/rp2_common/pico_double/double_aeabi.S.obj
                0x0000000010003fc4                __wrap___aeabi_dcmpge
 .text.__wrap___aeabi_dcmpgt
                0x0000000010003fd4        0xa CMakeFiles/changeName.dir/home/foobar/pico-sdk/src/rp2_common/pico_double/double_aeabi.S.obj
                0x0000000010003fd4                __wrap___aeabi_dcmpgt
 .text.__wrap___aeabi_dcmpun
                0x0000000010003fde       0x1c CMakeFiles/changeName.dir/home/foobar/pico-sdk/src/rp2_common/pico_double/double_aeabi.S.obj
                0x0000000010003fde                __wrap___aeabi_dcmpun
 *fill*         0x0000000010003ffa        0x2 
 .text.__wrap___aeabi_i2d
                0x0000000010003ffc       0x38 CMakeFiles/changeName.dir/home/foobar/pico-sdk/src/rp2_common/pico_double/double_aeabi.S.obj
                0x0000000010003ffc                __wrap___aeabi_ui2d
                0x0000000010004004                __wrap___aeabi_i2d
 .text.__wrap___aeabi_d2iz
                0x0000000010004034       0x48 CMakeFiles/changeName.dir/home/foobar/pico-sdk/src/rp2_common/pico_double/double_aeabi.S.obj
                0x0000000010004034                __wrap___aeabi_d2iz
                0x0000000010004034                double2int_z
 .text.__wrap___aeabi_d2uiz
                0x000000001000407c       0x10 CMakeFiles/changeName.dir/home/foobar/pico-sdk/src/rp2_common/pico_double/double_aeabi.S.obj
                0x000000001000407c                double2uint
                0x000000001000407c                __wrap___aeabi_d2uiz
 .text.missing_double_func_shim
                0x000000001000408c        0xc CMakeFiles/changeName.dir/home/foobar/pico-sdk/src/rp2_common/pico_double/double_init_rom.c.obj
 .text.__aeabi_double_init
                0x0000000010004098       0x98 CMakeFiles/changeName.dir/home/foobar/pico-sdk/src/rp2_common/pico_double/double_init_rom.c.obj
                0x0000000010004098                __aeabi_double_init
 .text.double_table_shim_on_use_helper
                0x0000000010004130       0x2c CMakeFiles/changeName.dir/home/foobar/pico-sdk/src/rp2_common/pico_double/double_v1_rom_shim.S.obj
                0x0000000010004130                double_table_shim_on_use_helper
 .text.__aeabi_lmul
                0x000000001000415c       0x32 CMakeFiles/changeName.dir/home/foobar/pico-sdk/src/rp2_common/pico_int64_ops/pico_int64_ops_aeabi.S.obj
                0x000000001000415c                __wrap___aeabi_lmul
 *fill*         0x000000001000418e        0x2 
 .text.__wrap___aeabi_farithmetic
                0x0000000010004190       0x48 CMakeFiles/changeName.dir/home/foobar/pico-sdk/src/rp2_common/pico_float/float_aeabi.S.obj
                0x0000000010004190                __wrap___aeabi_frsub
                0x0000000010004196                __wrap___aeabi_fsub
                0x000000001000419c                __wrap___aeabi_fadd
                0x00000000100041a2                __wrap___aeabi_fdiv
                0x00000000100041ca                __wrap___aeabi_fmul
 .text.__wrap___aeabi_cfcmple
                0x00000000100041d8       0x50 CMakeFiles/changeName.dir/home/foobar/pico-sdk/src/rp2_common/pico_float/float_aeabi.S.obj
                0x00000000100041d8                __wrap___aeabi_cfrcmple
                0x00000000100041e4                __wrap___aeabi_cfcmpeq
                0x00000000100041e4                __wrap___aeabi_cfcmple
 .text.__wrap___aeabi_fcmpge
                0x0000000010004228       0x10 CMakeFiles/changeName.dir/home/foobar/pico-sdk/src/rp2_common/pico_float/float_aeabi.S.obj
                0x0000000010004228                __wrap___aeabi_fcmpge
 .text.__wrap___aeabi_ui2f
                0x0000000010004238        0xa CMakeFiles/changeName.dir/home/foobar/pico-sdk/src/rp2_common/pico_float/float_aeabi.S.obj
                0x0000000010004238                __wrap___aeabi_ui2f
 *fill*         0x0000000010004242        0x2 
 .text.__wrap___aeabi_i2f
                0x0000000010004244       0x44 CMakeFiles/changeName.dir/home/foobar/pico-sdk/src/rp2_common/pico_float/float_aeabi.S.obj
                0x0000000010004244                __wrap___aeabi_i2f
 .text.missing_float_func_shim
                0x0000000010004288        0xc CMakeFiles/changeName.dir/home/foobar/pico-sdk/src/rp2_common/pico_float/float_init_rom.c.obj
 .text.__aeabi_float_init
                0x0000000010004294       0x5c CMakeFiles/changeName.dir/home/foobar/pico-sdk/src/rp2_common/pico_float/float_init_rom.c.obj
                0x0000000010004294                __aeabi_float_init
 .text.__wrap_malloc
                0x00000000100042f0       0x3c CMakeFiles/changeName.dir/home/foobar/pico-sdk/src/rp2_common/pico_malloc/pico_malloc.c.obj
                0x00000000100042f0                __wrap_malloc
 .text.__wrap_calloc
                0x000000001000432c       0x40 CMakeFiles/changeName.dir/home/foobar/pico-sdk/src/rp2_common/pico_malloc/pico_malloc.c.obj
                0x000000001000432c                __wrap_calloc
 .text.__wrap_realloc
                0x000000001000436c       0x40 CMakeFiles/changeName.dir/home/foobar/pico-sdk/src/rp2_common/pico_malloc/pico_malloc.c.obj
                0x000000001000436c                __wrap_realloc
 .text.__wrap_free
                0x00000000100043ac       0x20 CMakeFiles/changeName.dir/home/foobar/pico-sdk/src/rp2_common/pico_malloc/pico_malloc.c.obj
                0x00000000100043ac                __wrap_free
 .text          0x00000000100043cc       0x10 CMakeFiles/changeName.dir/home/foobar/pico-sdk/src/rp2_common/pico_mem_ops/mem_ops_aeabi.S.obj
                0x00000000100043cc                __aeabi_mem_init
 .text.memset   0x00000000100043dc        0xc CMakeFiles/changeName.dir/home/foobar/pico-sdk/src/rp2_common/pico_mem_ops/mem_ops_aeabi.S.obj
                0x00000000100043dc                __wrap_memset
 .text.memcpy   0x00000000100043e8        0xc CMakeFiles/changeName.dir/home/foobar/pico-sdk/src/rp2_common/pico_mem_ops/mem_ops_aeabi.S.obj
                0x00000000100043e8                __wrap___aeabi_memcpy
                0x00000000100043e8                __wrap_memcpy
 .text.stdio_out_chars_no_crlf
                0x00000000100043f4       0x10 CMakeFiles/changeName.dir/home/foobar/pico-sdk/src/rp2_common/pico_stdio/stdio.c.obj
 .text.stdio_out_chars_crlf
                0x0000000010004404       0xb4 CMakeFiles/changeName.dir/home/foobar/pico-sdk/src/rp2_common/pico_stdio/stdio.c.obj
 .text.stdio_buffered_printer
                0x00000000100044b8       0x64 CMakeFiles/changeName.dir/home/foobar/pico-sdk/src/rp2_common/pico_stdio/stdio.c.obj
 .text.stdio_put_string.isra.0
                0x000000001000451c       0xfc CMakeFiles/changeName.dir/home/foobar/pico-sdk/src/rp2_common/pico_stdio/stdio.c.obj
 .text.__wrap_putchar
                0x0000000010004618       0x98 CMakeFiles/changeName.dir/home/foobar/pico-sdk/src/rp2_common/pico_stdio/stdio.c.obj
                0x0000000010004618                __wrap_putchar
 .text.__wrap_puts
                0x00000000100046b0       0x3c CMakeFiles/changeName.dir/home/foobar/pico-sdk/src/rp2_common/pico_stdio/stdio.c.obj
                0x00000000100046b0                __wrap_puts
 .text._read    0x00000000100046ec       0x94 CMakeFiles/changeName.dir/home/foobar/pico-sdk/src/rp2_common/pico_stdio/stdio.c.obj
                0x00000000100046ec                _read
 .text._write   0x0000000010004780       0xac CMakeFiles/changeName.dir/home/foobar/pico-sdk/src/rp2_common/pico_stdio/stdio.c.obj
                0x0000000010004780                _write
 .text._close   0x000000001000482c        0x8 CMakeFiles/changeName.dir/home/foobar/pico-sdk/src/rp2_common/pico_stdio/stdio.c.obj
                0x000000001000482c                _close
 .text._lseek   0x0000000010004834        0x8 CMakeFiles/changeName.dir/home/foobar/pico-sdk/src/rp2_common/pico_stdio/stdio.c.obj
                0x0000000010004834                _lseek
 .text._fstat   0x000000001000483c        0x8 CMakeFiles/changeName.dir/home/foobar/pico-sdk/src/rp2_common/pico_stdio/stdio.c.obj
                0x000000001000483c                _fstat
 .text._isatty  0x0000000010004844        0xc CMakeFiles/changeName.dir/home/foobar/pico-sdk/src/rp2_common/pico_stdio/stdio.c.obj
                0x0000000010004844                _isatty
 .text.__wrap_vprintf
                0x0000000010004850       0xd8 CMakeFiles/changeName.dir/home/foobar/pico-sdk/src/rp2_common/pico_stdio/stdio.c.obj
                0x0000000010004850                __wrap_vprintf
 .text.__wrap_printf
                0x0000000010004928       0x18 CMakeFiles/changeName.dir/home/foobar/pico-sdk/src/rp2_common/pico_stdio/stdio.c.obj
                0x0000000010004928                __wrap_printf
 .text.stdio_init_all
                0x0000000010004940        0xc CMakeFiles/changeName.dir/home/foobar/pico-sdk/src/rp2_common/pico_stdio/stdio.c.obj
                0x0000000010004940                stdio_init_all
 .text.stdio_uart_init
                0x000000001000494c        0x4 CMakeFiles/changeName.dir/home/foobar/pico-sdk/src/rp2_common/pico_stdio_uart/stdio_uart.c.obj
                0x000000001000494c                stdio_uart_init
 .text.spi_init
                0x0000000010004950      0x138 CMakeFiles/changeName.dir/home/foobar/pico-sdk/src/rp2_common/hardware_spi/spi.c.obj
                0x0000000010004950                spi_init
 .text.lf_tag_compare
                0x0000000010004a88       0x38 core/libcore.a(tag.c.obj)
                0x0000000010004a88                lf_tag_compare
 .text.lf_time_logical
                0x0000000010004ac0        0x8 core/libcore.a(tag.c.obj)
                0x0000000010004ac0                lf_time_logical
 .text.lf_time_logical_elapsed
                0x0000000010004ac8       0x14 core/libcore.a(tag.c.obj)
                0x0000000010004ac8                lf_time_logical_elapsed
 .text.lf_time_physical
                0x0000000010004adc       0x60 core/libcore.a(tag.c.obj)
                0x0000000010004adc                lf_time_physical
 .text.lf_time_physical_elapsed
                0x0000000010004b3c       0x6c core/libcore.a(tag.c.obj)
                0x0000000010004b3c                lf_time_physical_elapsed
 .text.lf_comma_separated_time
                0x0000000010004ba8      0x274 core/libcore.a(tag.c.obj)
                0x0000000010004ba8                lf_comma_separated_time
 .text._lf_allocate
                0x0000000010004e1c       0x3c core/libcore.a(reactor_common.c.obj)
                0x0000000010004e1c                _lf_allocate
 .text._lf_new_reactor
                0x0000000010004e58       0x40 core/libcore.a(reactor_common.c.obj)
                0x0000000010004e58                _lf_new_reactor
 .text._lf_set_stop_tag
                0x0000000010004e98       0x3c core/libcore.a(reactor_common.c.obj)
                0x0000000010004e98                _lf_set_stop_tag
 .text._lf_start_time_step
                0x0000000010004ed4       0x68 core/libcore.a(reactor_common.c.obj)
                0x0000000010004ed4                _lf_start_time_step
 .text._lf_is_tag_after_stop_tag
                0x0000000010004f3c       0x30 core/libcore.a(reactor_common.c.obj)
                0x0000000010004f3c                _lf_is_tag_after_stop_tag
 .text._lf_initialize_timer
                0x0000000010004f6c       0x88 core/libcore.a(reactor_common.c.obj)
                0x0000000010004f6c                _lf_initialize_timer
 .text._lf_initialize_timers
                0x0000000010004ff4       0x30 core/libcore.a(reactor_common.c.obj)
                0x0000000010004ff4                _lf_initialize_timers
 .text._lf_trigger_startup_reactions
                0x0000000010005024       0x38 core/libcore.a(reactor_common.c.obj)
                0x0000000010005024                _lf_trigger_startup_reactions
 .text._lf_trigger_shutdown_reactions
                0x000000001000505c       0x38 core/libcore.a(reactor_common.c.obj)
                0x000000001000505c                _lf_trigger_shutdown_reactions
 .text._lf_schedule
                0x0000000010005094      0x2c4 core/libcore.a(reactor_common.c.obj)
                0x0000000010005094                _lf_schedule
 .text._lf_pop_events
                0x0000000010005358      0x118 core/libcore.a(reactor_common.c.obj)
                0x0000000010005358                _lf_pop_events
 .text._lf_advance_logical_time
                0x0000000010005470       0x38 core/libcore.a(reactor_common.c.obj)
                0x0000000010005470                _lf_advance_logical_time
 .text._lf_invoke_reaction
                0x00000000100054a8       0x14 core/libcore.a(reactor_common.c.obj)
                0x00000000100054a8                _lf_invoke_reaction
 .text.schedule_output_reactions
                0x00000000100054bc      0x150 core/libcore.a(reactor_common.c.obj)
                0x00000000100054bc                schedule_output_reactions
 .text.usage    0x000000001000560c       0xb0 core/libcore.a(reactor_common.c.obj)
                0x000000001000560c                usage
 .text.process_args
                0x00000000100056bc      0x414 core/libcore.a(reactor_common.c.obj)
                0x00000000100056bc                process_args
 .text.initialize_global
                0x0000000010005ad0       0x24 core/libcore.a(reactor_common.c.obj)
                0x0000000010005ad0                initialize_global
 .text.termination
                0x0000000010005af4      0x194 core/libcore.a(reactor_common.c.obj)
                0x0000000010005af4                termination
 .text._lf_free_token.part.0
                0x0000000010005c88       0xcc core/libcore.a(lf_token.c.obj)
 .text._lf_new_token
                0x0000000010005d54       0xb4 core/libcore.a(lf_token.c.obj)
                0x0000000010005d54                _lf_new_token
 .text._lf_initialize_token_with_value
                0x0000000010005e08       0x80 core/libcore.a(lf_token.c.obj)
                0x0000000010005e08                _lf_initialize_token_with_value
 .text._lf_free_all_tokens
                0x0000000010005e88       0xe0 core/libcore.a(lf_token.c.obj)
                0x0000000010005e88                _lf_free_all_tokens
 .text._lf_replace_template_token
                0x0000000010005f68       0x44 core/libcore.a(lf_token.c.obj)
                0x0000000010005f68                _lf_replace_template_token
 .text._lf_done_using
                0x0000000010005fac       0x2c core/libcore.a(lf_token.c.obj)
                0x0000000010005fac                _lf_done_using
 .text._lf_free_token_copies
                0x0000000010005fd8       0x44 core/libcore.a(lf_token.c.obj)
                0x0000000010005fd8                _lf_free_token_copies
 .text.environment_init_tags
                0x000000001000601c       0x58 core/libcore.a(environment.c.obj)
                0x000000001000601c                environment_init_tags
 .text.environment_free
                0x0000000010006074       0x44 core/libcore.a(environment.c.obj)
                0x0000000010006074                environment_free
 .text.environment_init
                0x00000000100060b8      0x188 core/libcore.a(environment.c.obj)
                0x00000000100060b8                environment_init
 .text._lf_set_present
                0x0000000010006240       0x4c core/libcore.a(reactor.c.obj)
                0x0000000010006240                _lf_set_present
 .text._lf_trigger_reaction
                0x000000001000628c       0x28 core/libcore.a(reactor.c.obj)
                0x000000001000628c                _lf_trigger_reaction
 .text._lf_do_step
                0x00000000100062b4       0xb0 core/libcore.a(reactor.c.obj)
                0x00000000100062b4                _lf_do_step
 .text.next     0x0000000010006364      0x138 core/libcore.a(reactor.c.obj)
                0x0000000010006364                next
 .text.lf_reactor_c_main
                0x000000001000649c       0xf8 core/libcore.a(reactor.c.obj)
                0x000000001000649c                lf_reactor_c_main
 .text.lf_critical_section_enter
                0x0000000010006594        0x8 core/libcore.a(reactor.c.obj)
                0x0000000010006594                lf_critical_section_enter
 .text.lf_critical_section_exit
                0x000000001000659c        0x8 core/libcore.a(reactor.c.obj)
                0x000000001000659c                lf_critical_section_exit
 .text.vector_at
                0x00000000100065a4       0x54 core/libcore.a(vector.c.obj)
                0x00000000100065a4                vector_at
 .text.vector_size
                0x00000000100065f8        0x8 core/libcore.a(vector.c.obj)
                0x00000000100065f8                vector_size
 .text.percolate_down
                0x0000000010006600       0xd8 core/libcore.a(pqueue.c.obj)
 .text.bubble_up.isra.0
                0x00000000100066d8       0x84 core/libcore.a(pqueue.c.obj)
 .text.find_equal_same_priority
                0x000000001000675c       0xa8 core/libcore.a(pqueue.c.obj)
                0x000000001000675c                find_equal_same_priority
 .text.pqueue_init
                0x0000000010006804       0x54 core/libcore.a(pqueue.c.obj)
                0x0000000010006804                pqueue_init
 .text.pqueue_free
                0x0000000010006858       0x14 core/libcore.a(pqueue.c.obj)
                0x0000000010006858                pqueue_free
 .text.pqueue_size
                0x000000001000686c       0x10 core/libcore.a(pqueue.c.obj)
                0x000000001000686c                pqueue_size
 .text.pqueue_find_equal_same_priority
                0x000000001000687c        0xc core/libcore.a(pqueue.c.obj)
                0x000000001000687c                pqueue_find_equal_same_priority
 .text.pqueue_insert
                0x0000000010006888       0x44 core/libcore.a(pqueue.c.obj)
                0x0000000010006888                pqueue_insert
 .text.pqueue_pop
                0x00000000100068cc       0x28 core/libcore.a(pqueue.c.obj)
                0x00000000100068cc                pqueue_pop
 .text.pqueue_peek
                0x00000000100068f4       0x14 core/libcore.a(pqueue.c.obj)
                0x00000000100068f4                pqueue_peek
 .text.in_reverse_order
                0x0000000010006908       0x18 core/libcore.a(pqueue.c.obj)
                0x0000000010006908                in_reverse_order
 .text.in_no_particular_order
                0x0000000010006920        0x4 core/libcore.a(pqueue.c.obj)
                0x0000000010006920                in_no_particular_order
 .text.event_matches
                0x0000000010006924        0xc core/libcore.a(pqueue.c.obj)
                0x0000000010006924                event_matches
 .text.reaction_matches
                0x0000000010006930        0x8 core/libcore.a(pqueue.c.obj)
                0x0000000010006930                reaction_matches
 .text.get_event_time
                0x0000000010006938        0x8 core/libcore.a(pqueue.c.obj)
                0x0000000010006938                get_event_time
 .text.get_reaction_index
                0x0000000010006940        0x8 core/libcore.a(pqueue.c.obj)
                0x0000000010006940                get_reaction_index
 .text.get_event_position
                0x0000000010006948        0x4 core/libcore.a(pqueue.c.obj)
                0x0000000010006948                get_event_position
 .text.get_reaction_position
                0x000000001000694c        0x4 core/libcore.a(pqueue.c.obj)
                0x000000001000694c                get_reaction_position
 .text.set_event_position
                0x0000000010006950        0x4 core/libcore.a(pqueue.c.obj)
                0x0000000010006950                set_event_position
 .text.set_reaction_position
                0x0000000010006954        0x4 core/libcore.a(pqueue.c.obj)
                0x0000000010006954                set_reaction_position
 .text.print_reaction
                0x0000000010006958        0x4 core/libcore.a(pqueue.c.obj)
                0x0000000010006958                print_reaction
 .text.print_event
                0x000000001000695c        0x4 core/libcore.a(pqueue.c.obj)
                0x000000001000695c                print_event
 .text._lf_message_print
                0x0000000010006960       0xc0 core/libcore.a(util.c.obj)
                0x0000000010006960                _lf_message_print
 .text.lf_print
                0x0000000010006a20       0x88 core/libcore.a(util.c.obj)
                0x0000000010006a20                lf_print
 .text.lf_print_error
                0x0000000010006aa8       0x88 core/libcore.a(util.c.obj)
                0x0000000010006aa8                lf_print_error
 .text.lf_print_warning
                0x0000000010006b30       0x88 core/libcore.a(util.c.obj)
                0x0000000010006b30                lf_print_warning
 .text.lf_print_error_and_exit
                0x0000000010006bb8       0x24 core/libcore.a(util.c.obj)
                0x0000000010006bb8                lf_print_error_and_exit
 .text.lf_assert
                0x0000000010006bdc       0x2c core/libcore.a(util.c.obj)
                0x0000000010006bdc                lf_assert
 .text.hashset_num_items
                0x0000000010006c08        0x4 core/libcore.a(hashset.c.obj)
                0x0000000010006c08                hashset_num_items
 .text.hashset_destroy
                0x0000000010006c0c       0x18 core/libcore.a(hashset.c.obj)
                0x0000000010006c0c                hashset_destroy
 .text.hashset_create
                0x0000000010006c24       0x40 core/libcore.a(hashset.c.obj)
                0x0000000010006c24                hashset_create
 .text.hashset_add
                0x0000000010006c64      0x180 core/libcore.a(hashset.c.obj)
                0x0000000010006c64                hashset_add
 .text.hashset_remove
                0x0000000010006de4       0x50 core/libcore.a(hashset.c.obj)
                0x0000000010006de4                hashset_remove
 .text.hashset_iterator
                0x0000000010006e34       0x1c core/libcore.a(hashset_itr.c.obj)
                0x0000000010006e34                hashset_iterator
 .text.hashset_iterator_next
                0x0000000010006e50       0x34 core/libcore.a(hashset_itr.c.obj)
                0x0000000010006e50                hashset_iterator_next
 .text.hashset_iterator_value
                0x0000000010006e84        0xc core/libcore.a(hashset_itr.c.obj)
                0x0000000010006e84                hashset_iterator_value
 .text._lf_initialize_clock
                0x0000000010006e90       0x20 core/libcore.a(lf_rp2040_support.c.obj)
                0x0000000010006e90                _lf_initialize_clock
 .text._lf_clock_now
                0x0000000010006eb0       0x24 core/libcore.a(lf_rp2040_support.c.obj)
                0x0000000010006eb0                _lf_clock_now
 .text._lf_interruptable_sleep_until_locked
                0x0000000010006ed4       0x48 core/libcore.a(lf_rp2040_support.c.obj)
                0x0000000010006ed4                _lf_interruptable_sleep_until_locked
 .text.lf_disable_interrupts_nested
                0x0000000010006f1c       0x3c core/libcore.a(lf_rp2040_support.c.obj)
                0x0000000010006f1c                lf_disable_interrupts_nested
 .text.lf_enable_interrupts_nested
                0x0000000010006f58       0x34 core/libcore.a(lf_rp2040_support.c.obj)
                0x0000000010006f58                lf_enable_interrupts_nested
 .text.color32_0
                0x0000000010006f8c        0x8 robot/librobot.a(display.c.obj)
                0x0000000010006f8c                color32_0
 .text.color32_1
                0x0000000010006f94        0x8 robot/librobot.a(display.c.obj)
                0x0000000010006f94                color32_1
 .text.color32_0_on_1
                0x0000000010006f9c        0x8 robot/librobot.a(display.c.obj)
                0x0000000010006f9c                color32_0_on_1
 .text.color32_1_on_0
                0x0000000010006fa4        0x4 robot/librobot.a(display.c.obj)
                0x0000000010006fa4                color32_1_on_0
 .text.color32_xor
                0x0000000010006fa8        0x8 robot/librobot.a(display.c.obj)
                0x0000000010006fa8                color32_xor
 .text.color32_nop
                0x0000000010006fb0        0x4 robot/librobot.a(display.c.obj)
                0x0000000010006fb0                color32_nop
 .text.color8_0
                0x0000000010006fb4        0x8 robot/librobot.a(display.c.obj)
                0x0000000010006fb4                color8_0
 .text.color8_1
                0x0000000010006fbc        0x8 robot/librobot.a(display.c.obj)
                0x0000000010006fbc                color8_1
 .text.color8_0_on_1
                0x0000000010006fc4        0x8 robot/librobot.a(display.c.obj)
                0x0000000010006fc4                color8_0_on_1
 .text.color8_1_on_0
                0x0000000010006fcc        0x4 robot/librobot.a(display.c.obj)
                0x0000000010006fcc                color8_1_on_0
 .text.color8_xor
                0x0000000010006fd0        0x8 robot/librobot.a(display.c.obj)
                0x0000000010006fd0                color8_xor
 .text.color8_nop
                0x0000000010006fd8        0x4 robot/librobot.a(display.c.obj)
                0x0000000010006fd8                color8_nop
 .text.display_set_font
                0x0000000010006fdc        0xc robot/librobot.a(display.c.obj)
                0x0000000010006fdc                display_set_font
 .text.display_init
                0x0000000010006fe8       0x18 robot/librobot.a(display.c.obj)
                0x0000000010006fe8                display_init
 .text.display_fill
                0x0000000010007000       0x2c robot/librobot.a(display.c.obj)
                0x0000000010007000                display_fill
 .text.display_show_partial
                0x000000001000702c       0xb0 robot/librobot.a(display.c.obj)
                0x000000001000702c                display_show_partial
 .text.display_text
                0x00000000100070dc      0x44c robot/librobot.a(display.c.obj)
                0x00000000100070dc                display_text
 .text.display_fill_rect
                0x0000000010007528      0x15c robot/librobot.a(display.c.obj)
                0x0000000010007528                display_fill_rect
 .text.display_show
                0x0000000010007684       0x28 robot/librobot.a(display.c.obj)
                0x0000000010007684                display_show
 .text.sh1106_transfer_start
                0x00000000100076ac       0x40 robot/librobot.a(sh1106.c.obj)
                0x00000000100076ac                sh1106_transfer_start
 .text.sh1106_transfer_end
                0x00000000100076ec       0x1c robot/librobot.a(sh1106.c.obj)
                0x00000000100076ec                sh1106_transfer_end
 .text.sh1106_write_page
                0x0000000010007708       0x54 robot/librobot.a(sh1106.c.obj)
                0x0000000010007708                sh1106_write_page
 .text.sh1106_clear
                0x000000001000775c       0xa0 robot/librobot.a(sh1106.c.obj)
                0x000000001000775c                sh1106_clear
 .text.sh1106_init
                0x00000000100077fc       0xd0 robot/librobot.a(sh1106.c.obj)
                0x00000000100077fc                sh1106_init
 .text          0x00000000100078cc       0x10 /usr/lib/gcc/arm-none-eabi/10.3.1/../../../arm-none-eabi/lib/thumb/v6-m/nofp/libc.a(lib_a-atexit.o)
                0x00000000100078cc                atexit
 .text          0x00000000100078dc       0x18 /usr/lib/gcc/arm-none-eabi/10.3.1/../../../arm-none-eabi/lib/thumb/v6-m/nofp/libc.a(lib_a-atoi.o)
                0x00000000100078dc                atoi
                0x00000000100078e8                _atoi_r
 .text          0x00000000100078f4       0x18 /usr/lib/gcc/arm-none-eabi/10.3.1/../../../arm-none-eabi/lib/thumb/v6-m/nofp/libc.a(lib_a-atoll.o)
                0x00000000100078f4                atoll
                0x0000000010007900                _atoll_r
 .text          0x000000001000790c       0x18 /usr/lib/gcc/arm-none-eabi/10.3.1/../../../arm-none-eabi/lib/thumb/v6-m/nofp/libc.a(lib_a-calloc.o)
                0x000000001000790c                calloc
 .text          0x0000000010007924       0x5c /usr/lib/gcc/arm-none-eabi/10.3.1/../../../arm-none-eabi/lib/thumb/v6-m/nofp/libc.a(lib_a-callocr.o)
                0x0000000010007924                _calloc_r
 .text          0x0000000010007980       0x28 /usr/lib/gcc/arm-none-eabi/10.3.1/../../../arm-none-eabi/lib/thumb/v6-m/nofp/libc.a(lib_a-malloc.o)
                0x0000000010007980                malloc
                0x0000000010007994                free
 .text          0x00000000100079a8      0x574 /usr/lib/gcc/arm-none-eabi/10.3.1/../../../arm-none-eabi/lib/thumb/v6-m/nofp/libc.a(lib_a-mallocr.o)
                0x00000000100079a8                _malloc_r
 .text          0x0000000010007f1c        0x8 /usr/lib/gcc/arm-none-eabi/10.3.1/../../../arm-none-eabi/lib/thumb/v6-m/nofp/libc.a(lib_a-mlock.o)
                0x0000000010007f1c                __malloc_lock
                0x0000000010007f20                __malloc_unlock
 .text          0x0000000010007f24       0x18 /usr/lib/gcc/arm-none-eabi/10.3.1/../../../arm-none-eabi/lib/thumb/v6-m/nofp/libc.a(lib_a-realloc.o)
                0x0000000010007f24                realloc
 .text          0x0000000010007f3c      0x354 /usr/lib/gcc/arm-none-eabi/10.3.1/../../../arm-none-eabi/lib/thumb/v6-m/nofp/libc.a(lib_a-reallocr.o)
                0x0000000010007f3c                _realloc_r
 .text          0x0000000010008290       0x24 /usr/lib/gcc/arm-none-eabi/10.3.1/../../../arm-none-eabi/lib/thumb/v6-m/nofp/libc.a(lib_a-sbrkr.o)
                0x0000000010008290                _sbrk_r
 .text          0x00000000100082b4       0x88 /usr/lib/gcc/arm-none-eabi/10.3.1/../../../arm-none-eabi/lib/thumb/v6-m/nofp/libc.a(lib_a-strcmp.o)
                0x00000000100082b4                strcmp
 .text          0x000000001000833c       0x10 /usr/lib/gcc/arm-none-eabi/10.3.1/../../../arm-none-eabi/lib/thumb/v6-m/nofp/libc.a(lib_a-strcpy.o)
                0x000000001000833c                strcpy
 .text          0x000000001000834c       0x5c /usr/lib/gcc/arm-none-eabi/10.3.1/../../../arm-none-eabi/lib/thumb/v6-m/nofp/libc.a(lib_a-strlen-stub.o)
                0x000000001000834c                strlen
 .text          0x00000000100083a8       0x74 /usr/lib/gcc/arm-none-eabi/10.3.1/../../../arm-none-eabi/lib/thumb/v6-m/nofp/libc.a(lib_a-strncmp.o)
                0x00000000100083a8                strncmp
 .text          0x000000001000841c      0x1b8 /usr/lib/gcc/arm-none-eabi/10.3.1/../../../arm-none-eabi/lib/thumb/v6-m/nofp/libc.a(lib_a-strtol.o)
                0x0000000010008560                _strtol_r
                0x000000001000857c                strtol_l
                0x00000000100085a8                strtol
 .text          0x00000000100085d4      0x1d0 /usr/lib/gcc/arm-none-eabi/10.3.1/../../../arm-none-eabi/lib/thumb/v6-m/nofp/libc.a(lib_a-strtoll.o)
                0x000000001000876c                _strtoll_r
                0x0000000010008774                strtoll_l
                0x000000001000878c                strtoll
 .text          0x00000000100087a4     0x16e4 /usr/lib/gcc/arm-none-eabi/10.3.1/../../../arm-none-eabi/lib/thumb/v6-m/nofp/libc.a(lib_a-vfprintf.o)
                0x00000000100087a4                _vfprintf_r
                0x0000000010009dfc                vfprintf
 .text          0x0000000010009e88       0xdc /usr/lib/gcc/arm-none-eabi/10.3.1/../../../arm-none-eabi/lib/thumb/v6-m/nofp/libc.a(lib_a-wsetup.o)
                0x0000000010009e88                __swsetup_r
 .text          0x0000000010009f64       0x88 /usr/lib/gcc/arm-none-eabi/10.3.1/../../../arm-none-eabi/lib/thumb/v6-m/nofp/libc.a(lib_a-__atexit.o)
                0x0000000010009f64                __register_exitproc
 .text          0x0000000010009fec     0x1104 /usr/lib/gcc/arm-none-eabi/10.3.1/../../../arm-none-eabi/lib/thumb/v6-m/nofp/libc.a(lib_a-dtoa.o)
                0x000000001000a134                _dtoa_r
 .text          0x000000001000b0f0        0xc /usr/lib/gcc/arm-none-eabi/10.3.1/../../../arm-none-eabi/lib/thumb/v6-m/nofp/libc.a(lib_a-errno.o)
                0x000000001000b0f0                __errno
 .text          0x000000001000b0fc      0x1c0 /usr/lib/gcc/arm-none-eabi/10.3.1/../../../arm-none-eabi/lib/thumb/v6-m/nofp/libc.a(lib_a-fflush.o)
                0x000000001000b0fc                __sflush_r
                0x000000001000b23c                _fflush_r
                0x000000001000b268                fflush
 .text          0x000000001000b2bc      0x248 /usr/lib/gcc/arm-none-eabi/10.3.1/../../../arm-none-eabi/lib/thumb/v6-m/nofp/libc.a(lib_a-findfp.o)
                0x000000001000b2c0                _cleanup_r
                0x000000001000b3bc                __sfmoreglue
                0x000000001000b3ec                __sfp
                0x000000001000b49c                _cleanup
                0x000000001000b4b4                __sinit
                0x000000001000b4c4                __sfp_lock_acquire
                0x000000001000b4c8                __sfp_lock_release
                0x000000001000b4cc                __sinit_lock_acquire
                0x000000001000b4d0                __sinit_lock_release
                0x000000001000b4d4                __fp_lock_all
                0x000000001000b4ec                __fp_unlock_all
 .text          0x000000001000b504      0x260 /usr/lib/gcc/arm-none-eabi/10.3.1/../../../arm-none-eabi/lib/thumb/v6-m/nofp/libc.a(lib_a-freer.o)
                0x000000001000b504                _malloc_trim_r
                0x000000001000b5a0                _free_r
 .text          0x000000001000b764       0x88 /usr/lib/gcc/arm-none-eabi/10.3.1/../../../arm-none-eabi/lib/thumb/v6-m/nofp/libc.a(lib_a-fwalk.o)
                0x000000001000b764                _fwalk
                0x000000001000b7a4                _fwalk_reent
 .text          0x000000001000b7ec       0x14 /usr/lib/gcc/arm-none-eabi/10.3.1/../../../arm-none-eabi/lib/thumb/v6-m/nofp/libc.a(lib_a-localeconv.o)
                0x000000001000b7ec                __localeconv_l
                0x000000001000b7f0                _localeconv_r
                0x000000001000b7f8                localeconv
 .text          0x000000001000b800      0x144 /usr/lib/gcc/arm-none-eabi/10.3.1/../../../arm-none-eabi/lib/thumb/v6-m/nofp/libc.a(lib_a-makebuf.o)
                0x000000001000b800                __smakebuf_r
                0x000000001000b8e4                __swhatbuf_r
 .text          0x000000001000b944      0xafc /usr/lib/gcc/arm-none-eabi/10.3.1/../../../arm-none-eabi/lib/thumb/v6-m/nofp/libc.a(lib_a-mprec.o)
                0x000000001000b944                _Balloc
                0x000000001000b994                _Bfree
                0x000000001000b9a8                __multadd
                0x000000001000ba50                __s2b
                0x000000001000bb00                __hi0bits
                0x000000001000bb38                __lo0bits
                0x000000001000bb94                __i2b
                0x000000001000bbf4                __multiply
                0x000000001000bd98                __pow5mult
                0x000000001000be70                __lshift
                0x000000001000bf6c                __mcmp
                0x000000001000bfa0                __mdiff
                0x000000001000c12c                __ulp
                0x000000001000c174                __b2d
                0x000000001000c23c                __d2b
                0x000000001000c314                __ratio
                0x000000001000c37c                _mprec_log10
                0x000000001000c3b0                __copybits
                0x000000001000c3f0                __any_on
 .text          0x000000001000c440       0xa4 /usr/lib/gcc/arm-none-eabi/10.3.1/../../../arm-none-eabi/lib/thumb/v6-m/nofp/libc.a(lib_a-stdio.o)
                0x000000001000c440                __sread
                0x000000001000c468                __seofread
                0x000000001000c46c                __swrite
                0x000000001000c4ac                __sseek
                0x000000001000c4d8                __sclose
 .text          0x000000001000c4e4      0xdd8 /usr/lib/gcc/arm-none-eabi/10.3.1/../../../arm-none-eabi/lib/thumb/v6-m/nofp/libc.a(lib_a-vfiprintf.o)
                0x000000001000c56c                __sprint_r
                0x000000001000c580                _vfiprintf_r
                0x000000001000d230                vfiprintf
 .text          0x000000001000d2bc       0x28 /usr/lib/gcc/arm-none-eabi/10.3.1/../../../arm-none-eabi/lib/thumb/v6-m/nofp/libc.a(lib_a-writer.o)
                0x000000001000d2bc                _write_r
 .text          0x000000001000d2e4       0x24 /usr/lib/gcc/arm-none-eabi/10.3.1/../../../arm-none-eabi/lib/thumb/v6-m/nofp/libc.a(lib_a-closer.o)
                0x000000001000d2e4                _close_r
 .text          0x000000001000d308       0xe8 /usr/lib/gcc/arm-none-eabi/10.3.1/../../../arm-none-eabi/lib/thumb/v6-m/nofp/libc.a(lib_a-fclose.o)
                0x000000001000d378                _fclose_r
                0x000000001000d3b0                fclose
 .text          0x000000001000d3f0       0xfc /usr/lib/gcc/arm-none-eabi/10.3.1/../../../arm-none-eabi/lib/thumb/v6-m/nofp/libc.a(lib_a-fputwc.o)
                0x000000001000d3f0                __fputwc
                0x000000001000d488                _fputwc_r
                0x000000001000d4a8                fputwc
 .text          0x000000001000d4ec       0x28 /usr/lib/gcc/arm-none-eabi/10.3.1/../../../arm-none-eabi/lib/thumb/v6-m/nofp/libc.a(lib_a-fstatr.o)
                0x000000001000d4ec                _fstat_r
 .text          0x000000001000d514      0x2f4 /usr/lib/gcc/arm-none-eabi/10.3.1/../../../arm-none-eabi/lib/thumb/v6-m/nofp/libc.a(lib_a-fvwrite.o)
                0x000000001000d514                __sfvwrite_r
 .text          0x000000001000d808       0x24 /usr/lib/gcc/arm-none-eabi/10.3.1/../../../arm-none-eabi/lib/thumb/v6-m/nofp/libc.a(lib_a-isattyr.o)
                0x000000001000d808                _isatty_r
 .text          0x000000001000d82c       0x98 /usr/lib/gcc/arm-none-eabi/10.3.1/../../../arm-none-eabi/lib/thumb/v6-m/nofp/libc.a(lib_a-locale.o)
                0x000000001000d82c                _setlocale_r
                0x000000001000d870                __locale_mb_cur_max
                0x000000001000d880                setlocale
 .text          0x000000001000d8c4       0x28 /usr/lib/gcc/arm-none-eabi/10.3.1/../../../arm-none-eabi/lib/thumb/v6-m/nofp/libc.a(lib_a-lseekr.o)
                0x000000001000d8c4                _lseek_r
 .text          0x000000001000d8ec       0x44 /usr/lib/gcc/arm-none-eabi/10.3.1/../../../arm-none-eabi/lib/thumb/v6-m/nofp/libc.a(lib_a-mbtowc_r.o)
                0x000000001000d8ec                _mbtowc_r
                0x000000001000d904                __ascii_mbtowc
 .text          0x000000001000d930       0x28 /usr/lib/gcc/arm-none-eabi/10.3.1/../../../arm-none-eabi/lib/thumb/v6-m/nofp/libc.a(lib_a-readr.o)
                0x000000001000d930                _read_r
 .text          0x000000001000d958       0xe0 /usr/lib/gcc/arm-none-eabi/10.3.1/../../../arm-none-eabi/lib/thumb/v6-m/nofp/libc.a(lib_a-wbuf.o)
                0x000000001000d958                __swbuf_r
                0x000000001000da20                __swbuf
 .text          0x000000001000da38       0x84 /usr/lib/gcc/arm-none-eabi/10.3.1/../../../arm-none-eabi/lib/thumb/v6-m/nofp/libc.a(lib_a-wcrtomb.o)
                0x000000001000da38                _wcrtomb_r
                0x000000001000da78                wcrtomb
 .text          0x000000001000dabc       0x2c /usr/lib/gcc/arm-none-eabi/10.3.1/../../../arm-none-eabi/lib/thumb/v6-m/nofp/libc.a(lib_a-wctomb_r.o)
                0x000000001000dabc                _wctomb_r
                0x000000001000dacc                __ascii_wctomb
 *(.fini)
 .fini          0x000000001000dae8        0x4 /usr/lib/gcc/arm-none-eabi/10.3.1/thumb/v6-m/nofp/crti.o
                0x000000001000dae8                _fini
 *fill*         0x000000001000daec        0x4 
 .fini.__stub   0x000000001000daf0       0xa0 linker stubs
 *crtbegin.o(.ctors)
 *crtbegin?.o(.ctors)
 *(EXCLUDE_FILE(*crtend.o *crtend?.o) .ctors)
 *(SORT_BY_NAME(.ctors.*))
 *(.ctors)
 *crtbegin.o(.dtors)
 *crtbegin?.o(.dtors)
 *(EXCLUDE_FILE(*crtend.o *crtend?.o) .dtors)
 *(SORT_BY_NAME(.dtors.*))
 *(.dtors)
 *(.eh_frame*)
 .eh_frame      0x000000001000db90        0x0 /usr/lib/gcc/arm-none-eabi/10.3.1/thumb/v6-m/nofp/crtbegin.o
                0x000000001000db90                . = ALIGN (0x4)

.glue_7         0x000000001000db90        0x0
 .glue_7        0x000000001000db90        0x0 linker stubs

.glue_7t        0x000000001000db90        0x0
 .glue_7t       0x000000001000db90        0x0 linker stubs

.vfp11_veneer   0x000000001000db90        0x0
 .vfp11_veneer  0x000000001000db90        0x0 linker stubs

.v4_bx          0x000000001000db90        0x0
 .v4_bx         0x000000001000db90        0x0 linker stubs

.iplt           0x000000001000db90        0x0
 .iplt          0x000000001000db90        0x0 /usr/lib/gcc/arm-none-eabi/10.3.1/thumb/v6-m/nofp/crtbegin.o

.rodata         0x000000001000db90     0x3f58
 *(EXCLUDE_FILE(*libm.a: *libc.a:*lib_a-mem*.o *libgcc.a:) .rodata*)
 .rodata._changename_mainreaction_function_1.str1.4
                0x000000001000db90       0x21 CMakeFiles/changeName.dir/_changename_main.c.obj
 *fill*         0x000000001000dbb1        0x3 
 .rodata._changename_mainreaction_function_0.str1.4
                0x000000001000dbb4        0xf CMakeFiles/changeName.dir/_changename_main.c.obj
 *fill*         0x000000001000dbc3        0x1 
 .rodata.new__changename_main.str1.4
                0x000000001000dbc4        0x2 CMakeFiles/changeName.dir/_changename_main.c.obj
 .rodata.new__display.str1.4
                0x000000001000dbc6        0x2 CMakeFiles/changeName.dir/_display.c.obj
 *fill*         0x000000001000dbc6        0x2 
 .rodata.spin_lock_claim_unused.str1.4
                0x000000001000dbc8       0x1b CMakeFiles/changeName.dir/home/foobar/pico-sdk/src/rp2_common/hardware_sync/sync.c.obj
 *fill*         0x000000001000dbe3        0x5 
 .rodata.at_the_end_of_time
                0x000000001000dbe8        0x8 CMakeFiles/changeName.dir/home/foobar/pico-sdk/src/common/pico_time/time.c.obj
                0x000000001000dbe8                at_the_end_of_time
 .rodata.hardware_alarm_claim.str1.4
                0x000000001000dbf0       0x22 CMakeFiles/changeName.dir/home/foobar/pico-sdk/src/rp2_common/hardware_timer/timer.c.obj
 *fill*         0x000000001000dc12        0x2 
 .rodata.__assert_func.str1.4
                0x000000001000dc14       0x3f CMakeFiles/changeName.dir/home/foobar/pico-sdk/src/rp2_common/pico_runtime/runtime.c.obj
                                         0x43 (size before relaxing)
 *fill*         0x000000001000dc53        0x1 
 .rodata.panic.str1.4
                0x000000001000dc54       0x10 CMakeFiles/changeName.dir/home/foobar/pico-sdk/src/rp2_common/pico_runtime/runtime.c.obj
                                         0x12 (size before relaxing)
 .rodata.hard_assertion_failure.str1.4
                0x000000001000dc64        0xc CMakeFiles/changeName.dir/home/foobar/pico-sdk/src/rp2_common/pico_runtime/runtime.c.obj
 .rodata._ftoa.str1.4
                0x000000001000dc70       0x15 CMakeFiles/changeName.dir/home/foobar/pico-sdk/src/rp2_common/pico_printf/printf.c.obj
 *fill*         0x000000001000dc85        0x3 
 .rodata._vsnprintf
                0x000000001000dc88      0x1e0 CMakeFiles/changeName.dir/home/foobar/pico-sdk/src/rp2_common/pico_printf/printf.c.obj
 .rodata.pow10.0
                0x000000001000de68       0x50 CMakeFiles/changeName.dir/home/foobar/pico-sdk/src/rp2_common/pico_printf/printf.c.obj
 .rodata.missing_double_func_shim.str1.4
                0x000000001000deb8       0x18 CMakeFiles/changeName.dir/home/foobar/pico-sdk/src/rp2_common/pico_double/double_init_rom.c.obj
 .rodata.missing_float_func_shim.str1.4
                0x000000001000ded0        0x1 CMakeFiles/changeName.dir/home/foobar/pico-sdk/src/rp2_common/pico_float/float_init_rom.c.obj
 .rodata.__wrap_malloc.str1.4
                0x000000001000ded0        0xe CMakeFiles/changeName.dir/home/foobar/pico-sdk/src/rp2_common/pico_malloc/pico_malloc.c.obj
 *fill*         0x000000001000dede        0x2 
 .rodata.str1.4
                0x000000001000dee0       0x50 CMakeFiles/changeName.dir/home/foobar/pico-sdk/src/rp2_common/pico_standard_link/binary_info.c.obj
 .rodata.__bi_44
                0x000000001000df30        0xc CMakeFiles/changeName.dir/home/foobar/pico-sdk/src/rp2_common/pico_standard_link/binary_info.c.obj
 .rodata.__bi_75
                0x000000001000df3c        0xc CMakeFiles/changeName.dir/home/foobar/pico-sdk/src/rp2_common/pico_standard_link/binary_info.c.obj
 .rodata.__bi_81
                0x000000001000df48        0xc CMakeFiles/changeName.dir/home/foobar/pico-sdk/src/rp2_common/pico_standard_link/binary_info.c.obj
 .rodata.crlf_str.0
                0x000000001000df54        0x2 CMakeFiles/changeName.dir/home/foobar/pico-sdk/src/rp2_common/pico_stdio/stdio.c.obj
 *fill*         0x000000001000df56        0x2 
 .rodata._lf_physical_time.str1.4
                0x000000001000df58       0x23 core/libcore.a(tag.c.obj)
 *fill*         0x000000001000df7b        0x1 
 .rodata.lf_comma_separated_time.str1.4
                0x000000001000df7c       0x14 core/libcore.a(tag.c.obj)
                                         0x18 (size before relaxing)
 .rodata._lf_allocate.str1.4
                0x000000001000df90        0xf core/libcore.a(reactor_common.c.obj)
 *fill*         0x000000001000df9f        0x1 
 .rodata._lf_schedule.str1.4
                0x000000001000dfa0       0x6f core/libcore.a(reactor_common.c.obj)
 *fill*         0x000000001000e00f        0x1 
 .rodata._lf_advance_logical_time.str1.4
                0x000000001000e010       0x40 core/libcore.a(reactor_common.c.obj)
 .rodata.usage.str1.4
                0x000000001000e050      0x248 core/libcore.a(reactor_common.c.obj)
                                        0x24a (size before relaxing)
 .rodata.process_args.str1.4
                0x000000001000e298      0x1c3 core/libcore.a(reactor_common.c.obj)
 *fill*         0x000000001000e45b        0x1 
 .rodata.termination.str1.4
                0x000000001000e45c      0x1ce core/libcore.a(reactor_common.c.obj)
 *fill*         0x000000001000e62a        0x2 
 .rodata._lf_free_token.part.0.str1.4
                0x000000001000e62c       0xbd core/libcore.a(lf_token.c.obj)
 *fill*         0x000000001000e6e9        0x3 
 .rodata._lf_get_token.str1.4
                0x000000001000e6ec       0x32 core/libcore.a(lf_token.c.obj)
 .rodata.environment_init.str1.4
                0x000000001000e71e        0xe core/libcore.a(environment.c.obj)
 *fill*         0x000000001000e71e        0x2 
 .rodata        0x000000001000e720       0x10 core/libcore.a(environment.c.obj)
 .rodata._lf_trigger_reaction.str1.4
                0x000000001000e730       0x2a core/libcore.a(reactor.c.obj)
 .rodata.next.str1.4
                0x000000001000e75a       0x45 core/libcore.a(reactor.c.obj)
 *fill*         0x000000001000e75a        0x2 
 .rodata.lf_reactor_c_main.str1.4
                0x000000001000e75c       0x72 core/libcore.a(reactor.c.obj)
 *fill*         0x000000001000e7ce        0x2 
 .rodata        0x000000001000e7d0       0x10 core/libcore.a(reactor.c.obj)
 .rodata.find_equal_same_priority.str1.4
                0x000000001000e7e0       0x3d core/libcore.a(pqueue.c.obj)
 *fill*         0x000000001000e81d        0x3 
 .rodata._lf_message_print.str1.4
                0x000000001000e820       0x1b core/libcore.a(util.c.obj)
 .rodata.lf_print.str1.4
                0x000000001000e83b        0x1 core/libcore.a(util.c.obj)
 *fill*         0x000000001000e83b        0x1 
 .rodata.lf_print_error.str1.4
                0x000000001000e83c        0x8 core/libcore.a(util.c.obj)
 .rodata.lf_print_warning.str1.4
                0x000000001000e844        0xa core/libcore.a(util.c.obj)
 *fill*         0x000000001000e84e        0x2 
 .rodata.lf_print_error_and_exit.str1.4
                0x000000001000e850        0xe core/libcore.a(util.c.obj)
 *fill*         0x000000001000e85e        0x2 
 .rodata.checkerboard
                0x000000001000e860       0x10 robot/librobot.a(display.c.obj)
                0x000000001000e860                checkerboard
 .rodata.font_8x8
                0x000000001000e870     0x10a8 robot/librobot.a(font_8x8.c.obj)
                0x000000001000e870                font_8x8
 .rodata.font_8x16
                0x000000001000f918     0x1bb8 robot/librobot.a(font_8x16.c.obj)
                0x000000001000f918                font_8x16
 .rodata.sh1106_configure_default.str1.4
                0x00000000100114d0        0x7 robot/librobot.a(sh1106.c.obj)
 *fill*         0x00000000100114d7        0x1 
 .rodata        0x00000000100114d8        0x4 /usr/lib/gcc/arm-none-eabi/10.3.1/../../../arm-none-eabi/lib/thumb/v6-m/nofp/libc.a(lib_a-impure.o)
                0x00000000100114d8                _global_impure_ptr
 .rodata.str1.4
                0x00000000100114dc       0x3b /usr/lib/gcc/arm-none-eabi/10.3.1/../../../arm-none-eabi/lib/thumb/v6-m/nofp/libc.a(lib_a-vfprintf.o)
                                         0x42 (size before relaxing)
 *fill*         0x0000000010011517        0x1 
 .rodata        0x0000000010011518      0x184 /usr/lib/gcc/arm-none-eabi/10.3.1/../../../arm-none-eabi/lib/thumb/v6-m/nofp/libc.a(lib_a-vfprintf.o)
 .rodata        0x000000001001169c      0x101 /usr/lib/gcc/arm-none-eabi/10.3.1/../../../arm-none-eabi/lib/thumb/v6-m/nofp/libc.a(lib_a-ctype_.o)
                0x000000001001169c                _ctype_
 *fill*         0x000000001001179d        0x3 
 .rodata.str1.4
                0x00000000100117a0       0x56 /usr/lib/gcc/arm-none-eabi/10.3.1/../../../arm-none-eabi/lib/thumb/v6-m/nofp/libc.a(lib_a-dtoa.o)
                                         0x5a (size before relaxing)
 *fill*         0x00000000100117f6        0x2 
 .rodata.str1.4
                0x00000000100117f8       0x33 /usr/lib/gcc/arm-none-eabi/10.3.1/../../../arm-none-eabi/lib/thumb/v6-m/nofp/libc.a(lib_a-mprec.o)
                                         0x47 (size before relaxing)
 *fill*         0x000000001001182b        0x5 
 .rodata        0x0000000010011830      0x128 /usr/lib/gcc/arm-none-eabi/10.3.1/../../../arm-none-eabi/lib/thumb/v6-m/nofp/libc.a(lib_a-mprec.o)
                0x0000000010011840                __mprec_tinytens
                0x0000000010011868                __mprec_bigtens
                0x0000000010011890                __mprec_tens
 .rodata.str1.4
                0x0000000010011958       0x2f /usr/lib/gcc/arm-none-eabi/10.3.1/../../../arm-none-eabi/lib/thumb/v6-m/nofp/libc.a(lib_a-vfiprintf.o)
 .rodata        0x0000000010011958      0x184 /usr/lib/gcc/arm-none-eabi/10.3.1/../../../arm-none-eabi/lib/thumb/v6-m/nofp/libc.a(lib_a-vfiprintf.o)
 .rodata.str1.4
                0x0000000010011adc        0xa /usr/lib/gcc/arm-none-eabi/10.3.1/../../../arm-none-eabi/lib/thumb/v6-m/nofp/libc.a(lib_a-locale.o)
                                         0x12 (size before relaxing)
                0x0000000010011ae8                . = ALIGN (0x4)
 *fill*         0x0000000010011ae6        0x2 
 *(SORT_BY_ALIGNMENT(SORT_BY_NAME(.flashdata*)))
                0x0000000010011ae8                . = ALIGN (0x4)

.ARM.extab
 *(.ARM.extab* .gnu.linkonce.armextab.*)
                0x0000000010011ae8                __exidx_start = .

.ARM.exidx
 *(.ARM.exidx* .gnu.linkonce.armexidx.*)
                0x0000000010011ae8                __exidx_end = .
                0x0000000010011ae8                . = ALIGN (0x4)
                0x0000000010011ae8                __binary_info_start = .

.binary_info    0x0000000010011ae8       0x1c
 *(.binary_info.keep.*)
 .binary_info.keep.__bi_ptr22
                0x0000000010011ae8        0x4 CMakeFiles/changeName.dir/home/foobar/pico-sdk/src/rp2_common/pico_standard_link/binary_info.c.obj
 .binary_info.keep.__bi_ptr30
                0x0000000010011aec        0x4 CMakeFiles/changeName.dir/home/foobar/pico-sdk/src/rp2_common/pico_standard_link/binary_info.c.obj
 .binary_info.keep.__bi_ptr38
                0x0000000010011af0        0x4 CMakeFiles/changeName.dir/home/foobar/pico-sdk/src/rp2_common/pico_standard_link/binary_info.c.obj
 .binary_info.keep.__bi_ptr44
                0x0000000010011af4        0x4 CMakeFiles/changeName.dir/home/foobar/pico-sdk/src/rp2_common/pico_standard_link/binary_info.c.obj
 .binary_info.keep.__bi_ptr50
                0x0000000010011af8        0x4 CMakeFiles/changeName.dir/home/foobar/pico-sdk/src/rp2_common/pico_standard_link/binary_info.c.obj
 .binary_info.keep.__bi_ptr75
                0x0000000010011afc        0x4 CMakeFiles/changeName.dir/home/foobar/pico-sdk/src/rp2_common/pico_standard_link/binary_info.c.obj
 .binary_info.keep.__bi_ptr81
                0x0000000010011b00        0x4 CMakeFiles/changeName.dir/home/foobar/pico-sdk/src/rp2_common/pico_standard_link/binary_info.c.obj
 *(.binary_info.*)
                0x0000000010011b04                __binary_info_end = .

.rel.dyn        0x0000000010011b04        0x0
 .rel.iplt      0x0000000010011b04        0x0 /usr/lib/gcc/arm-none-eabi/10.3.1/thumb/v6-m/nofp/crtbegin.o
                0x0000000010011b04                . = ALIGN (0x4)

.ram_vector_table
                0x0000000020000000       0xc0
 *(.ram_vector_table)
 .ram_vector_table
                0x0000000020000000       0xc0 CMakeFiles/changeName.dir/home/foobar/pico-sdk/src/rp2_common/pico_runtime/runtime.c.obj
                0x0000000020000000                ram_vector_table

.data           0x00000000200000c0      0xe08 load address 0x0000000010011b04
                0x00000000200000c0                __data_start__ = .
 *(vtable)
 *(.time_critical*)
 .time_critical.sem_acquire_block_until
                0x00000000200000c0       0x68 CMakeFiles/changeName.dir/home/foobar/pico-sdk/src/common/pico_sync/sem.c.obj
                0x00000000200000c0                sem_acquire_block_until
 .time_critical.sem_reset
                0x0000000020000128       0x40 CMakeFiles/changeName.dir/home/foobar/pico-sdk/src/common/pico_sync/sem.c.obj
                0x0000000020000128                sem_reset
 .time_critical.mutex_enter_blocking
                0x0000000020000168       0x48 CMakeFiles/changeName.dir/home/foobar/pico-sdk/src/common/pico_sync/mutex.c.obj
                0x0000000020000168                mutex_enter_blocking
 .time_critical.mutex_try_enter_block_until
                0x00000000200001b0       0x9c CMakeFiles/changeName.dir/home/foobar/pico-sdk/src/common/pico_sync/mutex.c.obj
                0x00000000200001b0                mutex_try_enter_block_until
 .time_critical.mutex_exit
                0x000000002000024c       0x28 CMakeFiles/changeName.dir/home/foobar/pico-sdk/src/common/pico_sync/mutex.c.obj
                0x000000002000024c                mutex_exit
 .time_critical.spi_write_blocking
                0x0000000020000274       0x4c CMakeFiles/changeName.dir/home/foobar/pico-sdk/src/rp2_common/hardware_spi/spi.c.obj
                0x0000000020000274                spi_write_blocking
 *(.text*)
 .text          0x00000000200002c0        0x4 /usr/lib/gcc/arm-none-eabi/10.3.1/thumb/v6-m/nofp/libgcc.a(_dvmd_tls.o)
                0x00000000200002c0                __aeabi_ldiv0
                0x00000000200002c0                __aeabi_idiv0
 .text          0x00000000200002c4       0x74 /usr/lib/gcc/arm-none-eabi/10.3.1/../../../arm-none-eabi/lib/thumb/v6-m/nofp/libc.a(lib_a-memchr-stub.o)
                0x00000000200002c4                memchr
 .text          0x0000000020000338       0xac /usr/lib/gcc/arm-none-eabi/10.3.1/../../../arm-none-eabi/lib/thumb/v6-m/nofp/libc.a(lib_a-memmove.o)
                0x0000000020000338                memmove
 *fill*         0x00000000200003e4        0x4 
 .text.__stub   0x00000000200003e8       0x10 linker stubs
                0x00000000200003f8                . = ALIGN (0x4)
 *(.rodata*)
                0x00000000200003f8                . = ALIGN (0x4)
 *(.data*)
 .data.striped_spin_lock_num
                0x00000000200003f8        0x1 CMakeFiles/changeName.dir/home/foobar/pico-sdk/src/rp2_common/hardware_sync/sync.c.obj
 *fill*         0x00000000200003f9        0x3 
 .data          0x00000000200003fc       0x48 CMakeFiles/changeName.dir/home/foobar/pico-sdk/src/rp2_common/hardware_irq/irq_handler_chain.S.obj
                0x00000000200003fc                irq_handler_chain_slots
                0x000000002000042c                irq_handler_chain_first_slot
                0x0000000020000436                irq_handler_chain_remove_tail
 .data.default_alarm_pool
                0x0000000020000444       0x18 CMakeFiles/changeName.dir/home/foobar/pico-sdk/src/common/pico_time/time.c.obj
 .data.default_alarm_pool_heap
                0x000000002000045c       0x10 CMakeFiles/changeName.dir/home/foobar/pico-sdk/src/common/pico_time/time.c.obj
 *fill*         0x000000002000046c        0x4 
 .data.aeabi_bits_funcs
                0x0000000020000470       0x10 CMakeFiles/changeName.dir/home/foobar/pico-sdk/src/rp2_common/pico_bit_ops/bit_ops_aeabi.S.obj
                0x0000000020000470                aeabi_bits_funcs
                0x0000000020000480                aeabi_bits_funcs_end
 .data.aeabi_mem_funcs
                0x0000000020000480       0x10 CMakeFiles/changeName.dir/home/foobar/pico-sdk/src/rp2_common/pico_mem_ops/mem_ops_aeabi.S.obj
                0x0000000020000480                aeabi_mem_funcs
                0x0000000020000490                aeabi_mem_funcs_end
 .data._lf_last_reported_unadjusted_physical_time_ns
                0x0000000020000490        0x8 core/libcore.a(tag.c.obj)
                0x0000000020000490                _lf_last_reported_unadjusted_physical_time_ns
 .data.start_time
                0x0000000020000498        0x8 core/libcore.a(tag.c.obj)
                0x0000000020000498                start_time
 .data.duration
                0x00000000200004a0        0x8 core/libcore.a(reactor_common.c.obj)
                0x00000000200004a0                duration
 .data._lf_my_fed_id
                0x00000000200004a8        0x4 core/libcore.a(util.c.obj)
                0x00000000200004a8                _lf_my_fed_id
 .data.print_message_level
                0x00000000200004ac        0x4 core/libcore.a(util.c.obj)
                0x00000000200004ac                print_message_level
 .data.color32_funcs
                0x00000000200004b0       0x20 robot/librobot.a(display.c.obj)
                0x00000000200004b0                color32_funcs
 .data.color8_funcs
                0x00000000200004d0       0x20 robot/librobot.a(display.c.obj)
                0x00000000200004d0                color8_funcs
 .data.display_font
                0x00000000200004f0        0x4 robot/librobot.a(display.c.obj)
                0x00000000200004f0                display_font
 *fill*         0x00000000200004f4        0x4 
 .data          0x00000000200004f8      0x430 /usr/lib/gcc/arm-none-eabi/10.3.1/../../../arm-none-eabi/lib/thumb/v6-m/nofp/libc.a(lib_a-impure.o)
                0x00000000200004f8                _impure_ptr
 .data          0x0000000020000928      0x410 /usr/lib/gcc/arm-none-eabi/10.3.1/../../../arm-none-eabi/lib/thumb/v6-m/nofp/libc.a(lib_a-mallocr.o)
                0x0000000020000928                __malloc_sbrk_base
                0x000000002000092c                __malloc_trim_threshold
                0x0000000020000930                __malloc_av_
 .data          0x0000000020000d38      0x16c /usr/lib/gcc/arm-none-eabi/10.3.1/../../../arm-none-eabi/lib/thumb/v6-m/nofp/libc.a(lib_a-locale.o)
                0x0000000020000d38                __global_locale
                0x0000000020000ea4                . = ALIGN (0x4)
 *(.after_data.*)
                0x0000000020000ea4                . = ALIGN (0x4)
                0x0000000020000ea4                PROVIDE (__mutex_array_start = .)
 *(SORT_BY_NAME(.mutex_array.*))
 *(.mutex_array)
 .mutex_array   0x0000000020000ea4        0x8 CMakeFiles/changeName.dir/home/foobar/pico-sdk/src/rp2_common/pico_malloc/pico_malloc.c.obj
 .mutex_array   0x0000000020000eac        0x8 CMakeFiles/changeName.dir/home/foobar/pico-sdk/src/rp2_common/pico_stdio/stdio.c.obj
                0x0000000020000eb4                PROVIDE (__mutex_array_end = .)
                0x0000000020000eb4                . = ALIGN (0x4)
                0x0000000020000eb4                PROVIDE (__preinit_array_start = .)
 *(SORT_BY_NAME(.preinit_array.*))
 .preinit_array.00001
                0x0000000020000eb4        0x4 CMakeFiles/changeName.dir/home/foobar/pico-sdk/src/rp2_common/pico_mem_ops/mem_ops_aeabi.S.obj
 .preinit_array.00010
                0x0000000020000eb8        0x4 CMakeFiles/changeName.dir/home/foobar/pico-sdk/src/rp2_common/pico_bit_ops/bit_ops_aeabi.S.obj
 .preinit_array.00020
                0x0000000020000ebc        0x4 CMakeFiles/changeName.dir/home/foobar/pico-sdk/src/rp2_common/pico_double/double_aeabi.S.obj
 .preinit_array.00020
                0x0000000020000ec0        0x4 CMakeFiles/changeName.dir/home/foobar/pico-sdk/src/rp2_common/pico_float/float_aeabi.S.obj
 *(.preinit_array)
                0x0000000020000ec4                PROVIDE (__preinit_array_end = .)
                0x0000000020000ec4                . = ALIGN (0x4)
                0x0000000020000ec4                PROVIDE (__init_array_start = .)
 *(SORT_BY_NAME(.init_array.*))
 *(.init_array)
 .init_array    0x0000000020000ec4        0x4 /usr/lib/gcc/arm-none-eabi/10.3.1/thumb/v6-m/nofp/crtbegin.o
                0x0000000020000ec8                PROVIDE (__init_array_end = .)
                0x0000000020000ec8                . = ALIGN (0x4)
                0x0000000020000ec8                PROVIDE (__fini_array_start = .)
 *(SORT_BY_NAME(.fini_array.*))
 *(.fini_array)
                0x0000000020000ec8                PROVIDE (__fini_array_end = .)
 *(.jcr)
                0x0000000020000ec8                . = ALIGN (0x4)
                0x0000000020000ec8                __data_end__ = .
                0x0000000010011b04                __etext = LOADADDR (.data)

.tm_clone_table
                0x0000000020000ec8        0x0 load address 0x000000001001290c
 .tm_clone_table
                0x0000000020000ec8        0x0 /usr/lib/gcc/arm-none-eabi/10.3.1/thumb/v6-m/nofp/crtbegin.o
 .tm_clone_table
                0x0000000020000ec8        0x0 /usr/lib/gcc/arm-none-eabi/10.3.1/thumb/v6-m/nofp/crtend.o

.igot.plt       0x0000000020000ec8        0x0 load address 0x000000001001290c
 .igot.plt      0x0000000020000ec8        0x0 /usr/lib/gcc/arm-none-eabi/10.3.1/thumb/v6-m/nofp/crtbegin.o

.uninitialized_data
                0x0000000020000ec8        0x0 load address 0x000000001001290c
                0x0000000020000ec8                . = ALIGN (0x4)
 *(.uninitialized_data*)

.scratch_x      0x0000000020040000        0x0 load address 0x000000001001290c
                0x0000000020040000                __scratch_x_start__ = .
 *(.scratch_x.*)
                0x0000000020040000                . = ALIGN (0x4)
                0x0000000020040000                __scratch_x_end__ = .
                0x000000001001290c                __scratch_x_source__ = LOADADDR (.scratch_x)

.scratch_y      0x0000000020041000        0x0 load address 0x000000001001290c
                0x0000000020041000                __scratch_y_start__ = .
 *(.scratch_y.*)
                0x0000000020041000                . = ALIGN (0x4)
                0x0000000020041000                __scratch_y_end__ = .
                0x000000001001290c                __scratch_y_source__ = LOADADDR (.scratch_y)

.bss            0x0000000020000ec8      0xa48
                0x0000000020000ec8                . = ALIGN (0x4)
                0x0000000020000ec8                __bss_start__ = .
 *(SORT_BY_ALIGNMENT(SORT_BY_NAME(.bss*)))
 .bss._lf_last_reported_physical_time_ns
                0x0000000020000ec8        0x8 core/libcore.a(tag.c.obj)
                0x0000000020000ec8                _lf_last_reported_physical_time_ns
 .bss._lf_time_physical_clock_offset
                0x0000000020000ed0        0x8 core/libcore.a(tag.c.obj)
                0x0000000020000ed0                _lf_time_physical_clock_offset
 .bss._lf_time_test_physical_clock_offset
                0x0000000020000ed8        0x8 core/libcore.a(tag.c.obj)
                0x0000000020000ed8                _lf_time_test_physical_clock_offset
 .bss.default_alarm_pool_entries
                0x0000000020000ee0      0x100 CMakeFiles/changeName.dir/home/foobar/pico-sdk/src/common/pico_time/time.c.obj
 .bss.envs      0x0000000020000fe0       0x88 CMakeFiles/changeName.dir/changeName.c.obj
                0x0000000020000fe0                envs
 .bss.sd_table  0x0000000020001068      0x100 CMakeFiles/changeName.dir/home/foobar/pico-sdk/src/rp2_common/pico_double/double_init_rom.c.obj
                0x0000000020001068                sd_table
 .bss           0x0000000020001168       0x1c /usr/lib/gcc/arm-none-eabi/10.3.1/thumb/v6-m/nofp/crtbegin.o
 .bss           0x0000000020001184       0x34 /usr/lib/gcc/arm-none-eabi/10.3.1/../../../arm-none-eabi/lib/thumb/v6-m/nofp/libc.a(lib_a-mallocr.o)
                0x0000000020001184                __malloc_top_pad
                0x0000000020001188                __malloc_current_mallinfo
                0x00000000200011b0                __malloc_max_sbrked_mem
                0x00000000200011b4                __malloc_max_total_mem
 .bss           0x00000000200011b8        0x4 /usr/lib/gcc/arm-none-eabi/10.3.1/../../../arm-none-eabi/lib/thumb/v6-m/nofp/libc.a(lib_a-reent.o)
                0x00000000200011b8                errno
 .bss._initial.0
                0x00000000200011bc       0x64 CMakeFiles/changeName.dir/changeName.c.obj
 .bss._initial.1
                0x0000000020001220       0x64 CMakeFiles/changeName.dir/changeName.c.obj
 .bss._lf_count_payload_allocations
                0x0000000020001284        0x4 core/libcore.a(lf_token.c.obj)
                0x0000000020001284                _lf_count_payload_allocations
 .bss._lf_count_token_allocations
                0x0000000020001288        0x4 core/libcore.a(lf_token.c.obj)
                0x0000000020001288                _lf_count_token_allocations
 .bss._lf_crit_sec
                0x000000002000128c        0x8 core/libcore.a(lf_rp2040_support.c.obj)
 .bss._lf_num_nested_crit_sec
                0x0000000020001294        0x4 core/libcore.a(lf_rp2040_support.c.obj)
 .bss._lf_number_of_workers
                0x0000000020001298        0x4 core/libcore.a(reactor_common.c.obj)
                0x0000000020001298                _lf_number_of_workers
 .bss._lf_reactors_to_free
                0x000000002000129c        0x4 core/libcore.a(reactor_common.c.obj)
                0x000000002000129c                _lf_reactors_to_free
 .bss._lf_sem_irq_event
                0x00000000200012a0        0x8 core/libcore.a(lf_rp2040_support.c.obj)
 .bss._lf_token_recycling_bin
                0x00000000200012a8        0x4 core/libcore.a(lf_token.c.obj)
 .bss._lf_token_templates
                0x00000000200012ac        0x4 core/libcore.a(lf_token.c.obj)
 .bss._lf_tokens_allocated_in_reactions
                0x00000000200012b0        0x4 core/libcore.a(lf_token.c.obj)
                0x00000000200012b0                _lf_tokens_allocated_in_reactions
 .bss.alarm_callbacks
                0x00000000200012b4       0x10 CMakeFiles/changeName.dir/home/foobar/pico-sdk/src/rp2_common/hardware_timer/timer.c.obj
 .bss.buf_received.0
                0x00000000200012c4       0x11 CMakeFiles/changeName.dir/_changename_main.c.obj
 *fill*         0x00000000200012d5        0x3 
 .bss.buf_sent.1
                0x00000000200012d8       0x11 CMakeFiles/changeName.dir/_changename_main.c.obj
 *fill*         0x00000000200012e9        0x3 
 .bss.claimed   0x00000000200012ec        0x4 CMakeFiles/changeName.dir/home/foobar/pico-sdk/src/rp2_common/hardware_sync/sync.c.obj
 .bss.configured_freq